2025-03-14 09:05:37.221 [info] [main] Log level: Info
2025-03-14 09:05:37.221 [info] [main] Validating found git in: "git"
2025-03-14 09:05:37.221 [info] [main] Using git "2.43.0" from "git"
2025-03-14 09:05:37.221 [info] [Model][doInitialScan] Initial repository scan started
2025-03-14 09:05:37.221 [info] > git rev-parse --show-toplevel [2ms]
2025-03-14 09:05:37.221 [info] > git rev-parse --git-dir --git-common-dir [3ms]
2025-03-14 09:05:37.226 [info] [Model][openRepository] Opened repository: /home/sgass/Projects/kepler
2025-03-14 09:05:37.247 [info] > git rev-parse --show-toplevel [9ms]
2025-03-14 09:05:37.247 [info] > git config --get commit.template [12ms]
2025-03-14 09:05:37.252 [info] > git for-each-ref --format=%(refname)%00%(upstream:short)%00%(objectname)%00%(upstream:track)%00%(upstream:remotename)%00%(upstream:remoteref) refs/heads/sgass/prod/no-ref/mpcut1-ctrl-eth-interconnect refs/remotes/sgass/prod/no-ref/mpcut1-ctrl-eth-interconnect [1ms]
2025-03-14 09:05:37.262 [info] > git rev-parse --show-toplevel [1ms]
2025-03-14 09:05:37.267 [info] > git rev-parse --show-toplevel [2ms]
2025-03-14 09:05:37.271 [info] > git rev-parse --show-toplevel [1ms]
2025-03-14 09:05:37.274 [info] > git rev-parse --show-toplevel [1ms]
2025-03-14 09:05:37.278 [info] > git rev-parse --show-toplevel [1ms]
2025-03-14 09:05:37.283 [info] > git rev-parse --show-toplevel [2ms]
2025-03-14 09:05:37.287 [info] > git rev-parse --show-toplevel [1ms]
2025-03-14 09:05:37.290 [info] > git rev-parse --show-toplevel [1ms]
2025-03-14 09:05:37.294 [info] > git rev-parse --show-toplevel [1ms]
2025-03-14 09:05:37.298 [info] > git rev-parse --show-toplevel [2ms]
2025-03-14 09:05:37.301 [info] > git rev-parse --show-toplevel [1ms]
2025-03-14 09:05:37.305 [info] > git rev-parse --show-toplevel [1ms]
2025-03-14 09:05:37.309 [info] > git rev-parse --show-toplevel [1ms]
2025-03-14 09:05:37.313 [info] > git rev-parse --show-toplevel [1ms]
2025-03-14 09:05:37.317 [info] > git rev-parse --show-toplevel [1ms]
2025-03-14 09:05:37.321 [info] > git rev-parse --show-toplevel [2ms]
2025-03-14 09:05:37.325 [info] > git rev-parse --show-toplevel [1ms]
2025-03-14 09:05:37.329 [info] > git rev-parse --show-toplevel [1ms]
2025-03-14 09:05:37.334 [info] > git rev-parse --show-toplevel [2ms]
2025-03-14 09:05:37.338 [info] > git rev-parse --show-toplevel [1ms]
2025-03-14 09:05:37.341 [info] > git rev-parse --show-toplevel [1ms]
2025-03-14 09:05:37.346 [info] > git rev-parse --show-toplevel [2ms]
2025-03-14 09:05:37.351 [info] > git rev-parse --show-toplevel [2ms]
2025-03-14 09:05:37.354 [info] > git rev-parse --show-toplevel [1ms]
2025-03-14 09:05:37.359 [info] > git rev-parse --show-toplevel [2ms]
2025-03-14 09:05:37.363 [info] > git rev-parse --show-toplevel [1ms]
2025-03-14 09:05:37.367 [info] > git rev-parse --show-toplevel [1ms]
2025-03-14 09:05:37.370 [info] > git rev-parse --show-toplevel [0ms]
2025-03-14 09:05:37.374 [info] > git rev-parse --show-toplevel [1ms]
2025-03-14 09:05:37.377 [info] > git rev-parse --show-toplevel [1ms]
2025-03-14 09:05:37.381 [info] > git rev-parse --show-toplevel [1ms]
2025-03-14 09:05:37.384 [info] > git rev-parse --show-toplevel [1ms]
2025-03-14 09:05:37.387 [info] > git rev-parse --show-toplevel [0ms]
2025-03-14 09:05:37.391 [info] > git rev-parse --show-toplevel [1ms]
2025-03-14 09:05:37.392 [info] [Model][doInitialScan] Initial repository scan completed - repositories (1), closed repositories (0), parent repositories (0), unsafe repositories (0)
2025-03-14 09:05:37.489 [info] > git status -z -uall [234ms]
2025-03-14 09:05:37.501 [info] > git for-each-ref --format=%(refname)%00%(upstream:short)%00%(objectname)%00%(upstream:track)%00%(upstream:remotename)%00%(upstream:remoteref) refs/heads/sgass/prod/no-ref/mpcut1-ctrl-eth-interconnect refs/remotes/sgass/prod/no-ref/mpcut1-ctrl-eth-interconnect [8ms]
2025-03-14 09:05:37.505 [info] > git config --get commit.template [4ms]
2025-03-14 09:05:37.506 [info] > git config --local branch.sgass/prod/no-ref/mpcut1-ctrl-eth-interconnect.vscode-merge-base [2ms]
2025-03-14 09:05:37.512 [info] > git for-each-ref --format=%(refname)%00%(upstream:short)%00%(objectname)%00%(upstream:track)%00%(upstream:remotename)%00%(upstream:remoteref) refs/heads/origin/develop refs/remotes/origin/develop [3ms]
2025-03-14 09:05:37.513 [info] > git for-each-ref --format=%(refname)%00%(upstream:short)%00%(objectname)%00%(upstream:track)%00%(upstream:remotename)%00%(upstream:remoteref) refs/heads/sgass/prod/no-ref/mpcut1-ctrl-eth-interconnect refs/remotes/sgass/prod/no-ref/mpcut1-ctrl-eth-interconnect [1ms]
2025-03-14 09:05:37.745 [info] > git status -z -uall [228ms]
2025-03-14 09:05:37.751 [info] > git for-each-ref --format=%(refname)%00%(upstream:short)%00%(objectname)%00%(upstream:track)%00%(upstream:remotename)%00%(upstream:remoteref) refs/heads/sgass/prod/no-ref/mpcut1-ctrl-eth-interconnect refs/remotes/sgass/prod/no-ref/mpcut1-ctrl-eth-interconnect [2ms]
2025-03-14 09:05:37.754 [info] > git check-ignore -v -z --stdin [10ms]
2025-03-14 09:05:37.755 [info] > git config --local branch.sgass/prod/no-ref/mpcut1-ctrl-eth-interconnect.vscode-merge-base [1ms]
2025-03-14 09:05:37.759 [info] > git for-each-ref --format=%(refname)%00%(upstream:short)%00%(objectname)%00%(upstream:track)%00%(upstream:remotename)%00%(upstream:remoteref) refs/heads/origin/develop refs/remotes/origin/develop [2ms]
2025-03-14 09:05:37.811 [info] > git show --textconv :hdl/rtl/ethernet/ethernet_point_to_multipoint_hub.sv [6ms]
2025-03-14 09:05:37.814 [info] > git ls-files --stage -- /home/sgass/Projects/kepler/hdl/rtl/ethernet/ethernet_point_to_multipoint_hub.sv [6ms]
2025-03-14 09:05:38.001 [info] > git rev-parse --show-toplevel [1ms]
2025-03-14 09:05:38.005 [info] > git rev-parse --git-dir --git-common-dir [1ms]
2025-03-14 09:05:38.008 [info] [Model][openRepository] Opened repository: /home/sgass/Projects/kepler/third_party/libhydrogen
2025-03-14 09:05:38.015 [info] > git config --get commit.template [3ms]
2025-03-14 09:05:38.017 [info] > git rev-parse --show-toplevel [3ms]
2025-03-14 09:05:38.024 [info] > git for-each-ref --format %(refname) %(objectname) %(*objectname) refs/tags [3ms]
2025-03-14 09:05:38.029 [info] > git rev-parse --git-dir --git-common-dir [5ms]
2025-03-14 09:05:38.030 [info] [Model][openRepository] Opened repository: /home/sgass/Projects/kepler/third_party/magic_enum
2025-03-14 09:05:38.037 [info] > git status -z -uall [9ms]
2025-03-14 09:05:38.044 [info] > git rev-parse --show-toplevel [7ms]
2025-03-14 09:05:38.044 [info] > git config --get commit.template [10ms]
2025-03-14 09:05:38.050 [info] > git config --get commit.template [8ms]
2025-03-14 09:05:38.056 [info] > git rev-parse --git-dir --git-common-dir [7ms]
2025-03-14 09:05:38.057 [info] [Model][openRepository] Opened repository: /home/sgass/Projects/kepler/third_party/googletest
2025-03-14 09:05:38.063 [info] > git for-each-ref --format %(refname) %(objectname) %(*objectname) refs/tags [8ms]
2025-03-14 09:05:38.063 [info] > git for-each-ref --format %(refname) %(objectname) %(*objectname) refs/tags [11ms]
2025-03-14 09:05:38.070 [info] > git status -z -uall [4ms]
2025-03-14 09:05:38.072 [info] > git rev-parse --show-toplevel [9ms]
2025-03-14 09:05:38.072 [info] > git config --get commit.template [11ms]
2025-03-14 09:05:38.080 [info] > git status -z -uall [10ms]
2025-03-14 09:05:38.081 [info] > git config --get commit.template [7ms]
2025-03-14 09:05:38.082 [info] > git rev-parse --show-toplevel [5ms]
2025-03-14 09:05:38.094 [info] > git for-each-ref --format %(refname) %(objectname) %(*objectname) refs/tags [14ms]
2025-03-14 09:05:38.101 [info] > git status -z -uall [4ms]
2025-03-14 09:05:38.102 [info] > git rev-parse --git-dir --git-common-dir [8ms]
2025-03-14 09:05:38.104 [info] [Model][openRepository] Opened repository: /home/sgass/Projects/kepler/third_party/fast-cpp-csv-parser
2025-03-14 09:05:38.104 [info] > git for-each-ref --format %(refname) %(objectname) %(*objectname) refs/tags [13ms]
2025-03-14 09:05:38.119 [info] > git status -z -uall [11ms]
2025-03-14 09:05:38.120 [info] > git rev-parse --show-toplevel [2ms]
2025-03-14 09:05:38.120 [info] > git config --get commit.template [6ms]
2025-03-14 09:05:38.120 [info] > git config --get commit.template [9ms]
2025-03-14 09:05:38.130 [info] > git for-each-ref --format %(refname) %(objectname) %(*objectname) refs/tags [1ms]
2025-03-14 09:05:38.130 [info] > git for-each-ref --format %(refname) %(objectname) %(*objectname) refs/tags [3ms]
2025-03-14 09:05:38.130 [info] > git rev-parse --git-dir --git-common-dir [6ms]
2025-03-14 09:05:38.132 [info] [Model][openRepository] Opened repository: /home/sgass/Projects/kepler/hdl/verilog-axis
2025-03-14 09:05:38.144 [info] > git status -z -uall [9ms]
2025-03-14 09:05:38.144 [info] > git status -z -uall [6ms]
2025-03-14 09:05:38.144 [info] > git config --get commit.template [4ms]
2025-03-14 09:05:38.152 [info] > git rev-parse --show-toplevel [10ms]
2025-03-14 09:05:38.158 [info] > git config --get commit.template [7ms]
2025-03-14 09:05:38.159 [info] > git rev-parse --git-dir --git-common-dir [2ms]
2025-03-14 09:05:38.161 [info] [Model][openRepository] Opened repository: /home/sgass/Projects/kepler/hdl/verilog-ethernet
2025-03-14 09:05:38.161 [info] > git for-each-ref --format %(refname) %(objectname) %(*objectname) refs/tags [6ms]
2025-03-14 09:05:38.179 [info] > git status -z -uall [14ms]
2025-03-14 09:05:38.179 [info] > git rev-parse --show-toplevel [4ms]
2025-03-14 09:05:38.179 [info] > git config --get commit.template [7ms]
2025-03-14 09:05:38.179 [info] > git for-each-ref --format %(refname) %(objectname) %(*objectname) refs/tags [10ms]
2025-03-14 09:05:38.194 [info] > git status -z -uall [9ms]
2025-03-14 09:05:38.194 [info] > git rev-parse --git-dir --git-common-dir [6ms]
2025-03-14 09:05:38.195 [info] [Model][openRepository] Opened repository: /home/sgass/Projects/kepler/third_party/vext.soapysdr
2025-03-14 09:05:38.203 [info] > git for-each-ref --format %(refname) %(objectname) %(*objectname) refs/tags [10ms]
2025-03-14 09:05:38.203 [info] > git config --get commit.template [13ms]
2025-03-14 09:05:38.209 [info] > git rev-parse --show-toplevel [7ms]
2025-03-14 09:05:38.209 [info] > git config --get commit.template [10ms]
2025-03-14 09:05:38.215 [info] > git for-each-ref --format %(refname) %(objectname) %(*objectname) refs/tags [9ms]
2025-03-14 09:05:38.218 [info] > git status -z -uall [10ms]
2025-03-14 09:05:38.224 [info] > git status -z -uall [2ms]
2025-03-14 09:05:38.224 [info] > git for-each-ref --format %(refname) %(objectname) %(*objectname) refs/tags [7ms]
2025-03-14 09:05:38.224 [info] > git rev-parse --git-dir --git-common-dir [10ms]
2025-03-14 09:05:38.226 [info] [Model][openRepository] Opened repository: /home/sgass/Projects/kepler/third_party/STM32CubeL1
2025-03-14 09:05:38.234 [info] > git status -z -uall [5ms]
2025-03-14 09:05:38.234 [info] > git config --get commit.template [10ms]
2025-03-14 09:05:38.236 [info] > git rev-parse --show-toplevel [2ms]
2025-03-14 09:05:38.236 [info] > git config --get commit.template [4ms]
2025-03-14 09:05:38.249 [info] > git config --get commit.template [3ms]
2025-03-14 09:05:38.249 [info] > git rev-parse --git-dir --git-common-dir [7ms]
2025-03-14 09:05:38.251 [info] [Model][openRepository] Opened repository: /home/sgass/Projects/kepler/ansible/kubespray
2025-03-14 09:05:38.251 [info] > git for-each-ref --format %(refname) %(objectname) %(*objectname) refs/tags [11ms]
2025-03-14 09:05:38.257 [info] > git for-each-ref --format %(refname) %(objectname) %(*objectname) refs/tags [8ms]
2025-03-14 09:05:38.264 [info] > git status -z -uall [9ms]
2025-03-14 09:05:38.265 [info] > git config --get commit.template [8ms]
2025-03-14 09:05:38.267 [info] > git for-each-ref --format %(refname) %(objectname) %(*objectname) refs/tags [3ms]
2025-03-14 09:05:38.273 [info] > git status -z -uall [3ms]
2025-03-14 09:05:38.275 [info] > git for-each-ref --format %(refname) %(objectname) %(*objectname) refs/tags [2ms]
2025-03-14 09:05:38.284 [info] > git status -z -uall [23ms]
2025-03-14 09:05:38.290 [info] > git status -z -uall [10ms]
2025-03-14 09:05:38.296 [info] > git config --get commit.template [6ms]
2025-03-14 09:05:38.300 [info] > git config --get commit.template [4ms]
2025-03-14 09:05:38.303 [info] > git for-each-ref --format %(refname) %(objectname) %(*objectname) refs/tags [3ms]
2025-03-14 09:05:38.306 [info] > git for-each-ref --format %(refname) %(objectname) %(*objectname) refs/tags [3ms]
2025-03-14 09:05:38.317 [info] > git status -z -uall [8ms]
2025-03-14 09:05:38.329 [info] > git status -z -uall [23ms]
2025-03-14 09:05:38.530 [info] > git check-ignore -v -z --stdin [10ms]
2025-03-14 09:08:26.089 [info] > git show --textconv :hdl/rtl/board/mpcut1/board_mpcut1_top.sv [12ms]
2025-03-14 09:08:26.096 [info] > git ls-files --stage -- /home/sgass/Projects/kepler/hdl/rtl/board/mpcut1/board_mpcut1_top.sv [12ms]
2025-03-14 09:08:26.108 [info] > git cat-file -s f4e6fabb21dc7bb3101babf512c6ab93bbbfa51c [3ms]
2025-03-14 09:08:26.354 [info] > git check-ignore -v -z --stdin [10ms]
2025-03-14 09:08:29.525 [info] > git show --textconv :hdl/rtl/board/mpcut1/board_mpcut1_system.sv [11ms]
2025-03-14 09:08:29.530 [info] > git ls-files --stage -- /home/sgass/Projects/kepler/hdl/rtl/board/mpcut1/board_mpcut1_system.sv [8ms]
2025-03-14 09:08:29.541 [info] > git cat-file -s 0c513a1ba622e36ca20df90f950f2a89f4cba89c [3ms]
2025-03-14 09:08:42.330 [info] > git show --textconv :hdl/rtl/ethernet/ethernet_point_to_multipoint_hub.sv [12ms]
2025-03-14 09:08:42.335 [info] > git ls-files --stage -- /home/sgass/Projects/kepler/hdl/rtl/ethernet/ethernet_point_to_multipoint_hub.sv [8ms]
2025-03-14 09:14:47.362 [info] > git show --textconv :hdl/rtl/ethernet/ethernet_crossbar.sv [17ms]
2025-03-14 09:14:47.364 [info] > git ls-files --stage -- /home/sgass/Projects/kepler/hdl/rtl/ethernet/ethernet_crossbar.sv [9ms]
2025-03-14 09:14:47.376 [info] > git cat-file -s 8814563575fd186402d9b31968ab9c27025ff62e [3ms]
2025-03-14 09:16:01.891 [info] > git show --textconv :hdl/rtl/ethernet/ethernet_point_to_multipoint_hub.sv [9ms]
2025-03-14 09:16:01.900 [info] > git ls-files --stage -- /home/sgass/Projects/kepler/hdl/rtl/ethernet/ethernet_point_to_multipoint_hub.sv [10ms]
2025-03-14 09:17:33.773 [info] > git show --textconv :hdl/rtl/ethernet/ethernet_to_axis.sv [11ms]
2025-03-14 09:17:33.779 [info] > git ls-files --stage -- /home/sgass/Projects/kepler/hdl/rtl/ethernet/ethernet_to_axis.sv [9ms]
2025-03-14 09:17:34.054 [info] > git check-ignore -v -z --stdin [15ms]
2025-03-14 09:41:56.858 [info] > git show --textconv :hdl/rtl/ethernet/ethernet_crossbar.sv [9ms]
2025-03-14 09:41:56.861 [info] > git ls-files --stage -- /home/sgass/Projects/kepler/hdl/rtl/ethernet/ethernet_crossbar.sv [4ms]
2025-03-14 09:41:56.872 [info] > git cat-file -s 8814563575fd186402d9b31968ab9c27025ff62e [3ms]
2025-03-14 09:42:09.863 [info] > git show --textconv :hdl/rtl/ethernet/ethernet_to_axis.sv [12ms]
2025-03-14 09:42:09.868 [info] > git ls-files --stage -- /home/sgass/Projects/kepler/hdl/rtl/ethernet/ethernet_to_axis.sv [7ms]
2025-03-14 10:07:40.738 [info] > git show --textconv :hdl/rtl/board/mpcut1/board_mpcut1_top.sv [10ms]
2025-03-14 10:07:40.744 [info] > git ls-files --stage -- /home/sgass/Projects/kepler/hdl/rtl/board/mpcut1/board_mpcut1_top.sv [8ms]
2025-03-14 10:07:40.753 [info] > git cat-file -s f4e6fabb21dc7bb3101babf512c6ab93bbbfa51c [3ms]
2025-03-14 10:07:45.894 [info] > git show --textconv :hdl/rtl/board/mpcut1/board_mpcut1_system.sv [13ms]
2025-03-14 10:07:45.896 [info] > git ls-files --stage -- /home/sgass/Projects/kepler/hdl/rtl/board/mpcut1/board_mpcut1_system.sv [7ms]
2025-03-14 10:07:45.906 [info] > git cat-file -s 0c513a1ba622e36ca20df90f950f2a89f4cba89c [3ms]
2025-03-14 10:07:56.087 [info] > git show --textconv :hdl/rtl/ethernet/ethernet_to_axis.sv [11ms]
2025-03-14 10:07:56.097 [info] > git ls-files --stage -- /home/sgass/Projects/kepler/hdl/rtl/ethernet/ethernet_to_axis.sv [11ms]
2025-03-14 10:29:38.892 [info] > git show --textconv :rtl/eth_mac_1g_fifo.v [12ms]
2025-03-14 10:29:38.895 [info] > git ls-files --stage -- /home/sgass/Projects/kepler/hdl/verilog-ethernet/rtl/eth_mac_1g_fifo.v [4ms]
2025-03-14 10:29:38.907 [info] > git cat-file -s ab20e77828d2b688499956e63f53c479faaf6506 [2ms]
2025-03-14 10:29:39.156 [info] > git check-ignore -v -z --stdin [1ms]
2025-03-14 10:30:45.785 [info] > git show --textconv :hdl/rtl/ethernet/ethernet_to_axis.sv [10ms]
2025-03-14 10:30:45.795 [info] > git ls-files --stage -- /home/sgass/Projects/kepler/hdl/rtl/ethernet/ethernet_to_axis.sv [11ms]
2025-03-14 10:31:32.424 [info] > git show --textconv :rtl/eth_mac_10g_fifo.v [10ms]
2025-03-14 10:31:32.426 [info] > git ls-files --stage -- /home/sgass/Projects/kepler/hdl/verilog-ethernet/rtl/eth_mac_10g_fifo.v [2ms]
2025-03-14 10:31:32.440 [info] > git cat-file -s 45090a2dc3049dcfb827ae4a1dc1c48aa193b626 [3ms]
2025-03-14 10:31:32.698 [info] > git check-ignore -v -z --stdin [2ms]
2025-03-14 10:31:43.514 [info] > git show --textconv :hdl/rtl/ethernet/ethernet_to_axis.sv [11ms]
2025-03-14 10:31:43.519 [info] > git ls-files --stage -- /home/sgass/Projects/kepler/hdl/rtl/ethernet/ethernet_to_axis.sv [5ms]
2025-03-14 10:31:48.099 [info] > git show --textconv :rtl/eth_mac_10g_fifo.v [10ms]
2025-03-14 10:31:48.102 [info] > git ls-files --stage -- /home/sgass/Projects/kepler/hdl/verilog-ethernet/rtl/eth_mac_10g_fifo.v [3ms]
2025-03-14 10:31:48.113 [info] > git cat-file -s 45090a2dc3049dcfb827ae4a1dc1c48aa193b626 [3ms]
2025-03-14 10:32:04.012 [info] > git show --textconv :hdl/rtl/ethernet/ethernet_to_axis.sv [42ms]
2025-03-14 10:32:04.013 [info] > git ls-files --stage -- /home/sgass/Projects/kepler/hdl/rtl/ethernet/ethernet_to_axis.sv [38ms]
2025-03-14 10:35:16.988 [info] > git show --textconv :hdl/rtl/ethernet/ethernet_crossbar.sv [9ms]
2025-03-14 10:35:16.993 [info] > git ls-files --stage -- /home/sgass/Projects/kepler/hdl/rtl/ethernet/ethernet_crossbar.sv [5ms]
2025-03-14 10:35:17.007 [info] > git cat-file -s 8814563575fd186402d9b31968ab9c27025ff62e [4ms]
2025-03-14 10:36:16.125 [info] > git show --textconv :hdl/rtl/ethernet/ethernet_to_axis.sv [11ms]
2025-03-14 10:36:16.134 [info] > git ls-files --stage -- /home/sgass/Projects/kepler/hdl/rtl/ethernet/ethernet_to_axis.sv [9ms]
2025-03-14 10:45:07.522 [info] > git show --textconv :hdl/rtl/ethernet/ethernet_crossbar.sv [11ms]
2025-03-14 10:45:07.527 [info] > git ls-files --stage -- /home/sgass/Projects/kepler/hdl/rtl/ethernet/ethernet_crossbar.sv [5ms]
2025-03-14 10:45:07.536 [info] > git cat-file -s 8814563575fd186402d9b31968ab9c27025ff62e [4ms]
2025-03-14 10:45:13.434 [info] > git show --textconv :hdl/rtl/ethernet/ethernet_to_axis.sv [10ms]
2025-03-14 10:45:13.441 [info] > git ls-files --stage -- /home/sgass/Projects/kepler/hdl/rtl/ethernet/ethernet_to_axis.sv [7ms]
2025-03-14 10:45:28.719 [info] > git show --textconv :hdl/rtl/ethernet/ethernet_crossbar.sv [12ms]
2025-03-14 10:45:28.728 [info] > git ls-files --stage -- /home/sgass/Projects/kepler/hdl/rtl/ethernet/ethernet_crossbar.sv [11ms]
2025-03-14 10:45:28.743 [info] > git cat-file -s 8814563575fd186402d9b31968ab9c27025ff62e [4ms]
2025-03-14 10:47:11.384 [info] > git show --textconv :hdl/rtl/ethernet/ethernet_to_axis.sv [8ms]
2025-03-14 10:47:11.389 [info] > git ls-files --stage -- /home/sgass/Projects/kepler/hdl/rtl/ethernet/ethernet_to_axis.sv [6ms]
2025-03-14 10:47:35.461 [info] > git show --textconv :hdl/rtl/ethernet/ethernet_crossbar.sv [7ms]
2025-03-14 10:47:35.471 [info] > git ls-files --stage -- /home/sgass/Projects/kepler/hdl/rtl/ethernet/ethernet_crossbar.sv [11ms]
2025-03-14 10:47:35.485 [info] > git cat-file -s 8814563575fd186402d9b31968ab9c27025ff62e [3ms]
2025-03-14 10:50:52.329 [info] > git show --textconv :hdl/rtl/ethernet/ethernet_to_axis.sv [16ms]
2025-03-14 10:50:52.337 [info] > git ls-files --stage -- /home/sgass/Projects/kepler/hdl/rtl/ethernet/ethernet_to_axis.sv [9ms]
2025-03-14 10:51:26.066 [info] > git show --textconv :hdl/rtl/ethernet/ethernet_crossbar.sv [11ms]
2025-03-14 10:51:26.075 [info] > git ls-files --stage -- /home/sgass/Projects/kepler/hdl/rtl/ethernet/ethernet_crossbar.sv [8ms]
2025-03-14 10:51:26.087 [info] > git cat-file -s 8814563575fd186402d9b31968ab9c27025ff62e [3ms]
2025-03-14 10:57:22.427 [info] > git show --textconv :hdl/rtl/ethernet/ethernet_crossbar_ref.sv [10ms]
2025-03-14 10:57:22.433 [info] > git ls-files --stage -- /home/sgass/Projects/kepler/hdl/rtl/ethernet/ethernet_crossbar_ref.sv [6ms]
2025-03-14 10:57:22.697 [info] > git check-ignore -v -z --stdin [16ms]
2025-03-14 10:57:56.675 [info] > git show --textconv :hdl/rtl/ethernet/ethernet_crossbar.sv [15ms]
2025-03-14 10:57:56.684 [info] > git ls-files --stage -- /home/sgass/Projects/kepler/hdl/rtl/ethernet/ethernet_crossbar.sv [12ms]
2025-03-14 10:57:56.702 [info] > git cat-file -s 8814563575fd186402d9b31968ab9c27025ff62e [5ms]
2025-03-14 11:01:01.036 [info] > git show --textconv :hdl/rtl/ethernet/ethernet_crossbar_ref.sv [8ms]
2025-03-14 11:01:01.042 [info] > git ls-files --stage -- /home/sgass/Projects/kepler/hdl/rtl/ethernet/ethernet_crossbar_ref.sv [7ms]
2025-03-14 11:01:08.580 [info] > git show --textconv :hdl/rtl/ethernet/ethernet_crossbar.sv [11ms]
2025-03-14 11:01:08.584 [info] > git ls-files --stage -- /home/sgass/Projects/kepler/hdl/rtl/ethernet/ethernet_crossbar.sv [6ms]
2025-03-14 11:01:08.595 [info] > git cat-file -s 8814563575fd186402d9b31968ab9c27025ff62e [3ms]
2025-03-14 11:01:24.447 [info] > git show --textconv :hdl/rtl/ethernet/ethernet_crossbar_ref.sv [10ms]
2025-03-14 11:01:24.457 [info] > git ls-files --stage -- /home/sgass/Projects/kepler/hdl/rtl/ethernet/ethernet_crossbar_ref.sv [11ms]
2025-03-14 11:01:31.329 [info] > git show --textconv :hdl/rtl/ethernet/ethernet_to_axis.sv [7ms]
2025-03-14 11:01:31.337 [info] > git ls-files --stage -- /home/sgass/Projects/kepler/hdl/rtl/ethernet/ethernet_to_axis.sv [9ms]
2025-03-14 11:01:33.365 [info] > git show --textconv :hdl/rtl/ethernet/ethernet_crossbar.sv [13ms]
2025-03-14 11:01:33.373 [info] > git ls-files --stage -- /home/sgass/Projects/kepler/hdl/rtl/ethernet/ethernet_crossbar.sv [10ms]
2025-03-14 11:01:33.389 [info] > git cat-file -s 8814563575fd186402d9b31968ab9c27025ff62e [4ms]
2025-03-14 11:01:48.144 [info] > git show --textconv :hdl/rtl/ethernet/ethernet_crossbar_ref.sv [10ms]
2025-03-14 11:01:48.152 [info] > git ls-files --stage -- /home/sgass/Projects/kepler/hdl/rtl/ethernet/ethernet_crossbar_ref.sv [8ms]
2025-03-14 11:01:57.122 [info] > git show --textconv :hdl/rtl/ethernet/ethernet_crossbar.sv [10ms]
2025-03-14 11:01:57.127 [info] > git ls-files --stage -- /home/sgass/Projects/kepler/hdl/rtl/ethernet/ethernet_crossbar.sv [6ms]
2025-03-14 11:01:57.138 [info] > git cat-file -s 8814563575fd186402d9b31968ab9c27025ff62e [3ms]
2025-03-14 11:02:03.038 [info] > git show --textconv :hdl/rtl/ethernet/ethernet_crossbar_ref.sv [10ms]
2025-03-14 11:02:03.045 [info] > git ls-files --stage -- /home/sgass/Projects/kepler/hdl/rtl/ethernet/ethernet_crossbar_ref.sv [8ms]
2025-03-14 11:02:20.351 [info] > git show --textconv :hdl/rtl/ethernet/ethernet_crossbar.sv [10ms]
2025-03-14 11:02:20.360 [info] > git ls-files --stage -- /home/sgass/Projects/kepler/hdl/rtl/ethernet/ethernet_crossbar.sv [10ms]
2025-03-14 11:02:20.374 [info] > git cat-file -s 8814563575fd186402d9b31968ab9c27025ff62e [4ms]
2025-03-14 11:02:56.400 [info] > git show --textconv :hdl/rtl/ethernet/ethernet_crossbar_ref.sv [14ms]
2025-03-14 11:02:56.405 [info] > git ls-files --stage -- /home/sgass/Projects/kepler/hdl/rtl/ethernet/ethernet_crossbar_ref.sv [6ms]
2025-03-14 11:02:59.038 [info] > git show --textconv :hdl/rtl/ethernet/ethernet_crossbar.sv [12ms]
2025-03-14 11:02:59.045 [info] > git ls-files --stage -- /home/sgass/Projects/kepler/hdl/rtl/ethernet/ethernet_crossbar.sv [8ms]
2025-03-14 11:02:59.059 [info] > git cat-file -s 8814563575fd186402d9b31968ab9c27025ff62e [3ms]
2025-03-14 11:17:56.998 [info] > git show --textconv :hdl/rtl/board/mpcut1/board_mpcut1_system.sv [11ms]
2025-03-14 11:17:57.007 [info] > git ls-files --stage -- /home/sgass/Projects/kepler/hdl/rtl/board/mpcut1/board_mpcut1_system.sv [10ms]
2025-03-14 11:17:57.021 [info] > git cat-file -s 0c513a1ba622e36ca20df90f950f2a89f4cba89c [3ms]
2025-03-14 11:18:36.647 [info] > git show --textconv :hdl/rtl/board/mpcut1/board_mpcut1_zynq_wrapper.sv [83ms]
2025-03-14 11:18:36.724 [info] > git ls-files --stage -- /home/sgass/Projects/kepler/hdl/rtl/board/mpcut1/board_mpcut1_zynq_wrapper.sv [78ms]
2025-03-14 11:18:36.806 [info] > git cat-file -s a0c0e70da6457007d92eebc3eaad8207b5ca548d [77ms]
2025-03-14 11:18:36.972 [info] > git check-ignore -v -z --stdin [81ms]
2025-03-14 11:19:05.903 [info] > git show --textconv :hdl/rtl/board/mpcut1/board_mpcut1_system.sv [14ms]
2025-03-14 11:19:05.908 [info] > git ls-files --stage -- /home/sgass/Projects/kepler/hdl/rtl/board/mpcut1/board_mpcut1_system.sv [7ms]
2025-03-14 11:19:05.917 [info] > git cat-file -s 0c513a1ba622e36ca20df90f950f2a89f4cba89c [2ms]
2025-03-14 11:19:24.683 [info] > git show --textconv :hdl/rtl/ethernet/ethernet_crossbar.sv [6ms]
2025-03-14 11:19:24.687 [info] > git ls-files --stage -- /home/sgass/Projects/kepler/hdl/rtl/ethernet/ethernet_crossbar.sv [5ms]
2025-03-14 11:19:24.699 [info] > git cat-file -s 8814563575fd186402d9b31968ab9c27025ff62e [4ms]
2025-03-14 11:20:47.991 [info] > git show --textconv :hdl/rtl/board/mpcut1/board_mpcut1_zynq_wrapper.sv [11ms]
2025-03-14 11:20:48.000 [info] > git ls-files --stage -- /home/sgass/Projects/kepler/hdl/rtl/board/mpcut1/board_mpcut1_zynq_wrapper.sv [10ms]
2025-03-14 11:20:48.015 [info] > git cat-file -s a0c0e70da6457007d92eebc3eaad8207b5ca548d [3ms]
2025-03-14 11:20:57.392 [info] > git show --textconv :hdl/rtl/board/mpcut1/board_mpcut1_system.sv [17ms]
2025-03-14 11:20:57.403 [info] > git ls-files --stage -- /home/sgass/Projects/kepler/hdl/rtl/board/mpcut1/board_mpcut1_system.sv [12ms]
2025-03-14 11:20:57.419 [info] > git cat-file -s 0c513a1ba622e36ca20df90f950f2a89f4cba89c [5ms]
2025-03-14 11:21:07.387 [info] > git show --textconv :hdl/rtl/ethernet/ethernet_crossbar_ref.sv [11ms]
2025-03-14 11:21:07.390 [info] > git ls-files --stage -- /home/sgass/Projects/kepler/hdl/rtl/ethernet/ethernet_crossbar_ref.sv [4ms]
2025-03-14 11:21:08.182 [info] > git show --textconv :hdl/rtl/ethernet/ethernet_crossbar.sv [11ms]
2025-03-14 11:21:08.187 [info] > git ls-files --stage -- /home/sgass/Projects/kepler/hdl/rtl/ethernet/ethernet_crossbar.sv [6ms]
2025-03-14 11:21:08.201 [info] > git cat-file -s 8814563575fd186402d9b31968ab9c27025ff62e [4ms]
2025-03-14 11:21:09.783 [info] > git show --textconv :hdl/rtl/ethernet/ethernet_crossbar_ref.sv [13ms]
2025-03-14 11:21:09.792 [info] > git ls-files --stage -- /home/sgass/Projects/kepler/hdl/rtl/ethernet/ethernet_crossbar_ref.sv [10ms]
2025-03-14 11:21:13.346 [info] > git show --textconv :hdl/rtl/ethernet/ethernet_crossbar.sv [13ms]
2025-03-14 11:21:13.353 [info] > git ls-files --stage -- /home/sgass/Projects/kepler/hdl/rtl/ethernet/ethernet_crossbar.sv [10ms]
2025-03-14 11:21:13.368 [info] > git cat-file -s 8814563575fd186402d9b31968ab9c27025ff62e [4ms]
2025-03-14 11:22:42.628 [info] > git show --textconv :hdl/rtl/board/mpcut1/board_mpcut1_top.sv [11ms]
2025-03-14 11:22:42.637 [info] > git ls-files --stage -- /home/sgass/Projects/kepler/hdl/rtl/board/mpcut1/board_mpcut1_top.sv [11ms]
2025-03-14 11:22:42.650 [info] > git cat-file -s f4e6fabb21dc7bb3101babf512c6ab93bbbfa51c [3ms]
2025-03-14 11:22:43.860 [info] > git show --textconv :hdl/rtl/board/mpcut1/board_mpcut1_system.sv [11ms]
2025-03-14 11:22:43.869 [info] > git ls-files --stage -- /home/sgass/Projects/kepler/hdl/rtl/board/mpcut1/board_mpcut1_system.sv [11ms]
2025-03-14 11:22:43.883 [info] > git cat-file -s 0c513a1ba622e36ca20df90f950f2a89f4cba89c [3ms]
2025-03-14 11:22:51.752 [info] > git show --textconv :hdl/rtl/board/mpcut1/board_mpcut1_zynq_wrapper.sv [10ms]
2025-03-14 11:22:51.760 [info] > git ls-files --stage -- /home/sgass/Projects/kepler/hdl/rtl/board/mpcut1/board_mpcut1_zynq_wrapper.sv [8ms]
2025-03-14 11:22:51.772 [info] > git cat-file -s a0c0e70da6457007d92eebc3eaad8207b5ca548d [3ms]
2025-03-14 11:23:00.059 [info] > git show --textconv :hdl/rtl/board/mpcut1/board_mpcut1_system.sv [13ms]
2025-03-14 11:23:00.069 [info] > git ls-files --stage -- /home/sgass/Projects/kepler/hdl/rtl/board/mpcut1/board_mpcut1_system.sv [12ms]
2025-03-14 11:23:00.085 [info] > git cat-file -s 0c513a1ba622e36ca20df90f950f2a89f4cba89c [3ms]
2025-03-14 11:23:01.904 [info] > git show --textconv :hdl/rtl/ethernet/ethernet_crossbar.sv [14ms]
2025-03-14 11:23:01.911 [info] > git ls-files --stage -- /home/sgass/Projects/kepler/hdl/rtl/ethernet/ethernet_crossbar.sv [8ms]
2025-03-14 11:23:01.922 [info] > git cat-file -s 8814563575fd186402d9b31968ab9c27025ff62e [3ms]
2025-03-14 11:24:25.331 [info] > git show --textconv :hdl/rtl/board/mpcut1/board_mpcut1_system.sv [11ms]
2025-03-14 11:24:25.339 [info] > git ls-files --stage -- /home/sgass/Projects/kepler/hdl/rtl/board/mpcut1/board_mpcut1_system.sv [10ms]
2025-03-14 11:24:25.352 [info] > git cat-file -s 0c513a1ba622e36ca20df90f950f2a89f4cba89c [2ms]
2025-03-14 11:24:31.499 [info] > git show --textconv :hdl/rtl/ethernet/ethernet_crossbar_ref.sv [14ms]
2025-03-14 11:24:31.507 [info] > git ls-files --stage -- /home/sgass/Projects/kepler/hdl/rtl/ethernet/ethernet_crossbar_ref.sv [9ms]
2025-03-14 11:24:50.329 [info] > git show --textconv :hdl/rtl/ethernet/ethernet_crossbar.sv [8ms]
2025-03-14 11:24:50.340 [info] > git ls-files --stage -- /home/sgass/Projects/kepler/hdl/rtl/ethernet/ethernet_crossbar.sv [11ms]
2025-03-14 11:24:50.356 [info] > git cat-file -s 8814563575fd186402d9b31968ab9c27025ff62e [3ms]
2025-03-14 11:25:14.122 [info] > git show --textconv :hdl/rtl/ethernet/ethernet_to_axis.sv [10ms]
2025-03-14 11:25:14.131 [info] > git ls-files --stage -- /home/sgass/Projects/kepler/hdl/rtl/ethernet/ethernet_to_axis.sv [9ms]
2025-03-14 11:25:23.199 [info] > git show --textconv :hdl/rtl/ethernet/ethernet_crossbar.sv [10ms]
2025-03-14 11:25:23.207 [info] > git ls-files --stage -- /home/sgass/Projects/kepler/hdl/rtl/ethernet/ethernet_crossbar.sv [9ms]
2025-03-14 11:25:23.221 [info] > git cat-file -s 8814563575fd186402d9b31968ab9c27025ff62e [4ms]
2025-03-14 11:27:48.794 [info] > git show --textconv :hdl/rtl/ethernet/ethernet_point_to_multipoint_hub.sv [11ms]
2025-03-14 11:27:48.802 [info] > git ls-files --stage -- /home/sgass/Projects/kepler/hdl/rtl/ethernet/ethernet_point_to_multipoint_hub.sv [9ms]
2025-03-14 11:27:52.573 [info] > git show --textconv :hdl/rtl/ethernet/ethernet_to_axis.sv [16ms]
2025-03-14 11:27:52.580 [info] > git ls-files --stage -- /home/sgass/Projects/kepler/hdl/rtl/ethernet/ethernet_to_axis.sv [8ms]
2025-03-14 11:28:12.521 [info] > git show --textconv :hdl/rtl/ethernet/ethernet_point_to_multipoint_hub.sv [11ms]
2025-03-14 11:28:12.527 [info] > git ls-files --stage -- /home/sgass/Projects/kepler/hdl/rtl/ethernet/ethernet_point_to_multipoint_hub.sv [7ms]
2025-03-14 11:29:15.604 [info] > git show --textconv :hdl/rtl/ethernet/ethernet_crossbar.sv [6ms]
2025-03-14 11:29:15.610 [info] > git ls-files --stage -- /home/sgass/Projects/kepler/hdl/rtl/ethernet/ethernet_crossbar.sv [7ms]
2025-03-14 11:29:15.623 [info] > git cat-file -s 8814563575fd186402d9b31968ab9c27025ff62e [3ms]
2025-03-14 11:29:22.781 [info] > git show --textconv :hdl/rtl/ethernet/ethernet_to_axis.sv [13ms]
2025-03-14 11:29:22.789 [info] > git ls-files --stage -- /home/sgass/Projects/kepler/hdl/rtl/ethernet/ethernet_to_axis.sv [9ms]
2025-03-14 11:29:26.052 [info] > git show --textconv :hdl/rtl/ethernet/ethernet_point_to_multipoint_hub.sv [11ms]
2025-03-14 11:29:26.061 [info] > git ls-files --stage -- /home/sgass/Projects/kepler/hdl/rtl/ethernet/ethernet_point_to_multipoint_hub.sv [9ms]
2025-03-14 11:29:31.765 [info] > git show --textconv :hdl/rtl/ethernet/ethernet_to_axis.sv [6ms]
2025-03-14 11:29:31.768 [info] > git ls-files --stage -- /home/sgass/Projects/kepler/hdl/rtl/ethernet/ethernet_to_axis.sv [5ms]
2025-03-14 11:29:32.758 [info] > git show --textconv :hdl/rtl/ethernet/ethernet_crossbar.sv [10ms]
2025-03-14 11:29:32.763 [info] > git ls-files --stage -- /home/sgass/Projects/kepler/hdl/rtl/ethernet/ethernet_crossbar.sv [6ms]
2025-03-14 11:29:32.777 [info] > git cat-file -s 8814563575fd186402d9b31968ab9c27025ff62e [3ms]
2025-03-14 11:29:42.352 [info] > git show --textconv :hdl/rtl/ethernet/ethernet_point_to_multipoint_hub.sv [13ms]
2025-03-14 11:29:42.360 [info] > git ls-files --stage -- /home/sgass/Projects/kepler/hdl/rtl/ethernet/ethernet_point_to_multipoint_hub.sv [9ms]
2025-03-14 11:45:39.784 [info] > git show --textconv :hdl/rtl/ethernet/ethernet_to_axis.sv [13ms]
2025-03-14 11:45:39.792 [info] > git ls-files --stage -- /home/sgass/Projects/kepler/hdl/rtl/ethernet/ethernet_to_axis.sv [9ms]
2025-03-14 11:45:47.081 [info] > git show --textconv :hdl/rtl/ethernet/ethernet_point_to_multipoint_hub.sv [5ms]
2025-03-14 11:45:47.087 [info] > git ls-files --stage -- /home/sgass/Projects/kepler/hdl/rtl/ethernet/ethernet_point_to_multipoint_hub.sv [7ms]
2025-03-14 11:56:32.194 [info] > git show --textconv :hdl/rtl/ethernet/ethernet_to_axis.sv [13ms]
2025-03-14 11:56:32.200 [info] > git ls-files --stage -- /home/sgass/Projects/kepler/hdl/rtl/ethernet/ethernet_to_axis.sv [6ms]
2025-03-14 11:56:32.212 [info] > git cat-file -s 3bd13efe844365f12d7f50c0113071964fffe164 [3ms]
2025-03-14 11:57:05.018 [info] > git show --textconv :hdl/rtl/ethernet/ethernet_point_to_multipoint_hub.sv [11ms]
2025-03-14 11:57:05.029 [info] > git ls-files --stage -- /home/sgass/Projects/kepler/hdl/rtl/ethernet/ethernet_point_to_multipoint_hub.sv [12ms]
2025-03-14 11:57:05.045 [info] > git cat-file -s 074c94e98d16aec115022e2b9e8b09c724cc40d1 [4ms]
2025-03-14 11:57:10.393 [info] > git show --textconv :hdl/rtl/ethernet/ethernet_to_axis.sv [13ms]
2025-03-14 11:57:10.397 [info] > git ls-files --stage -- /home/sgass/Projects/kepler/hdl/rtl/ethernet/ethernet_to_axis.sv [6ms]
2025-03-14 11:57:10.405 [info] > git cat-file -s 3bd13efe844365f12d7f50c0113071964fffe164 [3ms]
2025-03-14 11:57:40.779 [info] > git show --textconv :hdl/rtl/ethernet/ethernet_crossbar.sv [7ms]
2025-03-14 11:57:40.785 [info] > git ls-files --stage -- /home/sgass/Projects/kepler/hdl/rtl/ethernet/ethernet_crossbar.sv [7ms]
2025-03-14 11:57:40.799 [info] > git cat-file -s b21400f88f6aca3c86f4f9004cae68a686f75d16 [3ms]
2025-03-14 11:58:48.756 [info] > git show --textconv :hdl/rtl/ethernet/ethernet_to_axis.sv [9ms]
2025-03-14 11:58:48.763 [info] > git ls-files --stage -- /home/sgass/Projects/kepler/hdl/rtl/ethernet/ethernet_to_axis.sv [9ms]
2025-03-14 11:58:48.778 [info] > git cat-file -s 3bd13efe844365f12d7f50c0113071964fffe164 [4ms]
2025-03-14 11:59:22.181 [info] > git show --textconv :hdl/rtl/ethernet/ethernet_crossbar.sv [11ms]
2025-03-14 11:59:22.188 [info] > git ls-files --stage -- /home/sgass/Projects/kepler/hdl/rtl/ethernet/ethernet_crossbar.sv [8ms]
2025-03-14 11:59:22.199 [info] > git cat-file -s b21400f88f6aca3c86f4f9004cae68a686f75d16 [3ms]
2025-03-14 11:59:28.469 [info] > git show --textconv :hdl/rtl/ethernet/ethernet_to_axis.sv [11ms]
2025-03-14 11:59:28.477 [info] > git ls-files --stage -- /home/sgass/Projects/kepler/hdl/rtl/ethernet/ethernet_to_axis.sv [8ms]
2025-03-14 11:59:28.489 [info] > git cat-file -s 3bd13efe844365f12d7f50c0113071964fffe164 [2ms]
2025-03-14 11:59:48.098 [info] > git show --textconv :hdl/rtl/ethernet/ethernet_point_to_multipoint_hub.sv [9ms]
2025-03-14 11:59:48.106 [info] > git ls-files --stage -- /home/sgass/Projects/kepler/hdl/rtl/ethernet/ethernet_point_to_multipoint_hub.sv [9ms]
2025-03-14 11:59:48.121 [info] > git cat-file -s 074c94e98d16aec115022e2b9e8b09c724cc40d1 [4ms]
2025-03-14 12:00:13.432 [info] > git show --textconv :hdl/rtl/ethernet/ethernet_to_axis.sv [13ms]
2025-03-14 12:00:13.440 [info] > git ls-files --stage -- /home/sgass/Projects/kepler/hdl/rtl/ethernet/ethernet_to_axis.sv [9ms]
2025-03-14 12:00:13.455 [info] > git cat-file -s 3bd13efe844365f12d7f50c0113071964fffe164 [4ms]
2025-03-14 12:00:31.928 [info] > git show --textconv :hdl/rtl/ethernet/ethernet_point_to_multipoint_hub.sv [7ms]
2025-03-14 12:00:31.934 [info] > git ls-files --stage -- /home/sgass/Projects/kepler/hdl/rtl/ethernet/ethernet_point_to_multipoint_hub.sv [6ms]
2025-03-14 12:00:31.949 [info] > git cat-file -s 074c94e98d16aec115022e2b9e8b09c724cc40d1 [4ms]
