2025-03-16 15:59:50.305 [info] Revived process, old id ac534d21b73f5a46534b6da463dff4de-3 -> new id 1
2025-03-16 15:59:50.377 [info] Expanding terminal instance, old id ac534d21b73f5a46534b6da463dff4de-3 -> new id 1
2025-03-16 15:59:51.037 [warning] Persistent process "1": Process had no disconnect runners but was an orphan
2025-03-16 15:59:51.037 [info] Persistent process reconnection "1"
2025-03-16 15:59:51.201 [info] Persistent process "1": Replaying 944 chars and 1 size events
2025-03-16 16:00:03.611 [info] Revived process, old id 5630d409c2d9688af845ddb14535c882-2 -> new id 2
2025-03-16 16:00:03.631 [info] Expanding terminal instance, old id 5630d409c2d9688af845ddb14535c882-2 -> new id 2
2025-03-16 16:00:03.906 [warning] Persistent process "2": Process had no disconnect runners but was an orphan
2025-03-16 16:00:03.906 [info] Persistent process reconnection "2"
2025-03-16 16:00:03.953 [info] Persistent process "2": Replaying 9650 chars and 1 size events
2025-03-16 17:00:49.060 [info] Revived process, old id ac534d21b73f5a46534b6da463dff4de-1 -> new id 3
2025-03-16 17:00:49.159 [info] Expanding terminal instance, old id ac534d21b73f5a46534b6da463dff4de-1 -> new id 3
2025-03-16 17:00:49.651 [warning] Persistent process "3": Process had no disconnect runners but was an orphan
2025-03-16 17:00:49.651 [info] Persistent process reconnection "3"
2025-03-16 17:00:49.693 [info] Persistent process "3": Replaying 1142 chars and 1 size events
2025-03-16 17:07:25.511 [info] Expanding terminal instance, old id ac534d21b73f5a46534b6da463dff4de-3 -> new id undefined
2025-03-16 17:07:26.070 [info] Persistent process reconnection "3"
2025-03-16 17:07:26.074 [info] Persistent process "3": Replaying 1317 chars and 1 size events
2025-03-16 17:48:26.669 [info] Expanding terminal instance, old id ac534d21b73f5a46534b6da463dff4de-3 -> new id undefined
2025-03-16 17:48:27.008 [info] Persistent process reconnection "3"
2025-03-16 17:48:27.084 [info] Persistent process "3": Replaying 7215 chars and 1 size events
