2025-03-11 09:30:24.719 [info] Added views:workbench.panel.markers.view in workbench.panel.markers
2025-03-11 09:30:24.719 [info] Added views:workbench.panel.output in workbench.panel.output
2025-03-11 09:30:24.719 [info] Added views:terminal in terminal
2025-03-11 09:30:24.719 [info] Added views:outline in workbench.view.explorer
2025-03-11 09:30:24.719 [info] Added views:workbench.scm in workbench.view.scm
2025-03-11 09:30:24.719 [info] Added views:workbench.view.search in workbench.view.search
2025-03-11 09:30:24.719 [info] Added views:timeline in workbench.view.explorer
2025-03-11 09:30:24.719 [info] Added views:workbench.explorer.fileView in workbench.view.explorer
2025-03-11 09:30:24.857 [info] Added views:workbench.debug.welcome in workbench.view.debug
2025-03-11 09:30:25.191 [info] Added views:workbench.panel.repl.view in workbench.panel.repl
2025-03-11 09:30:25.558 [info] Added views:~remote.forwardedPorts in ~remote.forwardedPortsContainer
2025-03-11 09:30:26.209 [info] Added views:workbench.scm.history in workbench.view.scm
2025-03-12 08:43:31.215 [info] Removed views:workbench.scm.history from workbench.view.scm
2025-03-12 08:43:31.776 [info] Added views:workbench.panel.markers.view in workbench.panel.markers
2025-03-12 08:43:31.776 [info] Added views:workbench.panel.output in workbench.panel.output
2025-03-12 08:43:31.776 [info] Added views:terminal in terminal
2025-03-12 08:43:31.776 [info] Added views:outline in workbench.view.explorer
2025-03-12 08:43:31.776 [info] Added views:workbench.scm in workbench.view.scm
2025-03-12 08:43:31.776 [info] Added views:workbench.view.search in workbench.view.search
2025-03-12 08:43:31.776 [info] Added views:timeline in workbench.view.explorer
2025-03-12 08:43:31.776 [info] Added views:workbench.explorer.fileView in workbench.view.explorer
2025-03-12 08:43:31.831 [info] Added views:workbench.debug.welcome in workbench.view.debug
2025-03-12 08:43:32.295 [info] Added views:workbench.panel.repl.view in workbench.panel.repl
2025-03-12 08:43:32.675 [info] Added views:~remote.forwardedPorts in ~remote.forwardedPortsContainer
2025-03-12 08:43:33.384 [info] Added views:workbench.scm.history in workbench.view.scm
2025-03-12 09:29:21.089 [info] Removed views:workbench.scm.history from workbench.view.scm
2025-03-12 09:29:21.633 [info] Added views:workbench.panel.markers.view in workbench.panel.markers
2025-03-12 09:29:21.633 [info] Added views:workbench.panel.output in workbench.panel.output
2025-03-12 09:29:21.633 [info] Added views:terminal in terminal
2025-03-12 09:29:21.633 [info] Added views:outline in workbench.view.explorer
2025-03-12 09:29:21.633 [info] Added views:workbench.scm in workbench.view.scm
2025-03-12 09:29:21.633 [info] Added views:workbench.view.search in workbench.view.search
2025-03-12 09:29:21.633 [info] Added views:timeline in workbench.view.explorer
2025-03-12 09:29:21.633 [info] Added views:workbench.explorer.fileView in workbench.view.explorer
2025-03-12 09:29:21.675 [info] Added views:workbench.debug.welcome in workbench.view.debug
2025-03-12 09:29:22.136 [info] Added views:workbench.panel.repl.view in workbench.panel.repl
2025-03-12 09:29:22.277 [info] Added views:~remote.forwardedPorts in ~remote.forwardedPortsContainer
2025-03-12 09:29:23.165 [info] Added views:workbench.scm.history in workbench.view.scm
