2025-03-15 17:01:57.143 [info] [main] Log level: Info
2025-03-15 17:01:57.143 [info] [main] Validating found git in: "git"
2025-03-15 17:01:57.143 [info] [main] Using git "2.43.0" from "git"
2025-03-15 17:01:57.143 [info] [Model][doInitialScan] Initial repository scan started
2025-03-15 17:01:57.143 [info] > git rev-parse --show-toplevel [3ms]
2025-03-15 17:01:57.143 [info] > git rev-parse --git-dir --git-common-dir [8ms]
2025-03-15 17:01:57.143 [info] [Model][openRepository] Opened repository: /home/sgass/Projects/kepler
2025-03-15 17:01:57.144 [info] > git config --get commit.template [5ms]
2025-03-15 17:01:57.145 [info] > git rev-parse --show-toplevel [3ms]
2025-03-15 17:01:57.150 [info] > git for-each-ref --format=%(refname)%00%(upstream:short)%00%(objectname)%00%(upstream:track)%00%(upstream:remotename)%00%(upstream:remoteref) refs/heads/sgass/prod/no-ref/mpcut1-ctrl-eth-interconnect refs/remotes/sgass/prod/no-ref/mpcut1-ctrl-eth-interconnect [2ms]
2025-03-15 17:01:57.162 [info] > git rev-parse --show-toplevel [4ms]
2025-03-15 17:01:57.167 [info] > git rev-parse --show-toplevel [1ms]
2025-03-15 17:01:57.171 [info] > git rev-parse --show-toplevel [2ms]
2025-03-15 17:01:57.175 [info] > git rev-parse --show-toplevel [1ms]
2025-03-15 17:01:57.179 [info] > git rev-parse --show-toplevel [1ms]
2025-03-15 17:01:57.183 [info] > git rev-parse --show-toplevel [1ms]
2025-03-15 17:01:57.188 [info] > git rev-parse --show-toplevel [2ms]
2025-03-15 17:01:57.193 [info] > git rev-parse --show-toplevel [2ms]
2025-03-15 17:01:57.197 [info] > git rev-parse --show-toplevel [2ms]
2025-03-15 17:01:57.200 [info] > git rev-parse --show-toplevel [1ms]
2025-03-15 17:01:57.204 [info] > git rev-parse --show-toplevel [1ms]
2025-03-15 17:01:57.209 [info] > git rev-parse --show-toplevel [2ms]
2025-03-15 17:01:57.213 [info] > git rev-parse --show-toplevel [1ms]
2025-03-15 17:01:57.217 [info] > git rev-parse --show-toplevel [0ms]
2025-03-15 17:01:57.221 [info] > git rev-parse --show-toplevel [1ms]
2025-03-15 17:01:57.226 [info] > git rev-parse --show-toplevel [1ms]
2025-03-15 17:01:57.230 [info] > git rev-parse --show-toplevel [1ms]
2025-03-15 17:01:57.234 [info] > git rev-parse --show-toplevel [1ms]
2025-03-15 17:01:57.239 [info] > git rev-parse --show-toplevel [2ms]
2025-03-15 17:01:57.244 [info] > git rev-parse --show-toplevel [1ms]
2025-03-15 17:01:57.248 [info] > git rev-parse --show-toplevel [1ms]
2025-03-15 17:01:57.252 [info] > git rev-parse --show-toplevel [2ms]
2025-03-15 17:01:57.257 [info] > git rev-parse --show-toplevel [1ms]
2025-03-15 17:01:57.261 [info] > git rev-parse --show-toplevel [1ms]
2025-03-15 17:01:57.265 [info] > git rev-parse --show-toplevel [1ms]
2025-03-15 17:01:57.269 [info] > git rev-parse --show-toplevel [1ms]
2025-03-15 17:01:57.275 [info] > git rev-parse --show-toplevel [2ms]
2025-03-15 17:01:57.279 [info] > git rev-parse --show-toplevel [1ms]
2025-03-15 17:01:57.282 [info] > git rev-parse --show-toplevel [1ms]
2025-03-15 17:01:57.287 [info] > git rev-parse --show-toplevel [1ms]
2025-03-15 17:01:57.291 [info] > git rev-parse --show-toplevel [1ms]
2025-03-15 17:01:57.295 [info] > git rev-parse --show-toplevel [1ms]
2025-03-15 17:01:57.298 [info] > git rev-parse --show-toplevel [1ms]
2025-03-15 17:01:57.302 [info] > git rev-parse --show-toplevel [1ms]
2025-03-15 17:01:57.303 [info] [Model][doInitialScan] Initial repository scan completed - repositories (1), closed repositories (0), parent repositories (0), unsafe repositories (0)
2025-03-15 17:01:57.385 [info] > git status -z -uall [231ms]
2025-03-15 17:01:57.398 [info] > git for-each-ref --format=%(refname)%00%(upstream:short)%00%(objectname)%00%(upstream:track)%00%(upstream:remotename)%00%(upstream:remoteref) refs/heads/sgass/prod/no-ref/mpcut1-ctrl-eth-interconnect refs/remotes/sgass/prod/no-ref/mpcut1-ctrl-eth-interconnect [8ms]
2025-03-15 17:01:57.402 [info] > git config --local branch.sgass/prod/no-ref/mpcut1-ctrl-eth-interconnect.vscode-merge-base [2ms]
2025-03-15 17:01:57.406 [info] > git config --get commit.template [9ms]
2025-03-15 17:01:57.410 [info] > git for-each-ref --format=%(refname)%00%(upstream:short)%00%(objectname)%00%(upstream:track)%00%(upstream:remotename)%00%(upstream:remoteref) refs/heads/origin/develop refs/remotes/origin/develop [4ms]
2025-03-15 17:01:57.411 [info] > git for-each-ref --format=%(refname)%00%(upstream:short)%00%(objectname)%00%(upstream:track)%00%(upstream:remotename)%00%(upstream:remoteref) refs/heads/sgass/prod/no-ref/mpcut1-ctrl-eth-interconnect refs/remotes/sgass/prod/no-ref/mpcut1-ctrl-eth-interconnect [2ms]
2025-03-15 17:01:57.642 [info] > git check-ignore -v -z --stdin [8ms]
2025-03-15 17:01:57.651 [info] > git status -z -uall [237ms]
2025-03-15 17:01:57.657 [info] > git for-each-ref --format=%(refname)%00%(upstream:short)%00%(objectname)%00%(upstream:track)%00%(upstream:remotename)%00%(upstream:remoteref) refs/heads/sgass/prod/no-ref/mpcut1-ctrl-eth-interconnect refs/remotes/sgass/prod/no-ref/mpcut1-ctrl-eth-interconnect [1ms]
2025-03-15 17:01:57.661 [info] > git config --local branch.sgass/prod/no-ref/mpcut1-ctrl-eth-interconnect.vscode-merge-base [0ms]
2025-03-15 17:01:57.665 [info] > git for-each-ref --format=%(refname)%00%(upstream:short)%00%(objectname)%00%(upstream:track)%00%(upstream:remotename)%00%(upstream:remoteref) refs/heads/origin/develop refs/remotes/origin/develop [0ms]
2025-03-15 17:01:57.706 [info] > git show --textconv :hdl/rtl/ethernet/ethernet_point_to_multipoint_hub.sv [7ms]
2025-03-15 17:01:57.708 [info] > git ls-files --stage -- /home/sgass/Projects/kepler/hdl/rtl/ethernet/ethernet_point_to_multipoint_hub.sv [6ms]
2025-03-15 17:01:57.713 [info] > git cat-file -s 8ab90259c2a3e38d0df657937e03e89663ac2e57 [2ms]
2025-03-15 17:01:57.896 [info] > git rev-parse --show-toplevel [1ms]
2025-03-15 17:01:57.899 [info] > git rev-parse --git-dir --git-common-dir [1ms]
2025-03-15 17:01:57.902 [info] [Model][openRepository] Opened repository: /home/sgass/Projects/kepler/third_party/libhydrogen
2025-03-15 17:01:57.911 [info] > git config --get commit.template [5ms]
2025-03-15 17:01:57.912 [info] > git rev-parse --show-toplevel [2ms]
2025-03-15 17:01:57.920 [info] > git rev-parse --git-dir --git-common-dir [1ms]
2025-03-15 17:01:57.922 [info] [Model][openRepository] Opened repository: /home/sgass/Projects/kepler/third_party/magic_enum
2025-03-15 17:01:57.922 [info] > git for-each-ref --format %(refname) %(objectname) %(*objectname) refs/tags [6ms]
2025-03-15 17:01:57.935 [info] > git status -z -uall [9ms]
2025-03-15 17:01:57.935 [info] > git rev-parse --show-toplevel [2ms]
2025-03-15 17:01:57.935 [info] > git config --get commit.template [5ms]
2025-03-15 17:01:57.946 [info] > git rev-parse --git-dir --git-common-dir [6ms]
2025-03-15 17:01:57.948 [info] [Model][openRepository] Opened repository: /home/sgass/Projects/kepler/third_party/googletest
2025-03-15 17:01:57.954 [info] > git for-each-ref --format %(refname) %(objectname) %(*objectname) refs/tags [8ms]
2025-03-15 17:01:57.955 [info] > git config --get commit.template [12ms]
2025-03-15 17:01:57.961 [info] > git status -z -uall [3ms]
2025-03-15 17:01:57.961 [info] > git rev-parse --show-toplevel [7ms]
2025-03-15 17:01:57.961 [info] > git config --get commit.template [10ms]
2025-03-15 17:01:57.968 [info] > git for-each-ref --format %(refname) %(objectname) %(*objectname) refs/tags [7ms]
2025-03-15 17:01:57.977 [info] > git rev-parse --show-toplevel [9ms]
2025-03-15 17:01:57.983 [info] > git status -z -uall [2ms]
2025-03-15 17:01:57.983 [info] > git config --get commit.template [6ms]
2025-03-15 17:01:57.983 [info] > git for-each-ref --format %(refname) %(objectname) %(*objectname) refs/tags [9ms]
2025-03-15 17:01:57.998 [info] > git status -z -uall [12ms]
2025-03-15 17:01:58.000 [info] > git rev-parse --git-dir --git-common-dir [17ms]
2025-03-15 17:01:58.002 [info] [Model][openRepository] Opened repository: /home/sgass/Projects/kepler/third_party/fast-cpp-csv-parser
2025-03-15 17:01:58.018 [info] > git for-each-ref --format %(refname) %(objectname) %(*objectname) refs/tags [19ms]
2025-03-15 17:01:58.026 [info] > git status -z -uall [4ms]
2025-03-15 17:01:58.026 [info] > git rev-parse --show-toplevel [9ms]
2025-03-15 17:01:58.026 [info] > git config --get commit.template [13ms]
2025-03-15 17:01:58.027 [info] > git config --get commit.template [17ms]
2025-03-15 17:01:58.040 [info] > git rev-parse --git-dir --git-common-dir [9ms]
2025-03-15 17:01:58.041 [info] [Model][openRepository] Opened repository: /home/sgass/Projects/kepler/hdl/verilog-axis
2025-03-15 17:01:58.048 [info] > git for-each-ref --format %(refname) %(objectname) %(*objectname) refs/tags [9ms]
2025-03-15 17:01:58.048 [info] > git for-each-ref --format %(refname) %(objectname) %(*objectname) refs/tags [12ms]
2025-03-15 17:01:58.058 [info] > git status -z -uall [5ms]
2025-03-15 17:01:58.058 [info] > git rev-parse --show-toplevel [10ms]
2025-03-15 17:01:58.058 [info] > git config --get commit.template [13ms]
2025-03-15 17:01:58.072 [info] > git status -z -uall [15ms]
2025-03-15 17:01:58.072 [info] > git rev-parse --git-dir --git-common-dir [10ms]
2025-03-15 17:01:58.074 [info] [Model][openRepository] Opened repository: /home/sgass/Projects/kepler/hdl/verilog-ethernet
2025-03-15 17:01:58.086 [info] > git config --get commit.template [14ms]
2025-03-15 17:01:58.086 [info] > git for-each-ref --format %(refname) %(objectname) %(*objectname) refs/tags [18ms]
2025-03-15 17:01:58.092 [info] > git rev-parse --show-toplevel [6ms]
2025-03-15 17:01:58.092 [info] > git config --get commit.template [9ms]
2025-03-15 17:01:58.106 [info] > git status -z -uall [15ms]
2025-03-15 17:01:58.117 [info] > git rev-parse --git-dir --git-common-dir [11ms]
2025-03-15 17:01:58.121 [info] [Model][openRepository] Opened repository: /home/sgass/Projects/kepler/third_party/vext.soapysdr
2025-03-15 17:01:58.122 [info] > git for-each-ref --format %(refname) %(objectname) %(*objectname) refs/tags [20ms]
2025-03-15 17:01:58.141 [info] > git status -z -uall [13ms]
2025-03-15 17:01:58.141 [info] > git config --get commit.template [25ms]
2025-03-15 17:01:58.142 [info] > git for-each-ref --format %(refname) %(objectname) %(*objectname) refs/tags [29ms]
2025-03-15 17:01:58.147 [info] > git rev-parse --show-toplevel [7ms]
2025-03-15 17:01:58.147 [info] > git config --get commit.template [13ms]
2025-03-15 17:01:58.161 [info] > git status -z -uall [15ms]
2025-03-15 17:01:58.161 [info] > git for-each-ref --format %(refname) %(objectname) %(*objectname) refs/tags [9ms]
2025-03-15 17:01:58.170 [info] > git status -z -uall [4ms]
2025-03-15 17:01:58.170 [info] > git for-each-ref --format %(refname) %(objectname) %(*objectname) refs/tags [9ms]
2025-03-15 17:01:58.170 [info] > git rev-parse --git-dir --git-common-dir [13ms]
2025-03-15 17:01:58.173 [info] [Model][openRepository] Opened repository: /home/sgass/Projects/kepler/third_party/STM32CubeL1
2025-03-15 17:01:58.186 [info] > git status -z -uall [8ms]
2025-03-15 17:01:58.186 [info] > git config --get commit.template [17ms]
2025-03-15 17:01:58.189 [info] > git rev-parse --show-toplevel [5ms]
2025-03-15 17:01:58.189 [info] > git config --get commit.template [8ms]
2025-03-15 17:01:58.205 [info] > git rev-parse --git-dir --git-common-dir [7ms]
2025-03-15 17:01:58.208 [info] [Model][openRepository] Opened repository: /home/sgass/Projects/kepler/ansible/kubespray
2025-03-15 17:01:58.208 [info] > git for-each-ref --format %(refname) %(objectname) %(*objectname) refs/tags [13ms]
2025-03-15 17:01:58.215 [info] > git for-each-ref --format %(refname) %(objectname) %(*objectname) refs/tags [10ms]
2025-03-15 17:01:58.215 [info] > git config --get commit.template [14ms]
2025-03-15 17:01:58.225 [info] > git status -z -uall [13ms]
2025-03-15 17:01:58.225 [info] > git for-each-ref --format %(refname) %(objectname) %(*objectname) refs/tags [3ms]
2025-03-15 17:01:58.226 [info] > git config --get commit.template [11ms]
2025-03-15 17:01:58.233 [info] > git for-each-ref --format %(refname) %(objectname) %(*objectname) refs/tags [3ms]
2025-03-15 17:01:58.236 [info] > git status -z -uall [4ms]
2025-03-15 17:01:58.246 [info] > git status -z -uall [10ms]
2025-03-15 17:01:58.257 [info] > git status -z -uall [39ms]
2025-03-15 17:01:58.263 [info] > git config --get commit.template [7ms]
2025-03-15 17:01:58.267 [info] > git config --get commit.template [4ms]
2025-03-15 17:01:58.273 [info] > git for-each-ref --format %(refname) %(objectname) %(*objectname) refs/tags [7ms]
2025-03-15 17:01:58.278 [info] > git for-each-ref --format %(refname) %(objectname) %(*objectname) refs/tags [6ms]
2025-03-15 17:01:58.287 [info] > git status -z -uall [8ms]
2025-03-15 17:01:58.303 [info] > git status -z -uall [21ms]
2025-03-15 17:01:58.633 [info] > git check-ignore -v -z --stdin [1ms]
2025-03-15 17:01:58.640 [info] > git check-ignore -v -z --stdin [12ms]
2025-03-15 17:02:36.302 [info] [main] Log level: Info
2025-03-15 17:02:36.302 [info] [main] Validating found git in: "git"
2025-03-15 17:02:36.302 [info] [main] Using git "2.43.0" from "git"
2025-03-15 17:02:36.302 [info] [Model][doInitialScan] Initial repository scan started
2025-03-15 17:02:36.302 [info] > git rev-parse --show-toplevel [2ms]
2025-03-15 17:02:36.308 [info] > git rev-parse --git-dir --git-common-dir [2ms]
2025-03-15 17:02:36.310 [info] [Model][openRepository] Opened repository: /home/sgass/Projects/Personal/resume
2025-03-15 17:02:36.319 [info] > git config --get commit.template [4ms]
2025-03-15 17:02:36.320 [info] > git rev-parse --show-toplevel [2ms]
2025-03-15 17:02:36.328 [info] > git for-each-ref --format=%(refname)%00%(upstream:short)%00%(objectname)%00%(upstream:track)%00%(upstream:remotename)%00%(upstream:remoteref) refs/heads/master refs/remotes/master [4ms]
2025-03-15 17:02:36.333 [info] > git rev-parse --show-toplevel [5ms]
2025-03-15 17:02:36.335 [info] > git status -z -uall [3ms]
2025-03-15 17:02:36.347 [info] > git for-each-ref --format=%(refname)%00%(upstream:short)%00%(objectname)%00%(upstream:track)%00%(upstream:remotename)%00%(upstream:remoteref) refs/heads/master refs/remotes/master [7ms]
2025-03-15 17:02:36.351 [info] > git rev-parse --show-toplevel [16ms]
2025-03-15 17:02:36.352 [info] [Model][doInitialScan] Initial repository scan completed - repositories (1), closed repositories (0), parent repositories (0), unsafe repositories (0)
2025-03-15 17:02:36.353 [info] > git config --local branch.master.vscode-merge-base [2ms]
2025-03-15 17:02:36.356 [info] > git config --get commit.template [9ms]
2025-03-15 17:02:36.361 [info] > git for-each-ref --format=%(refname)%00%(upstream:short)%00%(objectname)%00%(upstream:track)%00%(upstream:remotename)%00%(upstream:remoteref) refs/heads/origin/master refs/remotes/origin/master [5ms]
2025-03-15 17:02:36.372 [info] > git merge-base refs/heads/master refs/remotes/origin/master [6ms]
2025-03-15 17:02:36.377 [info] > git for-each-ref --format=%(refname)%00%(upstream:short)%00%(objectname)%00%(upstream:track)%00%(upstream:remotename)%00%(upstream:remoteref) refs/heads/master refs/remotes/master [7ms]
2025-03-15 17:02:36.381 [info] > git rev-list --count --left-right refs/heads/master...refs/remotes/origin/master [5ms]
2025-03-15 17:02:36.388 [info] > git status -z -uall [7ms]
2025-03-15 17:02:36.396 [info] > git diff --name-status -z --diff-filter=ADMR 51c80bd8beeb985984bde94a415836340aa39725...refs/remotes/origin/master [9ms]
2025-03-15 17:02:36.397 [info] > git for-each-ref --format=%(refname)%00%(upstream:short)%00%(objectname)%00%(upstream:track)%00%(upstream:remotename)%00%(upstream:remoteref) refs/heads/master refs/remotes/master [3ms]
2025-03-15 17:02:36.402 [info] > git config --local branch.master.vscode-merge-base [1ms]
2025-03-15 17:02:36.407 [info] > git for-each-ref --format=%(refname)%00%(upstream:short)%00%(objectname)%00%(upstream:track)%00%(upstream:remotename)%00%(upstream:remoteref) refs/heads/origin/master refs/remotes/origin/master [1ms]
2025-03-15 17:02:36.621 [info] > git show --textconv :resume.tex [5ms]
2025-03-15 17:02:36.623 [info] > git ls-files --stage -- /home/sgass/Projects/Personal/resume/resume.tex [2ms]
2025-03-15 17:02:36.632 [info] > git cat-file -s 69acf9e5cd3757172b76427cf5d347a3aafe573a [3ms]
2025-03-15 17:02:36.832 [info] > git check-ignore -v -z --stdin [3ms]
2025-03-15 17:02:37.497 [info] > git ls-files --stage -- /home/sgass/Projects/Personal/resume/resume.tex [1ms]
2025-03-15 17:02:37.501 [info] > git cat-file -s 69acf9e5cd3757172b76427cf5d347a3aafe573a [1ms]
2025-03-15 17:02:37.505 [info] > git show --textconv :resume.tex [1ms]
2025-03-15 17:17:25.954 [info] > git config --get commit.template [8ms]
2025-03-15 17:17:25.955 [info] > git for-each-ref --format=%(refname)%00%(upstream:short)%00%(objectname)%00%(upstream:track)%00%(upstream:remotename)%00%(upstream:remoteref) refs/heads/master refs/remotes/master [2ms]
2025-03-15 17:17:25.967 [info] > git status -z -uall [4ms]
2025-03-15 17:17:25.978 [info] > git for-each-ref --format=%(refname)%00%(upstream:short)%00%(objectname)%00%(upstream:track)%00%(upstream:remotename)%00%(upstream:remoteref) refs/heads/master refs/remotes/master [4ms]
2025-03-15 17:17:25.988 [info] > git config --local branch.master.vscode-merge-base [2ms]
2025-03-15 17:17:25.994 [info] > git for-each-ref --format=%(refname)%00%(upstream:short)%00%(objectname)%00%(upstream:track)%00%(upstream:remotename)%00%(upstream:remoteref) refs/heads/origin/master refs/remotes/origin/master [2ms]
2025-03-15 17:17:34.416 [info] > git config --get commit.template [8ms]
2025-03-15 17:17:34.418 [info] > git for-each-ref --format=%(refname)%00%(upstream:short)%00%(objectname)%00%(upstream:track)%00%(upstream:remotename)%00%(upstream:remoteref) refs/heads/master refs/remotes/master [3ms]
2025-03-15 17:17:34.428 [info] > git status -z -uall [3ms]
2025-03-15 17:17:34.438 [info] > git for-each-ref --format=%(refname)%00%(upstream:short)%00%(objectname)%00%(upstream:track)%00%(upstream:remotename)%00%(upstream:remoteref) refs/heads/master refs/remotes/master [3ms]
2025-03-15 17:17:34.446 [info] > git config --local branch.master.vscode-merge-base [2ms]
2025-03-15 17:17:34.453 [info] > git for-each-ref --format=%(refname)%00%(upstream:short)%00%(objectname)%00%(upstream:track)%00%(upstream:remotename)%00%(upstream:remoteref) refs/heads/origin/master refs/remotes/origin/master [1ms]
2025-03-15 17:17:39.993 [info] > git config --get commit.template [7ms]
2025-03-15 17:17:39.994 [info] > git for-each-ref --format=%(refname)%00%(upstream:short)%00%(objectname)%00%(upstream:track)%00%(upstream:remotename)%00%(upstream:remoteref) refs/heads/master refs/remotes/master [2ms]
2025-03-15 17:17:40.004 [info] > git status -z -uall [3ms]
2025-03-15 17:17:40.013 [info] > git for-each-ref --format=%(refname)%00%(upstream:short)%00%(objectname)%00%(upstream:track)%00%(upstream:remotename)%00%(upstream:remoteref) refs/heads/master refs/remotes/master [2ms]
2025-03-15 17:17:40.023 [info] > git config --local branch.master.vscode-merge-base [2ms]
2025-03-15 17:17:40.029 [info] > git for-each-ref --format=%(refname)%00%(upstream:short)%00%(objectname)%00%(upstream:track)%00%(upstream:remotename)%00%(upstream:remoteref) refs/heads/origin/master refs/remotes/origin/master [2ms]
2025-03-15 17:17:47.964 [info] > git config --get commit.template [12ms]
2025-03-15 17:17:47.965 [info] > git for-each-ref --format=%(refname)%00%(upstream:short)%00%(objectname)%00%(upstream:track)%00%(upstream:remotename)%00%(upstream:remoteref) refs/heads/master refs/remotes/master [3ms]
2025-03-15 17:17:47.979 [info] > git status -z -uall [5ms]
2025-03-15 17:17:47.993 [info] > git for-each-ref --format=%(refname)%00%(upstream:short)%00%(objectname)%00%(upstream:track)%00%(upstream:remotename)%00%(upstream:remoteref) refs/heads/master refs/remotes/master [3ms]
2025-03-15 17:17:48.004 [info] > git config --local branch.master.vscode-merge-base [2ms]
2025-03-15 17:17:48.012 [info] > git for-each-ref --format=%(refname)%00%(upstream:short)%00%(objectname)%00%(upstream:track)%00%(upstream:remotename)%00%(upstream:remoteref) refs/heads/origin/master refs/remotes/origin/master [2ms]
2025-03-15 17:18:06.996 [info] > git config --get commit.template [3ms]
2025-03-15 17:18:06.997 [info] > git for-each-ref --format=%(refname)%00%(upstream:short)%00%(objectname)%00%(upstream:track)%00%(upstream:remotename)%00%(upstream:remoteref) refs/heads/master refs/remotes/master [1ms]
2025-03-15 17:18:07.002 [info] > git status -z -uall [2ms]
2025-03-15 17:18:07.008 [info] > git for-each-ref --format=%(refname)%00%(upstream:short)%00%(objectname)%00%(upstream:track)%00%(upstream:remotename)%00%(upstream:remoteref) refs/heads/master refs/remotes/master [2ms]
2025-03-15 17:18:07.012 [info] > git config --local branch.master.vscode-merge-base [1ms]
2025-03-15 17:18:07.017 [info] > git for-each-ref --format=%(refname)%00%(upstream:short)%00%(objectname)%00%(upstream:track)%00%(upstream:remotename)%00%(upstream:remoteref) refs/heads/origin/master refs/remotes/origin/master [2ms]
2025-03-15 17:18:27.232 [info] > git config --get commit.template [5ms]
2025-03-15 17:18:27.232 [info] > git for-each-ref --format=%(refname)%00%(upstream:short)%00%(objectname)%00%(upstream:track)%00%(upstream:remotename)%00%(upstream:remoteref) refs/heads/master refs/remotes/master [2ms]
2025-03-15 17:18:27.241 [info] > git status -z -uall [4ms]
2025-03-15 17:18:27.251 [info] > git for-each-ref --format=%(refname)%00%(upstream:short)%00%(objectname)%00%(upstream:track)%00%(upstream:remotename)%00%(upstream:remoteref) refs/heads/master refs/remotes/master [4ms]
2025-03-15 17:18:27.259 [info] > git config --local branch.master.vscode-merge-base [2ms]
2025-03-15 17:18:27.266 [info] > git for-each-ref --format=%(refname)%00%(upstream:short)%00%(objectname)%00%(upstream:track)%00%(upstream:remotename)%00%(upstream:remoteref) refs/heads/origin/master refs/remotes/origin/master [2ms]
2025-03-15 17:18:35.095 [info] > git config --get commit.template [12ms]
2025-03-15 17:18:35.097 [info] > git for-each-ref --format=%(refname)%00%(upstream:short)%00%(objectname)%00%(upstream:track)%00%(upstream:remotename)%00%(upstream:remoteref) refs/heads/master refs/remotes/master [3ms]
2025-03-15 17:18:35.106 [info] > git status -z -uall [2ms]
2025-03-15 17:18:35.112 [info] > git for-each-ref --format=%(refname)%00%(upstream:short)%00%(objectname)%00%(upstream:track)%00%(upstream:remotename)%00%(upstream:remoteref) refs/heads/master refs/remotes/master [2ms]
2025-03-15 17:18:35.118 [info] > git config --local branch.master.vscode-merge-base [2ms]
2025-03-15 17:18:35.124 [info] > git for-each-ref --format=%(refname)%00%(upstream:short)%00%(objectname)%00%(upstream:track)%00%(upstream:remotename)%00%(upstream:remoteref) refs/heads/origin/master refs/remotes/origin/master [1ms]
2025-03-15 17:18:45.844 [info] > git config --get commit.template [6ms]
2025-03-15 17:18:45.844 [info] > git for-each-ref --format=%(refname)%00%(upstream:short)%00%(objectname)%00%(upstream:track)%00%(upstream:remotename)%00%(upstream:remoteref) refs/heads/master refs/remotes/master [1ms]
2025-03-15 17:18:45.858 [info] > git status -z -uall [7ms]
2025-03-15 17:18:45.874 [info] > git for-each-ref --format=%(refname)%00%(upstream:short)%00%(objectname)%00%(upstream:track)%00%(upstream:remotename)%00%(upstream:remoteref) refs/heads/master refs/remotes/master [4ms]
2025-03-15 17:18:45.883 [info] > git config --local branch.master.vscode-merge-base [2ms]
2025-03-15 17:18:45.892 [info] > git for-each-ref --format=%(refname)%00%(upstream:short)%00%(objectname)%00%(upstream:track)%00%(upstream:remotename)%00%(upstream:remoteref) refs/heads/origin/master refs/remotes/origin/master [3ms]
2025-03-15 17:18:50.894 [info] > git config --get commit.template [9ms]
2025-03-15 17:18:50.896 [info] > git for-each-ref --format=%(refname)%00%(upstream:short)%00%(objectname)%00%(upstream:track)%00%(upstream:remotename)%00%(upstream:remoteref) refs/heads/master refs/remotes/master [3ms]
2025-03-15 17:18:50.909 [info] > git status -z -uall [4ms]
2025-03-15 17:18:50.921 [info] > git for-each-ref --format=%(refname)%00%(upstream:short)%00%(objectname)%00%(upstream:track)%00%(upstream:remotename)%00%(upstream:remoteref) refs/heads/master refs/remotes/master [4ms]
2025-03-15 17:18:50.934 [info] > git config --local branch.master.vscode-merge-base [3ms]
2025-03-15 17:18:50.945 [info] > git for-each-ref --format=%(refname)%00%(upstream:short)%00%(objectname)%00%(upstream:track)%00%(upstream:remotename)%00%(upstream:remoteref) refs/heads/origin/master refs/remotes/origin/master [2ms]
2025-03-15 17:20:10.386 [info] > git config --get commit.template [6ms]
2025-03-15 17:20:10.387 [info] > git for-each-ref --format=%(refname)%00%(upstream:short)%00%(objectname)%00%(upstream:track)%00%(upstream:remotename)%00%(upstream:remoteref) refs/heads/master refs/remotes/master [2ms]
2025-03-15 17:20:10.397 [info] > git status -z -uall [3ms]
2025-03-15 17:20:10.408 [info] > git for-each-ref --format=%(refname)%00%(upstream:short)%00%(objectname)%00%(upstream:track)%00%(upstream:remotename)%00%(upstream:remoteref) refs/heads/master refs/remotes/master [3ms]
2025-03-15 17:20:10.419 [info] > git config --local branch.master.vscode-merge-base [2ms]
2025-03-15 17:20:10.431 [info] > git for-each-ref --format=%(refname)%00%(upstream:short)%00%(objectname)%00%(upstream:track)%00%(upstream:remotename)%00%(upstream:remoteref) refs/heads/origin/master refs/remotes/origin/master [3ms]
2025-03-15 17:20:33.283 [info] > git config --get commit.template [8ms]
2025-03-15 17:20:33.285 [info] > git for-each-ref --format=%(refname)%00%(upstream:short)%00%(objectname)%00%(upstream:track)%00%(upstream:remotename)%00%(upstream:remoteref) refs/heads/master refs/remotes/master [2ms]
2025-03-15 17:20:33.290 [info] > git status -z -uall [2ms]
2025-03-15 17:20:33.295 [info] > git for-each-ref --format=%(refname)%00%(upstream:short)%00%(objectname)%00%(upstream:track)%00%(upstream:remotename)%00%(upstream:remoteref) refs/heads/master refs/remotes/master [2ms]
2025-03-15 17:20:33.300 [info] > git config --local branch.master.vscode-merge-base [2ms]
2025-03-15 17:20:33.307 [info] > git for-each-ref --format=%(refname)%00%(upstream:short)%00%(objectname)%00%(upstream:track)%00%(upstream:remotename)%00%(upstream:remoteref) refs/heads/origin/master refs/remotes/origin/master [3ms]
2025-03-15 17:20:39.149 [info] > git config --get commit.template [9ms]
2025-03-15 17:20:39.152 [info] > git for-each-ref --format=%(refname)%00%(upstream:short)%00%(objectname)%00%(upstream:track)%00%(upstream:remotename)%00%(upstream:remoteref) refs/heads/master refs/remotes/master [4ms]
2025-03-15 17:20:39.165 [info] > git status -z -uall [5ms]
2025-03-15 17:20:39.175 [info] > git for-each-ref --format=%(refname)%00%(upstream:short)%00%(objectname)%00%(upstream:track)%00%(upstream:remotename)%00%(upstream:remoteref) refs/heads/master refs/remotes/master [3ms]
2025-03-15 17:20:39.185 [info] > git config --local branch.master.vscode-merge-base [2ms]
2025-03-15 17:20:39.194 [info] > git for-each-ref --format=%(refname)%00%(upstream:short)%00%(objectname)%00%(upstream:track)%00%(upstream:remotename)%00%(upstream:remoteref) refs/heads/origin/master refs/remotes/origin/master [2ms]
2025-03-15 17:20:44.195 [info] > git config --get commit.template [7ms]
2025-03-15 17:20:44.196 [info] > git for-each-ref --format=%(refname)%00%(upstream:short)%00%(objectname)%00%(upstream:track)%00%(upstream:remotename)%00%(upstream:remoteref) refs/heads/master refs/remotes/master [2ms]
2025-03-15 17:20:44.207 [info] > git status -z -uall [4ms]
2025-03-15 17:20:44.216 [info] > git for-each-ref --format=%(refname)%00%(upstream:short)%00%(objectname)%00%(upstream:track)%00%(upstream:remotename)%00%(upstream:remoteref) refs/heads/master refs/remotes/master [2ms]
2025-03-15 17:20:44.224 [info] > git config --local branch.master.vscode-merge-base [2ms]
2025-03-15 17:20:44.231 [info] > git for-each-ref --format=%(refname)%00%(upstream:short)%00%(objectname)%00%(upstream:track)%00%(upstream:remotename)%00%(upstream:remoteref) refs/heads/origin/master refs/remotes/origin/master [1ms]
2025-03-15 17:22:35.181 [info] > git config --get commit.template [9ms]
2025-03-15 17:22:35.183 [info] > git for-each-ref --format=%(refname)%00%(upstream:short)%00%(objectname)%00%(upstream:track)%00%(upstream:remotename)%00%(upstream:remoteref) refs/heads/master refs/remotes/master [3ms]
2025-03-15 17:22:35.196 [info] > git status -z -uall [5ms]
2025-03-15 17:22:35.210 [info] > git for-each-ref --format=%(refname)%00%(upstream:short)%00%(objectname)%00%(upstream:track)%00%(upstream:remotename)%00%(upstream:remoteref) refs/heads/master refs/remotes/master [4ms]
2025-03-15 17:22:35.222 [info] > git config --local branch.master.vscode-merge-base [2ms]
2025-03-15 17:22:35.233 [info] > git for-each-ref --format=%(refname)%00%(upstream:short)%00%(objectname)%00%(upstream:track)%00%(upstream:remotename)%00%(upstream:remoteref) refs/heads/origin/master refs/remotes/origin/master [3ms]
2025-03-15 17:22:52.613 [info] > git config --get commit.template [13ms]
2025-03-15 17:22:52.616 [info] > git for-each-ref --format=%(refname)%00%(upstream:short)%00%(objectname)%00%(upstream:track)%00%(upstream:remotename)%00%(upstream:remoteref) refs/heads/master refs/remotes/master [4ms]
2025-03-15 17:22:52.624 [info] > git status -z -uall [2ms]
2025-03-15 17:22:52.628 [info] > git for-each-ref --format=%(refname)%00%(upstream:short)%00%(objectname)%00%(upstream:track)%00%(upstream:remotename)%00%(upstream:remoteref) refs/heads/master refs/remotes/master [1ms]
2025-03-15 17:22:52.634 [info] > git config --local branch.master.vscode-merge-base [1ms]
2025-03-15 17:22:52.639 [info] > git for-each-ref --format=%(refname)%00%(upstream:short)%00%(objectname)%00%(upstream:track)%00%(upstream:remotename)%00%(upstream:remoteref) refs/heads/origin/master refs/remotes/origin/master [1ms]
2025-03-15 17:23:04.189 [info] > git config --get commit.template [8ms]
2025-03-15 17:23:04.190 [info] > git for-each-ref --format=%(refname)%00%(upstream:short)%00%(objectname)%00%(upstream:track)%00%(upstream:remotename)%00%(upstream:remoteref) refs/heads/master refs/remotes/master [2ms]
2025-03-15 17:23:04.200 [info] > git status -z -uall [4ms]
2025-03-15 17:23:04.208 [info] > git for-each-ref --format=%(refname)%00%(upstream:short)%00%(objectname)%00%(upstream:track)%00%(upstream:remotename)%00%(upstream:remoteref) refs/heads/master refs/remotes/master [1ms]
2025-03-15 17:23:04.218 [info] > git config --local branch.master.vscode-merge-base [2ms]
2025-03-15 17:23:04.226 [info] > git for-each-ref --format=%(refname)%00%(upstream:short)%00%(objectname)%00%(upstream:track)%00%(upstream:remotename)%00%(upstream:remoteref) refs/heads/origin/master refs/remotes/origin/master [2ms]
2025-03-15 17:23:04.279 [info] > git ls-files --stage -- /home/sgass/Projects/Personal/resume/resume.tex [1ms]
2025-03-15 17:23:04.286 [info] > git cat-file -s 4f24ae97a07eac96caed8a636a6836c994d7366f [2ms]
2025-03-15 17:23:04.296 [info] > git show --textconv :resume.tex [2ms]
2025-03-15 17:23:29.011 [info] > git config --get commit.template [7ms]
2025-03-15 17:23:29.013 [info] > git for-each-ref --format=%(refname)%00%(upstream:short)%00%(objectname)%00%(upstream:track)%00%(upstream:remotename)%00%(upstream:remoteref) refs/heads/master refs/remotes/master [3ms]
2025-03-15 17:23:29.024 [info] > git status -z -uall [5ms]
2025-03-15 17:23:29.033 [info] > git for-each-ref --format=%(refname)%00%(upstream:short)%00%(objectname)%00%(upstream:track)%00%(upstream:remotename)%00%(upstream:remoteref) refs/heads/master refs/remotes/master [3ms]
2025-03-15 17:23:29.038 [info] > git config --local branch.master.vscode-merge-base [1ms]
2025-03-15 17:23:29.042 [info] > git for-each-ref --format=%(refname)%00%(upstream:short)%00%(objectname)%00%(upstream:track)%00%(upstream:remotename)%00%(upstream:remoteref) refs/heads/origin/master refs/remotes/origin/master [1ms]
2025-03-15 17:23:29.046 [info] > git merge-base refs/heads/master refs/remotes/origin/master [1ms]
2025-03-15 17:23:29.050 [info] > git rev-list --count --left-right refs/heads/master...refs/remotes/origin/master [1ms]
2025-03-15 17:23:29.054 [info] > git diff --name-status -z --diff-filter=ADMR 51c80bd8beeb985984bde94a415836340aa39725...refs/remotes/origin/master [1ms]
2025-03-15 17:23:29.111 [info] > git ls-files --stage -- /home/sgass/Projects/Personal/resume/resume.tex [4ms]
2025-03-15 17:23:29.126 [info] > git cat-file -s 4f24ae97a07eac96caed8a636a6836c994d7366f [4ms]
2025-03-15 17:23:29.155 [info] > git show --textconv :resume.tex [3ms]
2025-03-15 17:23:42.505 [info] > git config --get commit.template [10ms]
2025-03-15 17:23:42.505 [info] > git for-each-ref --format=%(refname)%00%(upstream:short)%00%(objectname)%00%(upstream:track)%00%(upstream:remotename)%00%(upstream:remoteref) refs/heads/master refs/remotes/master [2ms]
2025-03-15 17:23:42.514 [info] > git status -z -uall [4ms]
2025-03-15 17:23:42.524 [info] > git for-each-ref --format=%(refname)%00%(upstream:short)%00%(objectname)%00%(upstream:track)%00%(upstream:remotename)%00%(upstream:remoteref) refs/heads/master refs/remotes/master [3ms]
2025-03-15 17:23:42.535 [info] > git config --local branch.master.vscode-merge-base [3ms]
2025-03-15 17:23:42.546 [info] > git for-each-ref --format=%(refname)%00%(upstream:short)%00%(objectname)%00%(upstream:track)%00%(upstream:remotename)%00%(upstream:remoteref) refs/heads/origin/master refs/remotes/origin/master [2ms]
2025-03-15 17:23:42.556 [info] > git merge-base refs/heads/master refs/remotes/origin/master [2ms]
2025-03-15 17:23:42.566 [info] > git rev-list --count --left-right refs/heads/master...refs/remotes/origin/master [2ms]
2025-03-15 17:23:42.574 [info] > git diff --name-status -z --diff-filter=ADMR faf097e0447b05ebc82dc15098682aa8d7824990...refs/remotes/origin/master [3ms]
2025-03-15 17:23:42.594 [info] > git ls-files --stage -- /home/sgass/Projects/Personal/resume/resume.tex [2ms]
2025-03-15 17:23:42.602 [info] > git cat-file -s 4f24ae97a07eac96caed8a636a6836c994d7366f [2ms]
2025-03-15 17:23:42.611 [info] > git show --textconv :resume.tex [2ms]
2025-03-15 17:24:04.749 [info] [main] Log level: Info
2025-03-15 17:24:04.749 [info] [main] Validating found git in: "git"
2025-03-15 17:24:04.749 [info] [main] Using git "2.43.0" from "git"
2025-03-15 17:24:04.749 [info] [Model][doInitialScan] Initial repository scan started
2025-03-15 17:24:04.749 [info] > git rev-parse --show-toplevel [7ms]
2025-03-15 17:24:04.749 [info] fatal: not a git repository (or any of the parent directories): .git
2025-03-15 17:24:04.757 [info] > git rev-parse --show-toplevel [1ms]
2025-03-15 17:24:04.757 [info] fatal: not a git repository (or any of the parent directories): .git
2025-03-15 17:24:04.762 [info] > git rev-parse --show-toplevel [1ms]
2025-03-15 17:24:04.762 [info] fatal: not a git repository (or any of the parent directories): .git
2025-03-15 17:24:04.766 [info] > git rev-parse --show-toplevel [1ms]
2025-03-15 17:24:04.766 [info] fatal: not a git repository (or any of the parent directories): .git
2025-03-15 17:24:04.769 [info] > git rev-parse --show-toplevel [1ms]
2025-03-15 17:24:04.769 [info] fatal: not a git repository (or any of the parent directories): .git
2025-03-15 17:24:04.773 [info] > git rev-parse --show-toplevel [1ms]
2025-03-15 17:24:04.773 [info] fatal: not a git repository (or any of the parent directories): .git
2025-03-15 17:24:04.777 [info] > git rev-parse --show-toplevel [1ms]
2025-03-15 17:24:04.777 [info] fatal: not a git repository (or any of the parent directories): .git
2025-03-15 17:24:04.778 [info] [Model][doInitialScan] Initial repository scan completed - repositories (0), closed repositories (0), parent repositories (0), unsafe repositories (0)
2025-03-15 17:24:04.854 [info] > git rev-parse --show-toplevel [1ms]
2025-03-15 17:24:04.854 [info] fatal: not a git repository (or any of the parent directories): .git
2025-03-15 17:24:06.906 [info] > git rev-parse --show-toplevel [1ms]
2025-03-15 17:24:06.906 [info] fatal: not a git repository (or any of the parent directories): .git
2025-03-15 18:20:18.913 [info] > git rev-parse --show-toplevel [1ms]
2025-03-15 18:20:18.913 [info] fatal: not a git repository (or any of the parent directories): .git
2025-03-15 19:29:44.471 [info] > git rev-parse --show-toplevel [2ms]
2025-03-15 19:29:44.476 [info] > git rev-parse --git-dir --git-common-dir [1ms]
2025-03-15 19:29:44.479 [info] [Model][openRepository] Opened repository: /home/sgass/Projects/Personal/ldd3/kernel/noble
2025-03-15 19:29:44.489 [info] > git config --get commit.template [4ms]
2025-03-15 19:29:44.490 [info] > git for-each-ref --format=%(refname)%00%(upstream:short)%00%(objectname)%00%(upstream:track)%00%(upstream:remotename)%00%(upstream:remoteref) refs/heads/master refs/remotes/master [1ms]
2025-03-15 19:29:44.494 [warning] [Git][revParse] Unable to read file: ENOENT: no such file or directory, open '/home/sgass/Projects/Personal/ldd3/kernel/noble/.git/refs/remotes/origin/master'
2025-03-15 19:29:44.496 [info] > git rev-parse refs/remotes/origin/master [2ms]
2025-03-15 19:29:44.691 [info] > git status -z -uall [192ms] (cancelled)
