2025-03-18 14:20:07.815 [info] [main] Log level: Info
2025-03-18 14:20:07.815 [info] [main] Validating found git in: "git"
2025-03-18 14:20:07.815 [info] [main] Using git "2.43.0" from "git"
2025-03-18 14:20:07.815 [info] [Model][doInitialScan] Initial repository scan started
2025-03-18 14:20:07.815 [info] > git rev-parse --show-toplevel [3ms]
2025-03-18 14:20:07.815 [info] > git rev-parse --git-dir --git-common-dir [10ms]
2025-03-18 14:20:07.815 [info] [Model][openRepository] Opened repository: /home/sgass/Projects/Personal/ldd3
2025-03-18 14:20:07.825 [info] > git config --get commit.template [6ms]
2025-03-18 14:20:07.830 [info] > git rev-parse --show-toplevel [6ms]
2025-03-18 14:20:07.834 [info] > git for-each-ref --format=%(refname)%00%(upstream:short)%00%(objectname)%00%(upstream:track)%00%(upstream:remotename)%00%(upstream:remoteref) refs/heads/master refs/remotes/master [5ms]
2025-03-18 14:20:07.834 [info] > git rev-parse --show-toplevel [0ms]
2025-03-18 14:20:07.843 [info] > git status -z -uall [4ms]
2025-03-18 14:20:07.851 [info] > git for-each-ref --format=%(refname)%00%(upstream:short)%00%(objectname)%00%(upstream:track)%00%(upstream:remotename)%00%(upstream:remoteref) refs/heads/master refs/remotes/master [5ms]
2025-03-18 14:20:07.856 [info] > git rev-parse --show-toplevel [14ms]
2025-03-18 14:20:07.859 [info] > git config --local branch.master.vscode-merge-base [4ms]
2025-03-18 14:20:07.859 [warning] [Git][config] git config failed: Failed to execute git
2025-03-18 14:20:07.862 [info] > git config --get commit.template [11ms]
2025-03-18 14:20:07.863 [info] > git rev-parse --show-toplevel [4ms]
2025-03-18 14:20:07.875 [info] > git rev-parse --show-toplevel [7ms]
2025-03-18 14:20:07.876 [info] [Model][doInitialScan] Initial repository scan completed - repositories (1), closed repositories (0), parent repositories (0), unsafe repositories (0)
2025-03-18 14:20:07.876 [info] > git for-each-ref --format=%(refname)%00%(upstream:short)%00%(objectname)%00%(upstream:track)%00%(upstream:remotename)%00%(upstream:remoteref) refs/heads/master refs/remotes/master [11ms]
2025-03-18 14:20:07.876 [info] > git reflog master --grep-reflog=branch: Created from *. [14ms]
2025-03-18 14:20:07.888 [info] > git symbolic-ref --short refs/remotes/origin/HEAD [8ms]
2025-03-18 14:20:07.888 [info] fatal: ref refs/remotes/origin/HEAD is not a symbolic ref
2025-03-18 14:20:07.890 [info] > git status -z -uall [3ms]
2025-03-18 14:20:07.895 [info] > git for-each-ref --format=%(refname)%00%(upstream:short)%00%(objectname)%00%(upstream:track)%00%(upstream:remotename)%00%(upstream:remoteref) refs/heads/master refs/remotes/master [1ms]
2025-03-18 14:20:07.900 [info] > git config --local branch.master.vscode-merge-base [1ms]
2025-03-18 14:20:07.900 [warning] [Git][config] git config failed: Failed to execute git
2025-03-18 14:20:07.904 [info] > git reflog master --grep-reflog=branch: Created from *. [2ms]
2025-03-18 14:20:07.907 [info] > git symbolic-ref --short refs/remotes/origin/HEAD [1ms]
2025-03-18 14:20:07.907 [info] fatal: ref refs/remotes/origin/HEAD is not a symbolic ref
2025-03-18 14:20:08.122 [info] > git show --textconv :README.md [3ms]
2025-03-18 14:20:08.123 [info] > git ls-files --stage -- /home/sgass/Projects/Personal/ldd3/README.md [1ms]
2025-03-18 14:20:08.127 [info] > git cat-file -s 27459bca1c5058d86e4a5c97ba55c733ab0bebc8 [1ms]
2025-03-18 14:20:08.340 [info] > git check-ignore -v -z --stdin [1ms]
2025-03-18 14:20:14.336 [info] > git show --textconv :source/hello_world.c [10ms]
2025-03-18 14:20:14.338 [info] > git ls-files --stage -- /home/sgass/Projects/Personal/ldd3/source/hello_world.c [3ms]
2025-03-18 14:20:14.349 [info] > git cat-file -s 7ec5db84cc477eee6aa88ccac5a06c277c3c58d4 [3ms]
2025-03-18 14:20:14.594 [info] > git check-ignore -v -z --stdin [4ms]
2025-03-18 14:20:26.899 [info] [main] Log level: Info
2025-03-18 14:20:26.899 [info] [main] Validating found git in: "git"
2025-03-18 14:20:26.899 [info] [main] Using git "2.43.0" from "git"
2025-03-18 14:20:26.899 [info] [Model][doInitialScan] Initial repository scan started
2025-03-18 14:20:26.899 [info] > git rev-parse --show-toplevel [8ms]
2025-03-18 14:20:26.899 [info] fatal: not a git repository (or any of the parent directories): .git
2025-03-18 14:20:26.900 [info] > git rev-parse --show-toplevel [2ms]
2025-03-18 14:20:26.904 [info] > git rev-parse --git-dir --git-common-dir [1ms]
2025-03-18 14:20:26.906 [info] [Model][openRepository] Opened repository: /home/sgass/Projects/reference/cmonster
2025-03-18 14:20:26.914 [info] > git config --get commit.template [3ms]
2025-03-18 14:20:26.915 [info] > git rev-parse --show-toplevel [2ms]
2025-03-18 14:20:26.915 [info] fatal: not a git repository (or any of the parent directories): .git
2025-03-18 14:20:26.923 [info] > git for-each-ref --format=%(refname)%00%(upstream:short)%00%(objectname)%00%(upstream:track)%00%(upstream:remotename)%00%(upstream:remoteref) refs/heads/master refs/remotes/master [4ms]
2025-03-18 14:20:26.928 [warning] [Git][revParse] Unable to read file: ENOENT: no such file or directory, open '/home/sgass/Projects/reference/cmonster/.git/refs/remotes/origin/master'
2025-03-18 14:20:26.928 [info] > git rev-parse --show-toplevel [5ms]
2025-03-18 14:20:26.928 [info] fatal: not a git repository (or any of the parent directories): .git
2025-03-18 14:20:26.932 [info] > git rev-parse refs/remotes/origin/master [4ms]
2025-03-18 14:20:26.938 [info] > git rev-parse --show-toplevel [5ms]
2025-03-18 14:20:26.938 [info] fatal: not a git repository (or any of the parent directories): .git
2025-03-18 14:20:26.943 [info] > git rev-parse --show-toplevel [1ms]
2025-03-18 14:20:26.943 [info] fatal: not a git repository (or any of the parent directories): .git
2025-03-18 14:20:26.949 [info] > git rev-parse --show-toplevel [1ms]
2025-03-18 14:20:26.949 [info] fatal: not a git repository (or any of the parent directories): .git
2025-03-18 14:20:26.954 [info] > git rev-parse --show-toplevel [1ms]
2025-03-18 14:20:26.954 [info] fatal: not a git repository (or any of the parent directories): .git
2025-03-18 14:20:26.959 [info] > git rev-parse --show-toplevel [1ms]
2025-03-18 14:20:26.959 [info] fatal: not a git repository (or any of the parent directories): .git
2025-03-18 14:20:26.964 [info] > git rev-parse --show-toplevel [0ms]
2025-03-18 14:20:26.964 [info] fatal: not a git repository (or any of the parent directories): .git
2025-03-18 14:20:26.969 [info] > git rev-parse --show-toplevel [1ms]
2025-03-18 14:20:26.969 [info] fatal: not a git repository (or any of the parent directories): .git
2025-03-18 14:20:26.979 [info] > git rev-parse --show-toplevel [1ms]
2025-03-18 14:20:26.985 [info] > git rev-parse --git-dir --git-common-dir [2ms]
2025-03-18 14:20:26.988 [info] [Model][openRepository] Opened repository: /home/sgass/Projects/reference/asic
2025-03-18 14:20:26.998 [info] > git rev-parse --show-toplevel [1ms]
2025-03-18 14:20:26.998 [info] fatal: not a git repository (or any of the parent directories): .git
2025-03-18 14:20:26.998 [info] > git config --get commit.template [5ms]
2025-03-18 14:20:27.008 [info] > git rev-parse --show-toplevel [5ms]
2025-03-18 14:20:27.008 [info] fatal: not a git repository (or any of the parent directories): .git
2025-03-18 14:20:27.009 [info] [Model][doInitialScan] Initial repository scan completed - repositories (2), closed repositories (0), parent repositories (0), unsafe repositories (0)
2025-03-18 14:20:27.010 [info] > git for-each-ref --format=%(refname)%00%(upstream:short)%00%(objectname)%00%(upstream:track)%00%(upstream:remotename)%00%(upstream:remoteref) refs/heads/main refs/remotes/main [3ms]
2025-03-18 14:20:27.187 [info] > git status -z -uall [250ms]
2025-03-18 14:20:27.206 [info] > git for-each-ref --format=%(refname)%00%(upstream:short)%00%(objectname)%00%(upstream:track)%00%(upstream:remotename)%00%(upstream:remoteref) refs/heads/master refs/remotes/master [14ms]
2025-03-18 14:20:27.211 [info] > git config --local branch.master.vscode-merge-base [2ms]
2025-03-18 14:20:27.214 [info] > git config --get commit.template [9ms]
2025-03-18 14:20:27.218 [info] > git for-each-ref --format=%(refname)%00%(upstream:short)%00%(objectname)%00%(upstream:track)%00%(upstream:remotename)%00%(upstream:remoteref) refs/heads/origin/master refs/remotes/origin/master [4ms]
2025-03-18 14:20:27.222 [info] > git for-each-ref --format=%(refname)%00%(upstream:short)%00%(objectname)%00%(upstream:track)%00%(upstream:remotename)%00%(upstream:remoteref) refs/heads/master refs/remotes/master [4ms]
2025-03-18 14:20:27.224 [warning] [Git][revParse] Unable to read file: ENOENT: no such file or directory, open '/home/sgass/Projects/reference/cmonster/.git/refs/remotes/origin/master'
2025-03-18 14:20:27.225 [info] > git merge-base refs/heads/master refs/remotes/origin/master [4ms]
2025-03-18 14:20:27.227 [info] > git rev-parse refs/remotes/origin/master [3ms]
2025-03-18 14:20:27.230 [info] > git rev-list --count --left-right refs/heads/master...refs/remotes/origin/master [3ms]
2025-03-18 14:20:27.235 [info] > git diff --name-status -z --diff-filter=ADMR 09b70a309f3b8ff3cc35b630a3657c38c1c6a988...refs/remotes/origin/master [1ms]
2025-03-18 14:20:27.417 [info] > git status -z -uall [187ms]
2025-03-18 14:20:27.426 [info] > git for-each-ref --format=%(refname)%00%(upstream:short)%00%(objectname)%00%(upstream:track)%00%(upstream:remotename)%00%(upstream:remoteref) refs/heads/master refs/remotes/master [4ms]
2025-03-18 14:20:27.432 [info] > git config --local branch.master.vscode-merge-base [2ms]
2025-03-18 14:20:27.437 [info] > git for-each-ref --format=%(refname)%00%(upstream:short)%00%(objectname)%00%(upstream:track)%00%(upstream:remotename)%00%(upstream:remoteref) refs/heads/origin/master refs/remotes/origin/master [2ms]
2025-03-18 14:20:27.516 [info] > git show --textconv :apps/fpga_driver/libelmo.c [5ms]
2025-03-18 14:20:27.523 [info] > git check-ignore -v -z --stdin [4ms]
2025-03-18 14:20:27.524 [info] > git ls-files --stage -- /home/sgass/Projects/reference/cmonster/apps/fpga_driver/libelmo.c [8ms]
2025-03-18 14:20:27.540 [info] > git check-ignore -v -z --stdin [17ms]
2025-03-18 14:20:27.540 [info] > git cat-file -s 684ef7f81a6afa7a7696bb8ecf81dbee78d934a7 [13ms]
2025-03-18 14:20:27.597 [info] > git status -z -uall [583ms]
2025-03-18 14:20:27.609 [info] > git for-each-ref --format=%(refname)%00%(upstream:short)%00%(objectname)%00%(upstream:track)%00%(upstream:remotename)%00%(upstream:remoteref) refs/heads/main refs/remotes/main [7ms]
2025-03-18 14:20:27.613 [info] > git config --local branch.main.vscode-merge-base [1ms]
2025-03-18 14:20:27.617 [info] > git config --get commit.template [8ms]
2025-03-18 14:20:27.620 [info] > git for-each-ref --format=%(refname)%00%(upstream:short)%00%(objectname)%00%(upstream:track)%00%(upstream:remotename)%00%(upstream:remoteref) refs/heads/origin/main refs/remotes/origin/main [3ms]
2025-03-18 14:20:27.623 [info] > git for-each-ref --format=%(refname)%00%(upstream:short)%00%(objectname)%00%(upstream:track)%00%(upstream:remotename)%00%(upstream:remoteref) refs/heads/main refs/remotes/main [3ms]
2025-03-18 14:20:27.627 [info] > git merge-base refs/heads/main refs/remotes/origin/main [4ms]
2025-03-18 14:20:27.632 [info] > git rev-list --count --left-right refs/heads/main...refs/remotes/origin/main [2ms]
2025-03-18 14:20:27.636 [info] > git diff --name-status -z --diff-filter=ADMR 8df2800d2b30effe9123a27779e404f2dd19c724...refs/remotes/origin/main [2ms]
2025-03-18 14:20:27.927 [info] > git rev-parse --show-toplevel [1ms]
2025-03-18 14:20:27.931 [info] > git rev-parse --git-dir --git-common-dir [1ms]
2025-03-18 14:20:27.932 [info] [Model][openRepository] Opened repository: /home/sgass/Projects/reference/cmonster/apps/elmo_core
2025-03-18 14:20:27.937 [info] > git config --get commit.template [1ms]
2025-03-18 14:20:27.943 [info] > git for-each-ref --format=%(refname)%00%(upstream:short)%00%(objectname)%00%(upstream:track)%00%(upstream:remotename)%00%(upstream:remoteref) refs/heads/master refs/remotes/master [2ms]
2025-03-18 14:20:27.946 [warning] [Git][revParse] Unable to read file: ENOENT: no such file or directory, open '/home/sgass/Projects/reference/cmonster/apps/elmo_core/.git/refs/remotes/origin/master'
2025-03-18 14:20:27.948 [info] > git rev-parse refs/remotes/origin/master [2ms]
2025-03-18 14:20:27.973 [info] > git rev-parse --show-toplevel [1ms]
2025-03-18 14:20:27.973 [info] fatal: not a git repository (or any of the parent directories): .git
2025-03-18 14:20:27.978 [info] > git status -z -uall [26ms]
2025-03-18 14:20:27.990 [info] > git for-each-ref --format=%(refname)%00%(upstream:short)%00%(objectname)%00%(upstream:track)%00%(upstream:remotename)%00%(upstream:remoteref) refs/heads/master refs/remotes/master [7ms]
2025-03-18 14:20:27.994 [info] > git config --get commit.template [4ms]
2025-03-18 14:20:27.997 [info] > git config --local branch.master.vscode-merge-base [4ms]
2025-03-18 14:20:27.997 [warning] [Git][config] git config failed: Failed to execute git
2025-03-18 14:20:28.001 [info] > git for-each-ref --format=%(refname)%00%(upstream:short)%00%(objectname)%00%(upstream:track)%00%(upstream:remotename)%00%(upstream:remoteref) refs/heads/master refs/remotes/master [4ms]
2025-03-18 14:20:28.005 [warning] [Git][revParse] Unable to read file: ENOENT: no such file or directory, open '/home/sgass/Projects/reference/cmonster/apps/elmo_core/.git/refs/remotes/origin/master'
2025-03-18 14:20:28.005 [info] > git reflog master --grep-reflog=branch: Created from *. [4ms]
2025-03-18 14:20:28.010 [info] > git symbolic-ref --short refs/remotes/origin/HEAD [1ms]
2025-03-18 14:20:28.014 [info] > git rev-parse refs/remotes/origin/master [9ms]
2025-03-18 14:20:28.017 [info] > git for-each-ref --format=%(refname)%00%(upstream:short)%00%(objectname)%00%(upstream:track)%00%(upstream:remotename)%00%(upstream:remoteref) refs/heads/origin/master refs/remotes/origin/master [3ms]
2025-03-18 14:20:28.022 [info] > git config --local branch.master.vscode-merge-base origin/master [1ms]
2025-03-18 14:20:28.028 [info] > git status -z -uall [11ms] (cancelled)
2025-03-18 14:20:28.029 [info] > git config --get commit.template [1ms]
2025-03-18 14:20:28.036 [info] > git for-each-ref --format=%(refname)%00%(upstream:short)%00%(objectname)%00%(upstream:track)%00%(upstream:remotename)%00%(upstream:remoteref) refs/heads/master refs/remotes/master [4ms]
2025-03-18 14:20:28.040 [warning] [Git][revParse] Unable to read file: ENOENT: no such file or directory, open '/home/sgass/Projects/reference/cmonster/apps/elmo_core/.git/refs/remotes/origin/master'
2025-03-18 14:20:28.041 [info] > git rev-parse refs/remotes/origin/master [1ms]
2025-03-18 14:20:28.047 [info] > git status -z -uall [421ms]
2025-03-18 14:20:28.055 [info] > git for-each-ref --format=%(refname)%00%(upstream:short)%00%(objectname)%00%(upstream:track)%00%(upstream:remotename)%00%(upstream:remoteref) refs/heads/main refs/remotes/main [2ms]
2025-03-18 14:20:28.059 [info] > git config --local branch.main.vscode-merge-base [0ms]
2025-03-18 14:20:28.064 [info] > git for-each-ref --format=%(refname)%00%(upstream:short)%00%(objectname)%00%(upstream:track)%00%(upstream:remotename)%00%(upstream:remoteref) refs/heads/origin/main refs/remotes/origin/main [1ms]
2025-03-18 14:20:28.073 [info] > git status -z -uall [29ms]
2025-03-18 14:20:28.083 [info] > git for-each-ref --format=%(refname)%00%(upstream:short)%00%(objectname)%00%(upstream:track)%00%(upstream:remotename)%00%(upstream:remoteref) refs/heads/master refs/remotes/master [6ms]
2025-03-18 14:20:28.088 [info] > git merge-base refs/heads/master refs/remotes/origin/master [5ms]
2025-03-18 14:20:28.092 [info] > git config --local branch.master.vscode-merge-base [4ms]
2025-03-18 14:20:28.096 [info] > git rev-list --count --left-right refs/heads/master...refs/remotes/origin/master [4ms]
2025-03-18 14:20:28.103 [info] > git diff --name-status -z --diff-filter=ADMR 67490fd8a46dd8143898cea493d6ac5e32911c06...refs/remotes/origin/master [2ms]
2025-03-18 14:20:28.103 [info] > git for-each-ref --format=%(refname)%00%(upstream:short)%00%(objectname)%00%(upstream:track)%00%(upstream:remotename)%00%(upstream:remoteref) refs/heads/origin/master refs/remotes/origin/master [8ms]
2025-03-18 14:20:28.468 [info] > git check-ignore -v -z --stdin [15ms]
2025-03-18 14:20:28.468 [info] > git check-ignore -v -z --stdin [9ms]
2025-03-18 14:20:28.469 [info] > git check-ignore -v -z --stdin [3ms]
2025-03-18 14:20:29.116 [info] > git config --get commit.template [2ms]
2025-03-18 14:20:29.124 [info] > git for-each-ref --format=%(refname)%00%(upstream:short)%00%(objectname)%00%(upstream:track)%00%(upstream:remotename)%00%(upstream:remoteref) refs/heads/master refs/remotes/master [3ms]
2025-03-18 14:20:29.130 [warning] [Git][revParse] Unable to read file: ENOENT: no such file or directory, open '/home/sgass/Projects/reference/cmonster/apps/elmo_core/.git/refs/remotes/origin/master'
2025-03-18 14:20:29.132 [info] > git rev-parse refs/remotes/origin/master [2ms]
2025-03-18 14:20:29.177 [info] > git status -z -uall [40ms]
2025-03-18 14:20:29.183 [info] > git for-each-ref --format=%(refname)%00%(upstream:short)%00%(objectname)%00%(upstream:track)%00%(upstream:remotename)%00%(upstream:remoteref) refs/heads/master refs/remotes/master [1ms]
2025-03-18 14:20:29.189 [info] > git config --local branch.master.vscode-merge-base [2ms]
2025-03-18 14:20:29.194 [info] > git for-each-ref --format=%(refname)%00%(upstream:short)%00%(objectname)%00%(upstream:track)%00%(upstream:remotename)%00%(upstream:remoteref) refs/heads/origin/master refs/remotes/origin/master [2ms]
2025-03-18 14:21:02.258 [info] > git show --textconv :apps/fpga_driver/kernel_driver/generator.c [5ms]
2025-03-18 14:21:02.259 [info] > git ls-files --stage -- /home/sgass/Projects/reference/cmonster/apps/fpga_driver/kernel_driver/generator.c [2ms]
2025-03-18 14:21:02.268 [info] > git cat-file -s 77356a1d63d57d4400998a5c5e3e24706143a977 [4ms]
2025-03-18 14:21:02.636 [info] > git check-ignore -v -z --stdin [5ms]
2025-03-18 14:21:14.155 [info] > git show --textconv :apps/fpga_driver/kernel_driver/fpga_driver.c [9ms]
2025-03-18 14:21:14.157 [info] > git ls-files --stage -- /home/sgass/Projects/reference/cmonster/apps/fpga_driver/kernel_driver/fpga_driver.c [3ms]
2025-03-18 14:21:14.167 [info] > git cat-file -s b52f7bd69548d5e827b6be499f9d9c49d7bbf9ed [2ms]
2025-03-18 18:12:51.471 [info] [main] Log level: Info
2025-03-18 18:12:51.471 [info] [main] Validating found git in: "git"
2025-03-18 18:12:51.471 [info] [main] Using git "2.43.0" from "git"
2025-03-18 18:12:51.471 [info] [Model][doInitialScan] Initial repository scan started
2025-03-18 18:12:51.471 [info] > git rev-parse --show-toplevel [3ms]
2025-03-18 18:12:51.471 [info] fatal: not a git repository (or any of the parent directories): .git
2025-03-18 18:12:51.471 [info] [Model][doInitialScan] Initial repository scan completed - repositories (0), closed repositories (0), parent repositories (0), unsafe repositories (0)
2025-03-18 18:12:53.501 [info] > git rev-parse --show-toplevel [1ms]
2025-03-18 18:12:53.501 [info] fatal: not a git repository (or any of the parent directories): .git
2025-03-18 18:13:27.221 [info] > git rev-parse --show-toplevel [2ms]
2025-03-18 18:13:27.221 [info] fatal: not a git repository (or any of the parent directories): .git
2025-03-18 18:13:58.830 [info] > git rev-parse --show-toplevel [2ms]
2025-03-18 18:13:58.830 [info] fatal: not a git repository (or any of the parent directories): .git
2025-03-18 18:15:40.517 [info] > git rev-parse --show-toplevel [1ms]
2025-03-18 18:15:40.517 [info] fatal: not a git repository (or any of the parent directories): .git
2025-03-18 18:16:11.470 [info] > git rev-parse --show-toplevel [2ms]
2025-03-18 18:16:11.470 [info] fatal: not a git repository (or any of the parent directories): .git
2025-03-18 18:16:50.749 [info] > git rev-parse --show-toplevel [2ms]
2025-03-18 18:16:50.749 [info] fatal: not a git repository (or any of the parent directories): .git
2025-03-18 18:16:53.061 [info] > git rev-parse --show-toplevel [3ms]
2025-03-18 18:16:53.061 [info] fatal: not a git repository (or any of the parent directories): .git
2025-03-18 18:18:40.526 [info] > git rev-parse --show-toplevel [1ms]
2025-03-18 18:18:40.526 [info] fatal: not a git repository (or any of the parent directories): .git
2025-03-18 18:19:00.915 [info] > git rev-parse --show-toplevel [1ms]
2025-03-18 18:19:00.915 [info] fatal: not a git repository (or any of the parent directories): .git
2025-03-18 18:30:40.937 [info] > git rev-parse --show-toplevel [1ms]
2025-03-18 18:30:40.937 [info] fatal: not a git repository (or any of the parent directories): .git
2025-03-18 18:30:59.033 [info] > git rev-parse --show-toplevel [1ms]
2025-03-18 18:30:59.033 [info] fatal: not a git repository (or any of the parent directories): .git
2025-03-18 18:30:59.954 [info] > git rev-parse --show-toplevel [1ms]
2025-03-18 18:30:59.954 [info] fatal: not a git repository (or any of the parent directories): .git
2025-03-18 18:31:09.211 [info] > git rev-parse --show-toplevel [2ms]
2025-03-18 18:31:09.211 [info] fatal: not a git repository (or any of the parent directories): .git
2025-03-18 18:31:20.884 [info] > git rev-parse --show-toplevel [1ms]
2025-03-18 18:31:20.884 [info] fatal: not a git repository (or any of the parent directories): .git
2025-03-18 18:31:27.723 [info] > git rev-parse --show-toplevel [1ms]
2025-03-18 18:31:27.723 [info] fatal: not a git repository (or any of the parent directories): .git
2025-03-18 18:31:31.740 [info] > git rev-parse --show-toplevel [1ms]
2025-03-18 18:31:31.740 [info] fatal: not a git repository (or any of the parent directories): .git
2025-03-18 18:31:42.024 [info] > git rev-parse --show-toplevel [3ms]
2025-03-18 18:31:42.024 [info] fatal: not a git repository (or any of the parent directories): .git
2025-03-18 18:31:44.815 [info] > git rev-parse --show-toplevel [1ms]
2025-03-18 18:31:44.815 [info] fatal: not a git repository (or any of the parent directories): .git
2025-03-18 18:31:52.117 [info] > git rev-parse --show-toplevel [4ms]
2025-03-18 18:31:52.118 [info] fatal: not a git repository (or any of the parent directories): .git
2025-03-18 18:37:24.736 [info] > git rev-parse --show-toplevel [2ms]
2025-03-18 18:37:24.736 [info] fatal: not a git repository (or any of the parent directories): .git
2025-03-18 18:37:54.366 [info] > git rev-parse --show-toplevel [2ms]
2025-03-18 18:37:54.366 [info] fatal: not a git repository (or any of the parent directories): .git
2025-03-18 18:37:57.674 [info] > git rev-parse --show-toplevel [1ms]
2025-03-18 18:37:57.675 [info] fatal: not a git repository (or any of the parent directories): .git
2025-03-18 18:38:17.044 [info] > git rev-parse --show-toplevel [3ms]
2025-03-18 18:38:17.044 [info] fatal: not a git repository (or any of the parent directories): .git
2025-03-18 18:40:53.904 [info] > git rev-parse --show-toplevel [1ms]
2025-03-18 18:40:53.904 [info] fatal: not a git repository (or any of the parent directories): .git
2025-03-18 18:41:02.693 [info] [main] Log level: Info
2025-03-18 18:41:02.693 [info] [main] Validating found git in: "git"
2025-03-18 18:41:02.693 [info] [main] Using git "2.43.0" from "git"
2025-03-18 18:41:02.693 [info] [Model][doInitialScan] Initial repository scan started
2025-03-18 18:41:02.693 [info] > git rev-parse --show-toplevel [2ms]
2025-03-18 18:41:02.693 [info] fatal: not a git repository (or any of the parent directories): .git
2025-03-18 18:41:02.700 [info] > git rev-parse --show-toplevel [1ms]
2025-03-18 18:41:02.704 [info] > git rev-parse --git-dir --git-common-dir [1ms]
2025-03-18 18:41:02.706 [info] [Model][openRepository] Opened repository: /home/sgass/Projects/reference/cmonster
2025-03-18 18:41:02.715 [info] > git config --get commit.template [5ms]
2025-03-18 18:41:02.725 [info] > git for-each-ref --format=%(refname)%00%(upstream:short)%00%(objectname)%00%(upstream:track)%00%(upstream:remotename)%00%(upstream:remoteref) refs/heads/master refs/remotes/master [4ms]
2025-03-18 18:41:02.729 [warning] [Git][revParse] Unable to read file: ENOENT: no such file or directory, open '/home/sgass/Projects/reference/cmonster/.git/refs/remotes/origin/master'
2025-03-18 18:41:02.730 [info] > git rev-parse --show-toplevel [5ms]
2025-03-18 18:41:02.730 [info] fatal: not a git repository (or any of the parent directories): .git
2025-03-18 18:41:02.734 [info] > git rev-parse refs/remotes/origin/master [5ms]
2025-03-18 18:41:02.749 [info] > git rev-parse --show-toplevel [15ms]
2025-03-18 18:41:02.749 [info] fatal: not a git repository (or any of the parent directories): .git
2025-03-18 18:41:02.755 [info] > git rev-parse --show-toplevel [0ms]
2025-03-18 18:41:02.755 [info] fatal: not a git repository (or any of the parent directories): .git
2025-03-18 18:41:02.760 [info] > git rev-parse --show-toplevel [1ms]
2025-03-18 18:41:02.760 [info] fatal: not a git repository (or any of the parent directories): .git
2025-03-18 18:41:02.764 [info] > git rev-parse --show-toplevel [1ms]
2025-03-18 18:41:02.764 [info] fatal: not a git repository (or any of the parent directories): .git
2025-03-18 18:41:02.768 [info] > git rev-parse --show-toplevel [1ms]
2025-03-18 18:41:02.768 [info] fatal: not a git repository (or any of the parent directories): .git
2025-03-18 18:41:02.771 [info] > git rev-parse --show-toplevel [0ms]
2025-03-18 18:41:02.771 [info] fatal: not a git repository (or any of the parent directories): .git
2025-03-18 18:41:02.775 [info] > git rev-parse --show-toplevel [0ms]
2025-03-18 18:41:02.775 [info] fatal: not a git repository (or any of the parent directories): .git
2025-03-18 18:41:02.778 [info] > git rev-parse --show-toplevel [1ms]
2025-03-18 18:41:02.778 [info] fatal: not a git repository (or any of the parent directories): .git
2025-03-18 18:41:02.782 [info] > git rev-parse --show-toplevel [1ms]
2025-03-18 18:41:02.785 [info] > git rev-parse --git-dir --git-common-dir [0ms]
2025-03-18 18:41:02.787 [info] [Model][openRepository] Opened repository: /home/sgass/Projects/reference/asic
2025-03-18 18:41:02.795 [info] > git rev-parse --show-toplevel [1ms]
2025-03-18 18:41:02.795 [info] fatal: not a git repository (or any of the parent directories): .git
2025-03-18 18:41:02.795 [info] > git config --get commit.template [4ms]
2025-03-18 18:41:02.803 [info] > git for-each-ref --format=%(refname)%00%(upstream:short)%00%(objectname)%00%(upstream:track)%00%(upstream:remotename)%00%(upstream:remoteref) refs/heads/main refs/remotes/main [1ms]
2025-03-18 18:41:02.803 [info] > git rev-parse --show-toplevel [5ms]
2025-03-18 18:41:02.803 [info] fatal: not a git repository (or any of the parent directories): .git
2025-03-18 18:41:02.804 [info] [Model][doInitialScan] Initial repository scan completed - repositories (2), closed repositories (0), parent repositories (0), unsafe repositories (0)
2025-03-18 18:41:02.927 [info] > git status -z -uall [189ms]
2025-03-18 18:41:02.945 [info] > git for-each-ref --format=%(refname)%00%(upstream:short)%00%(objectname)%00%(upstream:track)%00%(upstream:remotename)%00%(upstream:remoteref) refs/heads/master refs/remotes/master [13ms]
2025-03-18 18:41:02.952 [info] > git config --local branch.master.vscode-merge-base [3ms]
2025-03-18 18:41:02.956 [info] > git config --get commit.template [11ms]
2025-03-18 18:41:02.957 [info] > git for-each-ref --format=%(refname)%00%(upstream:short)%00%(objectname)%00%(upstream:track)%00%(upstream:remotename)%00%(upstream:remoteref) refs/heads/origin/master refs/remotes/origin/master [2ms]
2025-03-18 18:41:02.965 [info] > git merge-base refs/heads/master refs/remotes/origin/master [4ms]
2025-03-18 18:41:02.968 [info] > git for-each-ref --format=%(refname)%00%(upstream:short)%00%(objectname)%00%(upstream:track)%00%(upstream:remotename)%00%(upstream:remoteref) refs/heads/master refs/remotes/master [4ms]
2025-03-18 18:41:02.971 [warning] [Git][revParse] Unable to read file: ENOENT: no such file or directory, open '/home/sgass/Projects/reference/cmonster/.git/refs/remotes/origin/master'
2025-03-18 18:41:02.972 [info] > git rev-list --count --left-right refs/heads/master...refs/remotes/origin/master [4ms]
2025-03-18 18:41:02.975 [info] > git rev-parse refs/remotes/origin/master [4ms]
2025-03-18 18:41:02.978 [info] > git diff --name-status -z --diff-filter=ADMR 09b70a309f3b8ff3cc35b630a3657c38c1c6a988...refs/remotes/origin/master [3ms]
2025-03-18 18:41:03.163 [info] > git status -z -uall [186ms]
2025-03-18 18:41:03.170 [info] > git for-each-ref --format=%(refname)%00%(upstream:short)%00%(objectname)%00%(upstream:track)%00%(upstream:remotename)%00%(upstream:remoteref) refs/heads/master refs/remotes/master [3ms]
2025-03-18 18:41:03.175 [info] > git config --local branch.master.vscode-merge-base [1ms]
2025-03-18 18:41:03.180 [info] > git for-each-ref --format=%(refname)%00%(upstream:short)%00%(objectname)%00%(upstream:track)%00%(upstream:remotename)%00%(upstream:remoteref) refs/heads/origin/master refs/remotes/origin/master [1ms]
2025-03-18 18:41:03.210 [info] > git status -z -uall [402ms]
2025-03-18 18:41:03.222 [info] > git for-each-ref --format=%(refname)%00%(upstream:short)%00%(objectname)%00%(upstream:track)%00%(upstream:remotename)%00%(upstream:remoteref) refs/heads/main refs/remotes/main [7ms]
2025-03-18 18:41:03.225 [info] > git config --get commit.template [3ms]
2025-03-18 18:41:03.227 [info] > git config --local branch.main.vscode-merge-base [2ms]
2025-03-18 18:41:03.235 [info] > git for-each-ref --format=%(refname)%00%(upstream:short)%00%(objectname)%00%(upstream:track)%00%(upstream:remotename)%00%(upstream:remoteref) refs/heads/origin/main refs/remotes/origin/main [4ms]
2025-03-18 18:41:03.239 [info] > git for-each-ref --format=%(refname)%00%(upstream:short)%00%(objectname)%00%(upstream:track)%00%(upstream:remotename)%00%(upstream:remoteref) refs/heads/main refs/remotes/main [5ms]
2025-03-18 18:41:03.244 [info] > git merge-base refs/heads/main refs/remotes/origin/main [5ms]
2025-03-18 18:41:03.249 [info] > git rev-list --count --left-right refs/heads/main...refs/remotes/origin/main [1ms]
2025-03-18 18:41:03.253 [info] > git diff --name-status -z --diff-filter=ADMR 8df2800d2b30effe9123a27779e404f2dd19c724...refs/remotes/origin/main [1ms]
2025-03-18 18:41:03.310 [info] > git check-ignore -v -z --stdin [4ms]
2025-03-18 18:41:03.325 [info] > git check-ignore -v -z --stdin [16ms]
2025-03-18 18:41:03.537 [info] > git show --textconv :apps/fpga_driver/kernel_driver/fpga_driver.c [3ms]
2025-03-18 18:41:03.538 [info] > git ls-files --stage -- /home/sgass/Projects/reference/cmonster/apps/fpga_driver/kernel_driver/fpga_driver.c [1ms]
2025-03-18 18:41:03.544 [info] > git cat-file -s b52f7bd69548d5e827b6be499f9d9c49d7bbf9ed [2ms]
2025-03-18 18:41:03.648 [info] > git status -z -uall [404ms]
2025-03-18 18:41:03.655 [info] > git for-each-ref --format=%(refname)%00%(upstream:short)%00%(objectname)%00%(upstream:track)%00%(upstream:remotename)%00%(upstream:remoteref) refs/heads/main refs/remotes/main [2ms]
2025-03-18 18:41:03.660 [info] > git config --local branch.main.vscode-merge-base [2ms]
2025-03-18 18:41:03.665 [info] > git for-each-ref --format=%(refname)%00%(upstream:short)%00%(objectname)%00%(upstream:track)%00%(upstream:remotename)%00%(upstream:remoteref) refs/heads/origin/main refs/remotes/origin/main [1ms]
2025-03-18 18:41:03.672 [info] > git rev-parse --show-toplevel [1ms]
2025-03-18 18:41:03.680 [info] > git rev-parse --git-dir --git-common-dir [2ms]
2025-03-18 18:41:03.683 [info] [Model][openRepository] Opened repository: /home/sgass/Projects/reference/cmonster/apps/elmo_core
2025-03-18 18:41:03.696 [info] > git config --get commit.template [3ms]
2025-03-18 18:41:03.703 [info] > git for-each-ref --format=%(refname)%00%(upstream:short)%00%(objectname)%00%(upstream:track)%00%(upstream:remotename)%00%(upstream:remoteref) refs/heads/master refs/remotes/master [1ms]
2025-03-18 18:41:03.706 [warning] [Git][revParse] Unable to read file: ENOENT: no such file or directory, open '/home/sgass/Projects/reference/cmonster/apps/elmo_core/.git/refs/remotes/origin/master'
2025-03-18 18:41:03.709 [info] > git rev-parse refs/remotes/origin/master [3ms]
2025-03-18 18:41:03.736 [info] > git status -z -uall [22ms]
2025-03-18 18:41:03.746 [info] > git for-each-ref --format=%(refname)%00%(upstream:short)%00%(objectname)%00%(upstream:track)%00%(upstream:remotename)%00%(upstream:remoteref) refs/heads/master refs/remotes/master [6ms]
2025-03-18 18:41:03.767 [info] > git config --local branch.master.vscode-merge-base [18ms]
2025-03-18 18:41:03.771 [info] > git config --get commit.template [25ms]
2025-03-18 18:41:03.775 [info] > git for-each-ref --format=%(refname)%00%(upstream:short)%00%(objectname)%00%(upstream:track)%00%(upstream:remotename)%00%(upstream:remoteref) refs/heads/origin/master refs/remotes/origin/master [4ms]
2025-03-18 18:41:03.779 [info] > git for-each-ref --format=%(refname)%00%(upstream:short)%00%(objectname)%00%(upstream:track)%00%(upstream:remotename)%00%(upstream:remoteref) refs/heads/master refs/remotes/master [4ms]
2025-03-18 18:41:03.784 [warning] [Git][revParse] Unable to read file: ENOENT: no such file or directory, open '/home/sgass/Projects/reference/cmonster/apps/elmo_core/.git/refs/remotes/origin/master'
2025-03-18 18:41:03.785 [info] > git rev-parse refs/remotes/origin/master [2ms]
2025-03-18 18:41:03.789 [info] > git merge-base refs/heads/master refs/remotes/origin/master [10ms]
2025-03-18 18:41:03.796 [info] > git rev-list --count --left-right refs/heads/master...refs/remotes/origin/master [3ms]
2025-03-18 18:41:03.801 [info] > git diff --name-status -z --diff-filter=ADMR 67490fd8a46dd8143898cea493d6ac5e32911c06...refs/remotes/origin/master [1ms]
2025-03-18 18:41:03.812 [info] > git rev-parse --show-toplevel [1ms]
2025-03-18 18:41:03.812 [info] fatal: not a git repository (or any of the parent directories): .git
2025-03-18 18:41:03.821 [info] > git status -z -uall [32ms]
2025-03-18 18:41:03.827 [info] > git for-each-ref --format=%(refname)%00%(upstream:short)%00%(objectname)%00%(upstream:track)%00%(upstream:remotename)%00%(upstream:remoteref) refs/heads/master refs/remotes/master [2ms]
2025-03-18 18:41:03.831 [info] > git config --local branch.master.vscode-merge-base [0ms]
2025-03-18 18:41:03.835 [info] > git for-each-ref --format=%(refname)%00%(upstream:short)%00%(objectname)%00%(upstream:track)%00%(upstream:remotename)%00%(upstream:remoteref) refs/heads/origin/master refs/remotes/origin/master [1ms]
2025-03-18 18:41:04.152 [info] > git show --textconv :apps/fpga_driver/Makefile [7ms]
2025-03-18 18:41:04.154 [info] > git ls-files --stage -- /home/sgass/Projects/reference/cmonster/apps/fpga_driver/Makefile [3ms]
2025-03-18 18:41:04.163 [info] > git cat-file -s f0d0e2254b95e54b69e32300f154174d3c766daf [2ms]
2025-03-18 18:41:04.489 [info] > git check-ignore -v -z --stdin [20ms]
2025-03-18 18:41:04.491 [info] > git check-ignore -v -z --stdin [13ms]
2025-03-18 18:41:04.492 [info] > git check-ignore -v -z --stdin [5ms]
2025-03-18 18:45:26.871 [info] [main] Log level: Info
2025-03-18 18:45:26.871 [info] [main] Validating found git in: "git"
2025-03-18 18:45:26.871 [info] [main] Using git "2.43.0" from "git"
2025-03-18 18:45:26.871 [info] [Model][doInitialScan] Initial repository scan started
2025-03-18 18:45:26.871 [info] > git rev-parse --show-toplevel [3ms]
2025-03-18 18:45:26.871 [info] fatal: not a git repository (or any of the parent directories): .git
2025-03-18 18:45:26.872 [info] > git rev-parse --show-toplevel [5ms]
2025-03-18 18:45:26.872 [info] fatal: not a git repository (or any of the parent directories): .git
2025-03-18 18:45:26.873 [info] [Model][doInitialScan] Initial repository scan completed - repositories (0), closed repositories (0), parent repositories (0), unsafe repositories (0)
2025-03-18 18:45:27.433 [info] > git rev-parse --show-toplevel [1ms]
2025-03-18 18:45:27.433 [info] fatal: not a git repository (or any of the parent directories): .git
2025-03-18 18:45:27.908 [info] > git rev-parse --show-toplevel [1ms]
2025-03-18 18:45:27.908 [info] fatal: not a git repository (or any of the parent directories): .git
2025-03-18 18:48:34.574 [info] > git rev-parse --show-toplevel [2ms]
2025-03-18 18:48:34.574 [info] fatal: not a git repository (or any of the parent directories): .git
2025-03-18 18:49:02.768 [info] > git rev-parse --show-toplevel [1ms]
2025-03-18 18:49:02.768 [info] fatal: not a git repository (or any of the parent directories): .git
2025-03-18 18:49:06.099 [info] > git rev-parse --show-toplevel [2ms]
2025-03-18 18:49:06.099 [info] fatal: not a git repository (or any of the parent directories): .git
2025-03-18 18:49:36.577 [info] > git rev-parse --show-toplevel [1ms]
2025-03-18 18:49:36.577 [info] fatal: not a git repository (or any of the parent directories): .git
2025-03-18 18:51:17.284 [info] > git rev-parse --show-toplevel [2ms]
2025-03-18 18:51:17.284 [info] fatal: not a git repository (or any of the parent directories): .git
2025-03-18 18:51:23.197 [info] > git rev-parse --show-toplevel [1ms]
2025-03-18 18:51:23.197 [info] fatal: not a git repository (or any of the parent directories): .git
2025-03-18 18:51:24.876 [info] > git rev-parse --show-toplevel [1ms]
2025-03-18 18:51:24.876 [info] fatal: not a git repository (or any of the parent directories): .git
2025-03-18 18:51:28.281 [info] > git rev-parse --show-toplevel [1ms]
2025-03-18 18:51:28.281 [info] fatal: not a git repository (or any of the parent directories): .git
2025-03-18 18:51:31.245 [info] > git rev-parse --show-toplevel [1ms]
2025-03-18 18:51:31.245 [info] fatal: not a git repository (or any of the parent directories): .git
2025-03-18 18:51:37.935 [info] > git rev-parse --show-toplevel [3ms]
2025-03-18 18:51:37.935 [info] fatal: not a git repository (or any of the parent directories): .git
2025-03-18 18:51:39.498 [info] > git rev-parse --show-toplevel [2ms]
2025-03-18 18:51:39.498 [info] fatal: not a git repository (or any of the parent directories): .git
2025-03-18 18:51:41.838 [info] > git rev-parse --show-toplevel [0ms]
2025-03-18 18:51:41.839 [info] fatal: not a git repository (or any of the parent directories): .git
2025-03-18 18:51:44.248 [info] > git rev-parse --show-toplevel [2ms]
2025-03-18 18:51:44.248 [info] fatal: not a git repository (or any of the parent directories): .git
2025-03-18 18:51:57.858 [info] > git rev-parse --show-toplevel [3ms]
2025-03-18 18:51:57.858 [info] fatal: not a git repository (or any of the parent directories): .git
2025-03-18 18:52:26.242 [info] > git rev-parse --show-toplevel [1ms]
2025-03-18 18:52:26.242 [info] fatal: not a git repository (or any of the parent directories): .git
2025-03-18 18:53:50.713 [info] > git rev-parse --show-toplevel [1ms]
2025-03-18 18:53:50.713 [info] fatal: not a git repository (or any of the parent directories): .git
2025-03-18 18:54:00.177 [info] > git rev-parse --show-toplevel [1ms]
2025-03-18 18:54:00.177 [info] fatal: not a git repository (or any of the parent directories): .git
2025-03-18 18:55:51.288 [info] > git rev-parse --show-toplevel [1ms]
2025-03-18 18:55:51.288 [info] fatal: not a git repository (or any of the parent directories): .git
2025-03-18 18:55:56.352 [info] > git rev-parse --show-toplevel [1ms]
2025-03-18 18:55:56.352 [info] fatal: not a git repository (or any of the parent directories): .git
2025-03-18 18:56:03.984 [info] > git rev-parse --show-toplevel [1ms]
2025-03-18 18:56:03.984 [info] fatal: not a git repository (or any of the parent directories): .git
2025-03-18 18:56:07.286 [info] > git rev-parse --show-toplevel [3ms]
2025-03-18 18:56:07.286 [info] fatal: not a git repository (or any of the parent directories): .git
2025-03-18 18:56:24.293 [info] > git rev-parse --show-toplevel [2ms]
2025-03-18 18:56:24.293 [info] fatal: not a git repository (or any of the parent directories): .git
2025-03-18 18:56:27.089 [info] > git rev-parse --show-toplevel [2ms]
2025-03-18 18:56:27.089 [info] fatal: not a git repository (or any of the parent directories): .git
2025-03-18 18:56:49.721 [info] > git rev-parse --show-toplevel [1ms]
2025-03-18 18:56:49.721 [info] fatal: not a git repository (or any of the parent directories): .git
2025-03-18 21:39:41.551 [info] > git rev-parse --show-toplevel [1ms]
2025-03-18 21:39:41.551 [info] fatal: not a git repository (or any of the parent directories): .git
2025-03-18 21:39:46.537 [info] > git rev-parse --show-toplevel [2ms]
2025-03-18 21:39:46.537 [info] fatal: not a git repository (or any of the parent directories): .git
2025-03-18 21:39:48.217 [info] > git rev-parse --show-toplevel [2ms]
2025-03-18 21:39:48.217 [info] fatal: not a git repository (or any of the parent directories): .git
2025-03-18 21:40:01.016 [info] > git rev-parse --show-toplevel [1ms]
2025-03-18 21:40:01.016 [info] fatal: not a git repository (or any of the parent directories): .git
2025-03-18 21:41:09.846 [info] > git rev-parse --show-toplevel [2ms]
2025-03-18 21:41:09.846 [info] fatal: not a git repository (or any of the parent directories): .git
2025-03-18 21:52:09.908 [info] > git rev-parse --show-toplevel [0ms]
2025-03-18 21:52:09.908 [info] fatal: not a git repository (or any of the parent directories): .git
2025-03-18 21:52:32.664 [info] > git rev-parse --show-toplevel [2ms]
2025-03-18 21:52:32.665 [info] fatal: not a git repository (or any of the parent directories): .git
2025-03-18 21:56:01.225 [info] > git rev-parse --show-toplevel [3ms]
2025-03-18 21:56:01.225 [info] fatal: not a git repository (or any of the parent directories): .git
2025-03-18 21:56:02.268 [info] > git rev-parse --show-toplevel [2ms]
2025-03-18 21:56:02.268 [info] fatal: not a git repository (or any of the parent directories): .git
2025-03-18 21:56:05.705 [info] > git rev-parse --show-toplevel [3ms]
2025-03-18 21:56:05.705 [info] fatal: not a git repository (or any of the parent directories): .git
2025-03-18 21:56:11.934 [info] > git rev-parse --show-toplevel [1ms]
2025-03-18 21:56:11.934 [info] fatal: not a git repository (or any of the parent directories): .git
2025-03-18 21:56:25.971 [info] > git rev-parse --show-toplevel [1ms]
2025-03-18 21:56:25.971 [info] fatal: not a git repository (or any of the parent directories): .git
2025-03-18 21:56:28.607 [info] > git rev-parse --show-toplevel [2ms]
2025-03-18 21:56:28.607 [info] fatal: not a git repository (or any of the parent directories): .git
2025-03-18 21:56:31.882 [info] > git rev-parse --show-toplevel [1ms]
2025-03-18 21:56:31.882 [info] fatal: not a git repository (or any of the parent directories): .git
2025-03-18 21:56:39.626 [info] > git rev-parse --show-toplevel [1ms]
2025-03-18 21:56:39.626 [info] fatal: not a git repository (or any of the parent directories): .git
2025-03-18 21:56:42.850 [info] > git rev-parse --show-toplevel [1ms]
2025-03-18 21:56:42.850 [info] fatal: not a git repository (or any of the parent directories): .git
