2025-03-13 21:17:49.358 [info] [main] Log level: Info
2025-03-13 21:17:49.358 [info] [main] Validating found git in: "git"
2025-03-13 21:17:49.358 [info] [main] Using git "2.43.0" from "git"
2025-03-13 21:17:49.358 [info] [Model][doInitialScan] Initial repository scan started
2025-03-13 21:17:49.358 [info] > git rev-parse --show-toplevel [4ms]
2025-03-13 21:17:49.359 [info] > git rev-parse --git-dir --git-common-dir [13ms]
2025-03-13 21:17:49.362 [info] [Model][openRepository] Opened repository: /home/sgass/Projects/kepler
2025-03-13 21:17:49.391 [info] > git rev-parse --show-toplevel [7ms]
2025-03-13 21:17:49.391 [info] > git config --get commit.template [12ms]
2025-03-13 21:17:49.410 [info] > git for-each-ref --format=%(refname)%00%(upstream:short)%00%(objectname)%00%(upstream:track)%00%(upstream:remotename)%00%(upstream:remoteref) refs/heads/sgass/prod/no-ref/mpcut1-ctrl-eth-interconnect refs/remotes/sgass/prod/no-ref/mpcut1-ctrl-eth-interconnect [13ms]
2025-03-13 21:17:49.414 [info] > git rev-parse --show-toplevel [5ms]
2025-03-13 21:17:49.422 [info] > git rev-parse --show-toplevel [2ms]
2025-03-13 21:17:49.428 [info] > git rev-parse --show-toplevel [1ms]
2025-03-13 21:17:49.434 [info] > git rev-parse --show-toplevel [2ms]
2025-03-13 21:17:49.443 [info] > git rev-parse --show-toplevel [3ms]
2025-03-13 21:17:49.449 [info] > git rev-parse --show-toplevel [2ms]
2025-03-13 21:17:49.455 [info] > git rev-parse --show-toplevel [1ms]
2025-03-13 21:17:49.463 [info] > git rev-parse --show-toplevel [3ms]
2025-03-13 21:17:49.469 [info] > git rev-parse --show-toplevel [2ms]
2025-03-13 21:17:49.475 [info] > git rev-parse --show-toplevel [1ms]
2025-03-13 21:17:49.480 [info] > git rev-parse --show-toplevel [1ms]
2025-03-13 21:17:49.485 [info] > git rev-parse --show-toplevel [2ms]
2025-03-13 21:17:49.491 [info] > git rev-parse --show-toplevel [1ms]
2025-03-13 21:17:49.495 [info] > git rev-parse --show-toplevel [1ms]
2025-03-13 21:17:49.500 [info] > git rev-parse --show-toplevel [2ms]
2025-03-13 21:17:49.506 [info] > git rev-parse --show-toplevel [1ms]
2025-03-13 21:17:49.511 [info] > git rev-parse --show-toplevel [2ms]
2025-03-13 21:17:49.515 [info] > git rev-parse --show-toplevel [2ms]
2025-03-13 21:17:49.520 [info] > git rev-parse --show-toplevel [2ms]
2025-03-13 21:17:49.525 [info] > git rev-parse --show-toplevel [1ms]
2025-03-13 21:17:49.530 [info] > git rev-parse --show-toplevel [2ms]
2025-03-13 21:17:49.535 [info] > git rev-parse --show-toplevel [1ms]
2025-03-13 21:17:49.541 [info] > git rev-parse --show-toplevel [1ms]
2025-03-13 21:17:49.546 [info] > git rev-parse --show-toplevel [2ms]
2025-03-13 21:17:49.553 [info] > git rev-parse --show-toplevel [2ms]
2025-03-13 21:17:49.559 [info] > git rev-parse --show-toplevel [1ms]
2025-03-13 21:17:49.564 [info] > git rev-parse --show-toplevel [2ms]
2025-03-13 21:17:49.570 [info] > git rev-parse --show-toplevel [2ms]
2025-03-13 21:17:49.575 [info] > git rev-parse --show-toplevel [1ms]
2025-03-13 21:17:49.580 [info] > git rev-parse --show-toplevel [1ms]
2025-03-13 21:17:49.584 [info] > git rev-parse --show-toplevel [1ms]
2025-03-13 21:17:49.589 [info] > git rev-parse --show-toplevel [1ms]
2025-03-13 21:17:49.594 [info] > git rev-parse --show-toplevel [1ms]
2025-03-13 21:17:49.599 [info] > git rev-parse --show-toplevel [1ms]
2025-03-13 21:17:49.600 [info] [Model][doInitialScan] Initial repository scan completed - repositories (1), closed repositories (0), parent repositories (0), unsafe repositories (0)
2025-03-13 21:17:49.680 [info] > git show --textconv :hdl/rtl/ethernet/ethernet_point_to_multipoint_hub.sv [9ms]
2025-03-13 21:17:49.684 [info] > git ls-files --stage -- /home/sgass/Projects/kepler/hdl/rtl/ethernet/ethernet_point_to_multipoint_hub.sv [7ms]
2025-03-13 21:17:49.881 [info] > git check-ignore -v -z --stdin [12ms]
2025-03-13 21:17:50.173 [info] > git status -z -uall [759ms]
2025-03-13 21:17:50.186 [info] > git for-each-ref --format=%(refname)%00%(upstream:short)%00%(objectname)%00%(upstream:track)%00%(upstream:remotename)%00%(upstream:remoteref) refs/heads/sgass/prod/no-ref/mpcut1-ctrl-eth-interconnect refs/remotes/sgass/prod/no-ref/mpcut1-ctrl-eth-interconnect [9ms]
2025-03-13 21:17:50.192 [info] > git config --local branch.sgass/prod/no-ref/mpcut1-ctrl-eth-interconnect.vscode-merge-base [2ms]
2025-03-13 21:17:50.192 [warning] [Git][config] git config failed: Failed to execute git
2025-03-13 21:17:50.195 [info] > git config --get commit.template [10ms]
2025-03-13 21:17:50.200 [info] > git for-each-ref --format=%(refname)%00%(upstream:short)%00%(objectname)%00%(upstream:track)%00%(upstream:remotename)%00%(upstream:remoteref) refs/heads/sgass/prod/no-ref/mpcut1-ctrl-eth-interconnect refs/remotes/sgass/prod/no-ref/mpcut1-ctrl-eth-interconnect [1ms]
2025-03-13 21:17:50.204 [info] > git reflog sgass/prod/no-ref/mpcut1-ctrl-eth-interconnect --grep-reflog=branch: Created from *. [9ms]
2025-03-13 21:17:50.329 [info] > git reflog HEAD --grep-reflog=checkout: moving from .* to sgass/prod/no-ref/mpcut1-ctrl-eth-interconnect [122ms]
2025-03-13 21:17:50.336 [info] > git for-each-ref --format=%(refname)%00%(upstream:short)%00%(objectname)%00%(upstream:track)%00%(upstream:remotename)%00%(upstream:remoteref) refs/heads/develop refs/remotes/develop [3ms]
2025-03-13 21:17:50.342 [info] > git for-each-ref --format=%(refname)%00%(upstream:short)%00%(objectname)%00%(upstream:track)%00%(upstream:remotename)%00%(upstream:remoteref) refs/remotes/origin/develop [2ms]
2025-03-13 21:17:50.348 [info] > git config --local branch.sgass/prod/no-ref/mpcut1-ctrl-eth-interconnect.vscode-merge-base origin/develop [2ms]
2025-03-13 21:17:50.352 [info] > git status -z -uall [149ms] (cancelled)
2025-03-13 21:17:50.354 [info] > git config --get commit.template [2ms]
2025-03-13 21:17:50.358 [info] > git for-each-ref --format=%(refname)%00%(upstream:short)%00%(objectname)%00%(upstream:track)%00%(upstream:remotename)%00%(upstream:remoteref) refs/heads/sgass/prod/no-ref/mpcut1-ctrl-eth-interconnect refs/remotes/sgass/prod/no-ref/mpcut1-ctrl-eth-interconnect [1ms]
2025-03-13 21:17:50.613 [info] > git status -z -uall [252ms]
2025-03-13 21:17:50.619 [info] > git for-each-ref --format=%(refname)%00%(upstream:short)%00%(objectname)%00%(upstream:track)%00%(upstream:remotename)%00%(upstream:remoteref) refs/heads/sgass/prod/no-ref/mpcut1-ctrl-eth-interconnect refs/remotes/sgass/prod/no-ref/mpcut1-ctrl-eth-interconnect [2ms]
2025-03-13 21:17:50.623 [info] > git config --local branch.sgass/prod/no-ref/mpcut1-ctrl-eth-interconnect.vscode-merge-base [1ms]
2025-03-13 21:17:50.628 [info] > git for-each-ref --format=%(refname)%00%(upstream:short)%00%(objectname)%00%(upstream:track)%00%(upstream:remotename)%00%(upstream:remoteref) refs/heads/origin/develop refs/remotes/origin/develop [2ms]
2025-03-13 21:17:50.683 [info] > git rev-parse --show-toplevel [1ms]
2025-03-13 21:17:50.687 [info] > git rev-parse --git-dir --git-common-dir [1ms]
2025-03-13 21:17:50.689 [info] [Model][openRepository] Opened repository: /home/sgass/Projects/kepler/third_party/libhydrogen
2025-03-13 21:17:50.697 [info] > git rev-parse --show-toplevel [2ms]
2025-03-13 21:17:50.697 [info] > git config --get commit.template [5ms]
2025-03-13 21:17:50.703 [info] > git rev-parse --git-dir --git-common-dir [4ms]
2025-03-13 21:17:50.706 [info] [Model][openRepository] Opened repository: /home/sgass/Projects/kepler/third_party/magic_enum
2025-03-13 21:17:50.714 [info] > git for-each-ref --format %(refname) %(objectname) %(*objectname) refs/tags [12ms]
2025-03-13 21:17:50.718 [info] > git status -z -uall [2ms]
2025-03-13 21:17:50.719 [info] > git rev-parse --show-toplevel [5ms]
2025-03-13 21:17:50.719 [info] > git config --get commit.template [8ms]
2025-03-13 21:17:50.731 [info] > git config --get commit.template [7ms]
2025-03-13 21:17:50.731 [info] > git rev-parse --git-dir --git-common-dir [4ms]
2025-03-13 21:17:50.732 [info] [Model][openRepository] Opened repository: /home/sgass/Projects/kepler/third_party/googletest
2025-03-13 21:17:50.742 [info] > git config --get commit.template [4ms]
2025-03-13 21:17:50.742 [info] > git for-each-ref --format %(refname) %(objectname) %(*objectname) refs/tags [6ms]
2025-03-13 21:17:50.742 [info] > git for-each-ref --format %(refname) %(objectname) %(*objectname) refs/tags [12ms]
2025-03-13 21:17:50.749 [info] > git rev-parse --show-toplevel [8ms]
2025-03-13 21:17:50.755 [info] > git status -z -uall [10ms]
2025-03-13 21:17:50.755 [info] > git status -z -uall [6ms]
2025-03-13 21:17:50.760 [info] > git rev-parse --show-toplevel [5ms]
2025-03-13 21:17:50.760 [info] > git for-each-ref --format %(refname) %(objectname) %(*objectname) refs/tags [8ms]
2025-03-13 21:17:50.767 [info] > git status -z -uall [2ms]
2025-03-13 21:17:50.767 [info] > git config --get commit.template [8ms]
2025-03-13 21:17:50.774 [info] > git rev-parse --git-dir --git-common-dir [7ms]
2025-03-13 21:17:50.775 [info] [Model][openRepository] Opened repository: /home/sgass/Projects/kepler/third_party/fast-cpp-csv-parser
2025-03-13 21:17:50.791 [info] > git config --get commit.template [17ms]
2025-03-13 21:17:50.791 [info] > git for-each-ref --format %(refname) %(objectname) %(*objectname) refs/tags [20ms]
2025-03-13 21:17:50.802 [info] > git status -z -uall [2ms]
2025-03-13 21:17:50.802 [info] > git rev-parse --show-toplevel [11ms]
2025-03-13 21:17:50.802 [info] > git config --get commit.template [14ms]
2025-03-13 21:17:50.813 [info] > git rev-parse --git-dir --git-common-dir [4ms]
2025-03-13 21:17:50.815 [info] [Model][openRepository] Opened repository: /home/sgass/Projects/kepler/hdl/verilog-axis
2025-03-13 21:17:50.815 [info] > git for-each-ref --format %(refname) %(objectname) %(*objectname) refs/tags [9ms]
2025-03-13 21:17:50.824 [info] > git status -z -uall [6ms]
2025-03-13 21:17:50.824 [info] > git for-each-ref --format %(refname) %(objectname) %(*objectname) refs/tags [11ms]
2025-03-13 21:17:50.829 [info] > git config --get commit.template [8ms]
2025-03-13 21:17:50.831 [info] > git status -z -uall [3ms]
2025-03-13 21:17:50.832 [info] > git rev-parse --show-toplevel [8ms]
2025-03-13 21:17:50.842 [info] > git config --get commit.template [4ms]
2025-03-13 21:17:50.842 [info] > git for-each-ref --format %(refname) %(objectname) %(*objectname) refs/tags [7ms]
2025-03-13 21:17:50.845 [info] > git rev-parse --git-dir --git-common-dir [4ms]
2025-03-13 21:17:50.846 [info] [Model][openRepository] Opened repository: /home/sgass/Projects/kepler/hdl/verilog-ethernet
2025-03-13 21:17:50.856 [info] > git status -z -uall [11ms]
2025-03-13 21:17:50.856 [info] > git config --get commit.template [4ms]
2025-03-13 21:17:50.856 [info] > git for-each-ref --format %(refname) %(objectname) %(*objectname) refs/tags [7ms]
2025-03-13 21:17:50.863 [info] > git status -z -uall [3ms]
2025-03-13 21:17:50.863 [info] > git rev-parse --show-toplevel [8ms]
2025-03-13 21:17:50.869 [info] > git config --get commit.template [6ms]
2025-03-13 21:17:50.871 [info] > git rev-parse --git-dir --git-common-dir [2ms]
2025-03-13 21:17:50.872 [info] [Model][openRepository] Opened repository: /home/sgass/Projects/kepler/third_party/vext.soapysdr
2025-03-13 21:17:50.872 [info] > git for-each-ref --format %(refname) %(objectname) %(*objectname) refs/tags [6ms]
2025-03-13 21:17:50.885 [info] > git status -z -uall [7ms]
2025-03-13 21:17:50.885 [info] > git rev-parse --show-toplevel [1ms]
2025-03-13 21:17:50.885 [info] > git config --get commit.template [4ms]
2025-03-13 21:17:50.887 [info] > git for-each-ref --format %(refname) %(objectname) %(*objectname) refs/tags [11ms]
2025-03-13 21:17:50.899 [info] > git status -z -uall [8ms]
2025-03-13 21:17:50.899 [info] > git rev-parse --git-dir --git-common-dir [6ms]
2025-03-13 21:17:50.900 [info] [Model][openRepository] Opened repository: /home/sgass/Projects/kepler/third_party/STM32CubeL1
2025-03-13 21:17:50.908 [info] > git for-each-ref --format %(refname) %(objectname) %(*objectname) refs/tags [10ms]
2025-03-13 21:17:50.908 [info] > git config --get commit.template [12ms]
2025-03-13 21:17:50.915 [info] > git rev-parse --show-toplevel [9ms]
2025-03-13 21:17:50.915 [info] > git config --get commit.template [11ms]
2025-03-13 21:17:50.919 [info] > git status -z -uall [7ms]
2025-03-13 21:17:50.919 [info] > git for-each-ref --format %(refname) %(objectname) %(*objectname) refs/tags [5ms]
2025-03-13 21:17:50.926 [info] > git rev-parse --git-dir --git-common-dir [7ms]
2025-03-13 21:17:50.927 [info] [Model][openRepository] Opened repository: /home/sgass/Projects/kepler/ansible/kubespray
2025-03-13 21:17:50.934 [info] > git config --get commit.template [9ms]
2025-03-13 21:17:50.934 [info] > git for-each-ref --format %(refname) %(objectname) %(*objectname) refs/tags [11ms]
2025-03-13 21:17:50.943 [info] > git status -z -uall [12ms]
2025-03-13 21:17:50.944 [info] > git config --get commit.template [11ms]
2025-03-13 21:17:50.948 [info] > git for-each-ref --format %(refname) %(objectname) %(*objectname) refs/tags [6ms]
2025-03-13 21:17:50.952 [info] > git status -z -uall [1ms]
2025-03-13 21:17:50.955 [info] > git status -z -uall [18ms]
2025-03-13 21:17:50.961 [info] > git for-each-ref --format %(refname) %(objectname) %(*objectname) refs/tags [14ms]
2025-03-13 21:17:50.964 [info] > git config --get commit.template [4ms]
2025-03-13 21:17:50.967 [info] > git for-each-ref --format %(refname) %(objectname) %(*objectname) refs/tags [1ms]
2025-03-13 21:17:50.974 [info] > git status -z -uall [11ms]
2025-03-13 21:17:50.982 [info] > git config --get commit.template [4ms]
2025-03-13 21:17:50.983 [info] > git for-each-ref --format %(refname) %(objectname) %(*objectname) refs/tags [2ms]
2025-03-13 21:17:50.988 [info] > git status -z -uall [18ms]
2025-03-13 21:17:50.995 [info] > git status -z -uall [9ms]
2025-03-13 21:17:51.215 [info] > git check-ignore -v -z --stdin [15ms]
