2025-03-11 09:30:27.602 [info] Reading sessions from keychain...
2025-03-11 09:30:27.602 [info] Getting sessions for all scopes...
2025-03-11 09:30:27.602 [info] Getting sessions for all scopes...
2025-03-11 09:30:27.602 [info] Getting sessions for read:user,repo,user:email,workflow...
2025-03-11 09:30:27.602 [info] Got 0 sessions for ...
2025-03-11 09:30:27.602 [info] Got 0 sessions for ...
2025-03-11 09:30:27.602 [info] Got 0 sessions for read:user,repo,user:email,workflow...
2025-03-11 09:30:27.631 [info] Getting sessions for read:user,repo,user:email,workflow...
2025-03-11 09:30:27.631 [info] Got 0 sessions for read:user,repo,user:email,workflow...
2025-03-11 09:30:27.731 [info] Getting sessions for read:user,repo,user:email,workflow...
2025-03-11 09:30:27.731 [info] Got 0 sessions for read:user,repo,user:email,workflow...
2025-03-11 09:30:27.754 [info] Getting sessions for read:user,repo,user:email,workflow...
2025-03-11 09:30:27.754 [info] Got 0 sessions for read:user,repo,user:email,workflow...
2025-03-12 09:29:24.086 [info] Reading sessions from keychain...
2025-03-12 09:29:24.086 [info] Getting sessions for all scopes...
2025-03-12 09:29:24.086 [info] Getting sessions for all scopes...
2025-03-12 09:29:24.086 [info] Got 0 sessions for ...
2025-03-12 09:29:24.086 [info] Got 0 sessions for ...
2025-03-12 09:29:24.086 [info] Getting sessions for read:user,repo,user:email,workflow...
2025-03-12 09:29:24.086 [info] Got 0 sessions for read:user,repo,user:email,workflow...
2025-03-12 09:29:24.135 [info] Getting sessions for read:user,repo,user:email,workflow...
2025-03-12 09:29:24.135 [info] Got 0 sessions for read:user,repo,user:email,workflow...
2025-03-12 09:29:24.311 [info] Getting sessions for read:user,repo,user:email,workflow...
2025-03-12 09:29:24.311 [info] Got 0 sessions for read:user,repo,user:email,workflow...
