2025-03-16 15:59:50.056 [info] Added views:workbench.panel.markers.view in workbench.panel.markers
2025-03-16 15:59:50.056 [info] Added views:workbench.panel.output in workbench.panel.output
2025-03-16 15:59:50.056 [info] Added views:terminal in terminal
2025-03-16 15:59:50.056 [info] Added views:outline in workbench.view.explorer
2025-03-16 15:59:50.056 [info] Added views:workbench.scm in workbench.view.scm
2025-03-16 15:59:50.056 [info] Added views:workbench.view.search in workbench.view.search
2025-03-16 15:59:50.056 [info] Added views:timeline in workbench.view.explorer
2025-03-16 15:59:50.056 [info] Added views:workbench.explorer.fileView in workbench.view.explorer
2025-03-16 15:59:50.263 [info] Added views:workbench.debug.welcome in workbench.view.debug
2025-03-16 15:59:51.072 [info] Added views:workbench.panel.repl.view in workbench.panel.repl
2025-03-16 15:59:52.062 [info] Added views:~remote.forwardedPorts in ~remote.forwardedPortsContainer
2025-03-16 16:00:03.573 [info] Added views:workbench.panel.markers.view in workbench.panel.markers
2025-03-16 16:00:03.573 [info] Added views:workbench.panel.output in workbench.panel.output
2025-03-16 16:00:03.573 [info] Added views:terminal in terminal
2025-03-16 16:00:03.573 [info] Added views:outline in workbench.view.explorer
2025-03-16 16:00:03.573 [info] Added views:workbench.scm in workbench.view.scm
2025-03-16 16:00:03.573 [info] Added views:workbench.view.search in workbench.view.search
2025-03-16 16:00:03.573 [info] Added views:timeline in workbench.view.explorer
2025-03-16 16:00:03.573 [info] Added views:workbench.explorer.fileView in workbench.view.explorer
2025-03-16 16:00:03.800 [info] Added views:workbench.debug.welcome in workbench.view.debug
2025-03-16 16:00:04.009 [info] Added views:~remote.forwardedPorts in ~remote.forwardedPortsContainer
2025-03-16 16:00:04.116 [info] Added views:workbench.panel.repl.view in workbench.panel.repl
2025-03-16 16:00:04.363 [info] Added views:workbench.scm.history in workbench.view.scm
2025-03-16 17:00:48.279 [info] Removed views:workbench.scm.history from workbench.view.scm
2025-03-16 17:00:49.043 [info] Added views:workbench.panel.markers.view in workbench.panel.markers
2025-03-16 17:00:49.043 [info] Added views:workbench.panel.output in workbench.panel.output
2025-03-16 17:00:49.043 [info] Added views:terminal in terminal
2025-03-16 17:00:49.043 [info] Added views:outline in workbench.view.explorer
2025-03-16 17:00:49.043 [info] Added views:workbench.scm in workbench.view.scm
2025-03-16 17:00:49.043 [info] Added views:workbench.view.search in workbench.view.search
2025-03-16 17:00:49.043 [info] Added views:timeline in workbench.view.explorer
2025-03-16 17:00:49.043 [info] Added views:workbench.explorer.fileView in workbench.view.explorer
2025-03-16 17:00:49.151 [info] Added views:workbench.debug.welcome in workbench.view.debug
2025-03-16 17:00:49.752 [info] Added views:workbench.panel.repl.view in workbench.panel.repl
2025-03-16 17:00:50.527 [info] Added views:~remote.forwardedPorts in ~remote.forwardedPortsContainer
2025-03-16 17:07:25.534 [info] Added views:workbench.panel.markers.view in workbench.panel.markers
2025-03-16 17:07:25.534 [info] Added views:workbench.panel.output in workbench.panel.output
2025-03-16 17:07:25.534 [info] Added views:terminal in terminal
2025-03-16 17:07:25.534 [info] Added views:outline in workbench.view.explorer
2025-03-16 17:07:25.534 [info] Added views:workbench.scm in workbench.view.scm
2025-03-16 17:07:25.534 [info] Added views:workbench.view.search in workbench.view.search
2025-03-16 17:07:25.534 [info] Added views:timeline in workbench.view.explorer
2025-03-16 17:07:25.534 [info] Added views:workbench.explorer.fileView in workbench.view.explorer
2025-03-16 17:07:25.708 [info] Added views:workbench.debug.welcome in workbench.view.debug
2025-03-16 17:07:26.422 [info] Added views:workbench.panel.repl.view in workbench.panel.repl
2025-03-16 17:07:27.048 [info] Added views:~remote.forwardedPorts in ~remote.forwardedPortsContainer
2025-03-16 17:43:39.468 [info] Added views:workbench.scm.history in workbench.view.scm
2025-03-16 17:48:26.170 [info] Removed views:workbench.scm.history from workbench.view.scm
2025-03-16 17:48:26.679 [info] Added views:workbench.panel.markers.view in workbench.panel.markers
2025-03-16 17:48:26.679 [info] Added views:workbench.panel.output in workbench.panel.output
2025-03-16 17:48:26.679 [info] Added views:terminal in terminal
2025-03-16 17:48:26.679 [info] Added views:outline in workbench.view.explorer
2025-03-16 17:48:26.679 [info] Added views:workbench.scm in workbench.view.scm
2025-03-16 17:48:26.679 [info] Added views:workbench.view.search in workbench.view.search
2025-03-16 17:48:26.679 [info] Added views:timeline in workbench.view.explorer
2025-03-16 17:48:26.679 [info] Added views:workbench.explorer.fileView in workbench.view.explorer
2025-03-16 17:48:26.770 [info] Added views:workbench.debug.welcome in workbench.view.debug
2025-03-16 17:48:27.167 [info] Added views:workbench.panel.repl.view in workbench.panel.repl
2025-03-16 17:48:27.562 [info] Added views:~remote.forwardedPorts in ~remote.forwardedPortsContainer
2025-03-16 17:48:28.188 [info] Added views:workbench.scm.history in workbench.view.scm
2025-03-16 18:20:20.729 [info] Removed views:workbench.scm.history from workbench.view.scm
