2025-03-18 14:20:06.160 [info] Added views:workbench.panel.markers.view in workbench.panel.markers
2025-03-18 14:20:06.160 [info] Added views:workbench.panel.output in workbench.panel.output
2025-03-18 14:20:06.160 [info] Added views:terminal in terminal
2025-03-18 14:20:06.160 [info] Added views:outline in workbench.view.explorer
2025-03-18 14:20:06.160 [info] Added views:workbench.scm in workbench.view.scm
2025-03-18 14:20:06.160 [info] Added views:workbench.view.search in workbench.view.search
2025-03-18 14:20:06.160 [info] Added views:timeline in workbench.view.explorer
2025-03-18 14:20:06.160 [info] Added views:workbench.explorer.fileView in workbench.view.explorer
2025-03-18 14:20:06.325 [info] Added views:workbench.debug.welcome in workbench.view.debug
2025-03-18 14:20:06.789 [info] Added views:workbench.panel.repl.view in workbench.panel.repl
2025-03-18 14:20:07.351 [info] Added views:~remote.forwardedPorts in ~remote.forwardedPortsContainer
2025-03-18 14:20:07.817 [info] Added views:workbench.scm.history in workbench.view.scm
2025-03-18 14:20:25.118 [info] Removed views:workbench.scm.history from workbench.view.scm
2025-03-18 14:20:25.407 [info] Added views:workbench.panel.markers.view in workbench.panel.markers
2025-03-18 14:20:25.407 [info] Added views:workbench.panel.output in workbench.panel.output
2025-03-18 14:20:25.407 [info] Added views:terminal in terminal
2025-03-18 14:20:25.407 [info] Added views:outline in workbench.view.explorer
2025-03-18 14:20:25.407 [info] Added views:workbench.scm in workbench.view.scm
2025-03-18 14:20:25.407 [info] Added views:workbench.view.search in workbench.view.search
2025-03-18 14:20:25.407 [info] Added views:timeline in workbench.view.explorer
2025-03-18 14:20:25.407 [info] Added views:workbench.explorer.fileView in workbench.view.explorer
2025-03-18 14:20:25.514 [info] Added views:workbench.debug.welcome in workbench.view.debug
2025-03-18 14:20:25.862 [info] Added views:workbench.panel.repl.view in workbench.panel.repl
2025-03-18 14:20:26.176 [info] Added views:~remote.forwardedPorts in ~remote.forwardedPortsContainer
2025-03-18 14:20:26.907 [info] Added views:workbench.scm.history in workbench.view.scm
2025-03-18 18:12:50.420 [info] Removed views:workbench.scm.history from workbench.view.scm
2025-03-18 18:12:50.935 [info] Added views:workbench.panel.markers.view in workbench.panel.markers
2025-03-18 18:12:50.935 [info] Added views:workbench.panel.output in workbench.panel.output
2025-03-18 18:12:50.935 [info] Added views:terminal in terminal
2025-03-18 18:12:50.935 [info] Added views:outline in workbench.view.explorer
2025-03-18 18:12:50.935 [info] Added views:workbench.scm in workbench.view.scm
2025-03-18 18:12:50.935 [info] Added views:workbench.view.search in workbench.view.search
2025-03-18 18:12:50.935 [info] Added views:timeline in workbench.view.explorer
2025-03-18 18:12:50.935 [info] Added views:workbench.explorer.fileView in workbench.view.explorer
2025-03-18 18:12:51.206 [info] Added views:workbench.debug.variablesView,workbench.debug.watchExpressionsView,workbench.debug.callStackView,workbench.debug.breakPointsView in workbench.view.debug
2025-03-18 18:12:51.289 [info] Added views:~remote.forwardedPorts in ~remote.forwardedPortsContainer
2025-03-18 18:12:51.380 [info] Added views:workbench.panel.repl.view in workbench.panel.repl
2025-03-18 18:12:51.381 [info] Removed views:workbench.debug.breakPointsView,workbench.debug.callStackView,workbench.debug.watchExpressionsView,workbench.debug.variablesView from workbench.view.debug
2025-03-18 18:12:51.381 [info] Added views:workbench.debug.welcome in workbench.view.debug
2025-03-18 18:41:01.229 [info] Added views:workbench.panel.markers.view in workbench.panel.markers
2025-03-18 18:41:01.229 [info] Added views:workbench.panel.output in workbench.panel.output
2025-03-18 18:41:01.229 [info] Added views:terminal in terminal
2025-03-18 18:41:01.229 [info] Added views:outline in workbench.view.explorer
2025-03-18 18:41:01.229 [info] Added views:workbench.scm in workbench.view.scm
2025-03-18 18:41:01.229 [info] Added views:workbench.view.search in workbench.view.search
2025-03-18 18:41:01.229 [info] Added views:timeline in workbench.view.explorer
2025-03-18 18:41:01.229 [info] Added views:workbench.explorer.fileView in workbench.view.explorer
2025-03-18 18:41:01.326 [info] Added views:workbench.debug.welcome in workbench.view.debug
2025-03-18 18:41:01.639 [info] Added views:workbench.panel.repl.view in workbench.panel.repl
2025-03-18 18:41:01.994 [info] Added views:~remote.forwardedPorts in ~remote.forwardedPortsContainer
2025-03-18 18:41:02.716 [info] Added views:workbench.scm.history in workbench.view.scm
2025-03-18 18:45:24.752 [info] Removed views:workbench.scm.history from workbench.view.scm
2025-03-18 18:45:25.308 [info] Added views:workbench.panel.markers.view in workbench.panel.markers
2025-03-18 18:45:25.308 [info] Added views:workbench.panel.output in workbench.panel.output
2025-03-18 18:45:25.308 [info] Added views:terminal in terminal
2025-03-18 18:45:25.308 [info] Added views:outline in workbench.view.explorer
2025-03-18 18:45:25.308 [info] Added views:workbench.scm in workbench.view.scm
2025-03-18 18:45:25.308 [info] Added views:workbench.view.search in workbench.view.search
2025-03-18 18:45:25.308 [info] Added views:timeline in workbench.view.explorer
2025-03-18 18:45:25.308 [info] Added views:workbench.explorer.fileView in workbench.view.explorer
2025-03-18 18:45:25.413 [info] Added views:workbench.debug.welcome in workbench.view.debug
2025-03-18 18:45:25.837 [info] Added views:workbench.panel.repl.view in workbench.panel.repl
2025-03-18 18:45:26.227 [info] Added views:~remote.forwardedPorts in ~remote.forwardedPortsContainer
