2025-03-16 17:01:58.535 [info] read schema from vscode: vscode://schemas/settings/default
2025-03-16 17:01:58.548 [info] cancelled
2025-03-16 17:01:58.570 [info] schema change detected vscode://schemas/settings/default
2025-03-16 17:01:58.592 [info] read schema from vscode: vscode://schemas/settings/resourceLanguage
2025-03-16 17:01:58.592 [info] read schema from vscode: vscode://schemas/ignoredSettings
2025-03-16 17:01:58.601 [info] read schema from vscode: vscode://schemas/launch
2025-03-16 17:01:58.602 [info] read schema from vscode: vscode://schemas/token-styling
2025-03-16 17:01:58.602 [info] read schema from vscode: vscode://schemas/textmate-colors
2025-03-16 17:01:58.602 [info] read schema from vscode: vscode://schemas/workbench-colors
2025-03-16 17:01:58.721 [info] cancelled
2025-03-16 17:01:58.723 [info] read schema from vscode: vscode://schemas/settings/default
2025-03-16 17:02:03.499 [info] schema change detected vscode://schemas/launch
2025-03-16 17:02:03.500 [info] read schema from vscode: vscode://schemas/settings/default
2025-03-16 17:02:03.584 [info] read schema from vscode: vscode://schemas/launch
2025-03-16 17:06:41.240 [info] read schema from vscode: vscode://schemas/settings/folder
2025-03-16 17:06:41.365 [info] schema change detected vscode://schemas/settings/default
2025-03-16 17:06:41.366 [info] schema change detected vscode://schemas/settings/folder
2025-03-16 17:06:41.481 [info] cancelled
2025-03-16 17:06:41.481 [info] read schema from vscode: vscode://schemas/settings/folder
2025-03-16 17:06:46.573 [info] schema change detected vscode://schemas/launch
2025-03-16 17:06:46.577 [info] read schema from vscode: vscode://schemas/settings/folder
2025-03-16 17:06:46.661 [info] read schema from vscode: vscode://schemas/launch
2025-03-16 17:07:19.822 [info] schema change detected vscode://schemas/settings/default
2025-03-16 17:07:19.822 [info] schema change detected vscode://schemas/settings/folder
2025-03-16 17:45:03.005 [info] read schema from vscode: vscode://schemas/settings/user
2025-03-16 17:45:03.007 [info] cancelled
2025-03-16 17:45:03.055 [info] schema change detected vscode://schemas/settings/user
2025-03-16 17:45:03.060 [info] read schema from vscode: vscode://schemas/settings/resourceLanguage
2025-03-16 17:45:03.061 [info] read schema from vscode: vscode://schemas/ignoredSettings
2025-03-16 17:45:03.065 [info] read schema from vscode: vscode://schemas/launch
2025-03-16 17:45:03.066 [info] read schema from vscode: vscode://schemas/token-styling
2025-03-16 17:45:03.066 [info] read schema from vscode: vscode://schemas/textmate-colors
2025-03-16 17:45:03.066 [info] read schema from vscode: vscode://schemas/workbench-colors
2025-03-16 17:45:03.143 [info] cancelled
2025-03-16 17:45:03.143 [info] read schema from vscode: vscode://schemas/settings/user
2025-03-16 17:45:07.957 [info] schema change detected vscode://schemas/launch
2025-03-16 17:45:07.958 [info] read schema from vscode: vscode://schemas/settings/user
2025-03-16 17:45:08.010 [info] read schema from vscode: vscode://schemas/launch
2025-03-16 17:45:14.323 [info] read schema from vscode: vscode://schemas/settings/folder
2025-03-16 17:45:14.384 [info] schema change detected vscode://schemas/settings/user
2025-03-16 17:45:14.384 [info] schema change detected vscode://schemas/settings/folder
2025-03-16 17:45:14.419 [info] cancelled
2025-03-16 17:45:14.420 [info] cancelled
2025-03-16 17:45:14.420 [info] read schema from vscode: vscode://schemas/settings/user
2025-03-16 17:45:14.420 [info] read schema from vscode: vscode://schemas/settings/folder
2025-03-16 17:45:23.381 [info] schema change detected vscode://schemas/settings/user
2025-03-16 17:45:23.382 [info] schema change detected vscode://schemas/settings/folder
2025-03-16 17:45:23.383 [info] read schema from vscode: vscode://schemas/settings/user
2025-03-16 17:45:23.383 [info] read schema from vscode: vscode://schemas/settings/folder
2025-03-16 17:45:23.496 [info] cancelled
2025-03-16 17:45:23.545 [info] cancelled
2025-03-16 17:45:42.194 [info] schema change detected vscode://schemas/settings/user
2025-03-16 17:45:42.196 [info] schema change detected vscode://schemas/settings/folder
2025-03-16 17:45:42.197 [info] cancelled
2025-03-16 17:45:42.197 [info] cancelled
2025-03-16 17:45:42.198 [info] read schema from vscode: vscode://schemas/settings/user
2025-03-16 17:45:42.198 [info] read schema from vscode: vscode://schemas/settings/folder
2025-03-16 17:46:36.469 [info] schema change detected vscode://schemas/settings/user
2025-03-16 17:46:36.470 [info] schema change detected vscode://schemas/settings/folder
2025-03-16 17:46:36.471 [info] read schema from vscode: vscode://schemas/settings/user
2025-03-16 17:46:36.471 [info] cancelled
2025-03-16 17:46:36.472 [info] read schema from vscode: vscode://schemas/settings/folder
2025-03-16 17:46:36.575 [info] cancelled
2025-03-16 17:48:15.328 [info] schema change detected vscode://schemas/settings/user
2025-03-16 17:48:15.329 [info] schema change detected vscode://schemas/settings/folder
2025-03-16 17:48:15.331 [info] read schema from vscode: vscode://schemas/settings/user
2025-03-16 17:48:15.331 [info] read schema from vscode: vscode://schemas/settings/folder
2025-03-16 17:48:15.421 [info] cancelled
2025-03-16 17:48:15.479 [info] cancelled
2025-03-16 17:48:22.304 [info] schema change detected vscode://schemas/settings/user
2025-03-16 17:48:22.306 [info] schema change detected vscode://schemas/settings/folder
2025-03-16 17:48:22.307 [info] cancelled
2025-03-16 17:48:22.308 [info] cancelled
2025-03-16 17:48:22.309 [info] read schema from vscode: vscode://schemas/settings/user
2025-03-16 17:48:22.309 [info] read schema from vscode: vscode://schemas/settings/folder
2025-03-16 17:48:27.429 [info] read schema from vscode: vscode://schemas/settings/user
2025-03-16 17:48:27.429 [info] cancelled
2025-03-16 17:48:27.531 [info] cancelled
2025-03-16 17:48:27.559 [info] schema change detected vscode://schemas/settings/user
2025-03-16 17:48:27.560 [info] read schema from vscode: vscode://schemas/settings/user
2025-03-16 17:48:27.625 [info] read schema from vscode: vscode://schemas/settings/resourceLanguage
2025-03-16 17:48:27.626 [info] read schema from vscode: vscode://schemas/ignoredSettings
2025-03-16 17:48:27.633 [info] read schema from vscode: vscode://schemas/launch
2025-03-16 17:48:27.633 [info] read schema from vscode: vscode://schemas/token-styling
2025-03-16 17:48:27.634 [info] read schema from vscode: vscode://schemas/textmate-colors
2025-03-16 17:48:27.634 [info] read schema from vscode: vscode://schemas/workbench-colors
2025-03-16 17:48:28.700 [info] schema change detected vscode://schemas/settings/resourceLanguage
2025-03-16 17:48:28.708 [info] schema change detected vscode://schemas/ignoredSettings
2025-03-16 17:48:28.709 [info] read schema from vscode: vscode://schemas/settings/user
2025-03-16 17:48:28.745 [info] read schema from vscode: vscode://schemas/settings/resourceLanguage
2025-03-16 17:48:28.745 [info] read schema from vscode: vscode://schemas/ignoredSettings
2025-03-16 17:48:28.794 [info] cancelled
2025-03-16 17:48:29.221 [info] schema change detected vscode://schemas/settings/resourceLanguage
2025-03-16 17:48:29.222 [info] read schema from vscode: vscode://schemas/settings/user
2025-03-16 17:48:29.228 [info] schema change detected vscode://schemas/ignoredSettings
2025-03-16 17:48:29.278 [info] read schema from vscode: vscode://schemas/settings/resourceLanguage
2025-03-16 17:48:29.278 [info] read schema from vscode: vscode://schemas/ignoredSettings
2025-03-16 17:48:29.302 [info] schema change detected vscode://schemas/settings/user
2025-03-16 17:48:29.338 [info] cancelled
2025-03-16 17:48:29.339 [info] read schema from vscode: vscode://schemas/settings/user
2025-03-16 17:48:32.354 [info] schema change detected vscode://schemas/launch
2025-03-16 17:48:32.355 [info] read schema from vscode: vscode://schemas/settings/user
2025-03-16 17:48:32.395 [info] read schema from vscode: vscode://schemas/launch
2025-03-16 17:48:42.263 [info] read schema from vscode: vscode://schemas/settings/folder
2025-03-16 17:48:42.325 [info] schema change detected vscode://schemas/settings/user
2025-03-16 17:48:42.325 [info] schema change detected vscode://schemas/settings/folder
2025-03-16 17:48:42.360 [info] cancelled
2025-03-16 17:48:42.361 [info] cancelled
2025-03-16 17:48:42.361 [info] read schema from vscode: vscode://schemas/settings/user
2025-03-16 17:48:42.362 [info] read schema from vscode: vscode://schemas/settings/folder
2025-03-16 17:48:43.904 [info] schema change detected vscode://schemas/settings/user
2025-03-16 17:48:43.905 [info] schema change detected vscode://schemas/settings/folder
2025-03-16 17:48:43.905 [info] read schema from vscode: vscode://schemas/settings/user
2025-03-16 17:48:43.974 [info] cancelled
2025-03-16 17:48:45.898 [info] schema change detected vscode://schemas/settings/user
2025-03-16 17:48:45.899 [info] schema change detected vscode://schemas/settings/folder
2025-03-16 17:48:45.900 [info] read schema from vscode: vscode://schemas/settings/user
2025-03-16 17:48:47.154 [info] schema change detected vscode://schemas/settings/user
2025-03-16 17:48:47.154 [info] schema change detected vscode://schemas/settings/folder
2025-03-16 17:52:26.527 [info] schema change detected vscode://schemas/settings/user
2025-03-16 17:52:26.528 [info] schema change detected vscode://schemas/settings/folder
2025-03-16 17:52:26.651 [info] schema change detected vscode://schemas/settings/user
2025-03-16 17:52:26.651 [info] schema change detected vscode://schemas/settings/folder
