2025-03-11 09:30:26.204 [info] [main] Log level: Info
2025-03-11 09:30:26.204 [info] [main] Validating found git in: "git"
2025-03-11 09:30:26.204 [info] [main] Using git "2.43.0" from "git"
2025-03-11 09:30:26.204 [info] [Model][doInitialScan] Initial repository scan started
2025-03-11 09:30:26.204 [info] > git rev-parse --show-toplevel [4ms]
2025-03-11 09:30:26.205 [info] > git rev-parse --git-dir --git-common-dir [5ms]
2025-03-11 09:30:26.208 [info] [Model][openRepository] Opened repository: /home/sgass/Projects/kepler
2025-03-11 09:30:26.216 [info] > git config --get commit.template [4ms]
2025-03-11 09:30:26.217 [info] > git rev-parse --show-toplevel [1ms]
2025-03-11 09:30:26.227 [info] > git for-each-ref --format=%(refname)%00%(upstream:short)%00%(objectname)%00%(upstream:track)%00%(upstream:remotename)%00%(upstream:remoteref) refs/heads/sgass/prod/no-ref/network-packet-generator-ecp refs/remotes/sgass/prod/no-ref/network-packet-generator-ecp [7ms]
2025-03-11 09:30:26.231 [info] > git rev-parse --show-toplevel [5ms]
2025-03-11 09:30:26.235 [info] > git rev-parse --show-toplevel [1ms]
2025-03-11 09:30:26.241 [info] > git rev-parse --show-toplevel [2ms]
2025-03-11 09:30:26.245 [info] > git rev-parse --show-toplevel [1ms]
2025-03-11 09:30:26.249 [info] > git rev-parse --show-toplevel [1ms]
2025-03-11 09:30:26.254 [info] > git rev-parse --show-toplevel [1ms]
2025-03-11 09:30:26.259 [info] > git rev-parse --show-toplevel [1ms]
2025-03-11 09:30:26.263 [info] > git rev-parse --show-toplevel [1ms]
2025-03-11 09:30:26.266 [info] > git rev-parse --show-toplevel [1ms]
2025-03-11 09:30:26.270 [info] > git rev-parse --show-toplevel [1ms]
2025-03-11 09:30:26.274 [info] > git rev-parse --show-toplevel [1ms]
2025-03-11 09:30:26.278 [info] > git rev-parse --show-toplevel [1ms]
2025-03-11 09:30:26.282 [info] > git rev-parse --show-toplevel [1ms]
2025-03-11 09:30:26.286 [info] > git rev-parse --show-toplevel [1ms]
2025-03-11 09:30:26.290 [info] > git rev-parse --show-toplevel [1ms]
2025-03-11 09:30:26.294 [info] > git rev-parse --show-toplevel [1ms]
2025-03-11 09:30:26.298 [info] > git rev-parse --show-toplevel [1ms]
2025-03-11 09:30:26.302 [info] > git rev-parse --show-toplevel [1ms]
2025-03-11 09:30:26.307 [info] > git rev-parse --show-toplevel [2ms]
2025-03-11 09:30:26.311 [info] > git rev-parse --show-toplevel [1ms]
2025-03-11 09:30:26.315 [info] > git rev-parse --show-toplevel [1ms]
2025-03-11 09:30:26.320 [info] > git rev-parse --show-toplevel [2ms]
2025-03-11 09:30:26.323 [info] > git rev-parse --show-toplevel [1ms]
2025-03-11 09:30:26.327 [info] > git rev-parse --show-toplevel [1ms]
2025-03-11 09:30:26.331 [info] > git rev-parse --show-toplevel [2ms]
2025-03-11 09:30:26.335 [info] > git rev-parse --show-toplevel [2ms]
2025-03-11 09:30:26.338 [info] > git rev-parse --show-toplevel [1ms]
2025-03-11 09:30:26.343 [info] > git rev-parse --show-toplevel [1ms]
2025-03-11 09:30:26.349 [info] > git rev-parse --show-toplevel [2ms]
2025-03-11 09:30:26.354 [info] > git rev-parse --show-toplevel [1ms]
2025-03-11 09:30:26.359 [info] > git rev-parse --show-toplevel [2ms]
2025-03-11 09:30:26.365 [info] > git rev-parse --show-toplevel [2ms]
2025-03-11 09:30:26.371 [info] > git rev-parse --show-toplevel [3ms]
2025-03-11 09:30:26.377 [info] > git rev-parse --show-toplevel [2ms]
2025-03-11 09:30:26.379 [info] [Model][doInitialScan] Initial repository scan completed - repositories (1), closed repositories (0), parent repositories (0), unsafe repositories (0)
2025-03-11 09:30:26.524 [info] > git show --textconv :hdl/templates/module_config/tiny-bcam-table-config.yaml [9ms]
2025-03-11 09:30:26.526 [info] > git ls-files --stage -- /home/sgass/Projects/kepler/hdl/templates/module_config/tiny-bcam-table-config.yaml [8ms]
2025-03-11 09:30:26.532 [info] > git cat-file -s e07197e26c79cf8177a76936e1da1098614753eb [2ms]
2025-03-11 09:30:26.727 [info] > git check-ignore -v -z --stdin [7ms]
2025-03-11 09:30:26.908 [info] > git status -z -uall [678ms]
2025-03-11 09:30:26.923 [info] > git for-each-ref --format=%(refname)%00%(upstream:short)%00%(objectname)%00%(upstream:track)%00%(upstream:remotename)%00%(upstream:remoteref) refs/heads/sgass/prod/no-ref/network-packet-generator-ecp refs/remotes/sgass/prod/no-ref/network-packet-generator-ecp [10ms]
2025-03-11 09:30:26.928 [info] > git config --local branch.sgass/prod/no-ref/network-packet-generator-ecp.vscode-merge-base [1ms]
2025-03-11 09:30:26.931 [info] > git config --get commit.template [9ms]
2025-03-11 09:30:26.934 [info] > git for-each-ref --format=%(refname)%00%(upstream:short)%00%(objectname)%00%(upstream:track)%00%(upstream:remotename)%00%(upstream:remoteref) refs/heads/origin/develop refs/remotes/origin/develop [3ms]
2025-03-11 09:30:26.936 [info] > git for-each-ref --format=%(refname)%00%(upstream:short)%00%(objectname)%00%(upstream:track)%00%(upstream:remotename)%00%(upstream:remoteref) refs/heads/sgass/prod/no-ref/network-packet-generator-ecp refs/remotes/sgass/prod/no-ref/network-packet-generator-ecp [2ms]
2025-03-11 09:30:27.420 [info] > git status -z -uall [482ms]
2025-03-11 09:30:27.427 [info] > git for-each-ref --format=%(refname)%00%(upstream:short)%00%(objectname)%00%(upstream:track)%00%(upstream:remotename)%00%(upstream:remoteref) refs/heads/sgass/prod/no-ref/network-packet-generator-ecp refs/remotes/sgass/prod/no-ref/network-packet-generator-ecp [2ms]
2025-03-11 09:30:27.431 [info] > git rev-parse --show-toplevel [11ms]
2025-03-11 09:30:27.435 [info] > git config --local branch.sgass/prod/no-ref/network-packet-generator-ecp.vscode-merge-base [4ms]
2025-03-11 09:30:27.438 [info] > git rev-parse --git-dir --git-common-dir [3ms]
2025-03-11 09:30:27.439 [info] [Model][openRepository] Opened repository: /home/sgass/Projects/kepler/third_party/libhydrogen
2025-03-11 09:30:27.446 [info] > git for-each-ref --format=%(refname)%00%(upstream:short)%00%(objectname)%00%(upstream:track)%00%(upstream:remotename)%00%(upstream:remoteref) refs/heads/origin/develop refs/remotes/origin/develop [9ms]
2025-03-11 09:30:27.447 [info] > git rev-parse --show-toplevel [2ms]
2025-03-11 09:30:27.447 [info] > git config --get commit.template [4ms]
2025-03-11 09:30:27.454 [info] > git rev-parse --git-dir --git-common-dir [3ms]
2025-03-11 09:30:27.456 [info] [Model][openRepository] Opened repository: /home/sgass/Projects/kepler/third_party/magic_enum
2025-03-11 09:30:27.464 [info] > git for-each-ref --format %(refname) %(objectname) %(*objectname) refs/tags [11ms]
2025-03-11 09:30:27.468 [info] > git rev-parse --show-toplevel [4ms]
2025-03-11 09:30:27.468 [info] > git config --get commit.template [7ms]
2025-03-11 09:30:27.472 [info] > git status -z -uall [5ms]
2025-03-11 09:30:27.480 [info] > git rev-parse --git-dir --git-common-dir [8ms]
2025-03-11 09:30:27.482 [info] [Model][openRepository] Opened repository: /home/sgass/Projects/kepler/third_party/googletest
2025-03-11 09:30:27.490 [info] > git config --get commit.template [10ms]
2025-03-11 09:30:27.490 [info] > git for-each-ref --format %(refname) %(objectname) %(*objectname) refs/tags [14ms]
2025-03-11 09:30:27.494 [info] > git rev-parse --show-toplevel [6ms]
2025-03-11 09:30:27.495 [info] > git config --get commit.template [10ms]
2025-03-11 09:30:27.502 [info] > git status -z -uall [8ms]
2025-03-11 09:30:27.510 [info] > git rev-parse --show-toplevel [8ms]
2025-03-11 09:30:27.510 [info] > git for-each-ref --format %(refname) %(objectname) %(*objectname) refs/tags [11ms]
2025-03-11 09:30:27.516 [info] > git status -z -uall [3ms]
2025-03-11 09:30:27.516 [info] > git config --get commit.template [7ms]
2025-03-11 09:30:27.517 [info] > git for-each-ref --format %(refname) %(objectname) %(*objectname) refs/tags [11ms]
2025-03-11 09:30:27.522 [info] > git status -z -uall [3ms]
2025-03-11 09:30:27.522 [info] > git rev-parse --git-dir --git-common-dir [7ms]
2025-03-11 09:30:27.524 [info] [Model][openRepository] Opened repository: /home/sgass/Projects/kepler/third_party/fast-cpp-csv-parser
2025-03-11 09:30:27.551 [info] > git for-each-ref --format %(refname) %(objectname) %(*objectname) refs/tags [28ms]
2025-03-11 09:30:27.566 [info] > git status -z -uall [3ms]
2025-03-11 09:30:27.566 [info] > git rev-parse --show-toplevel [16ms]
2025-03-11 09:30:27.566 [info] > git config --get commit.template [19ms]
2025-03-11 09:30:27.570 [info] > git config --get commit.template [3ms]
2025-03-11 09:30:27.575 [info] > git rev-parse --git-dir --git-common-dir [6ms]
2025-03-11 09:30:27.577 [info] [Model][openRepository] Opened repository: /home/sgass/Projects/kepler/hdl/verilog-axis
2025-03-11 09:30:27.586 [info] > git for-each-ref --format %(refname) %(objectname) %(*objectname) refs/tags [12ms]
2025-03-11 09:30:27.591 [info] > git rev-parse --show-toplevel [5ms]
2025-03-11 09:30:27.591 [info] > git config --get commit.template [8ms]
2025-03-11 09:30:27.591 [info] > git for-each-ref --format %(refname) %(objectname) %(*objectname) refs/tags [10ms]
2025-03-11 09:30:27.600 [info] > git status -z -uall [10ms]
2025-03-11 09:30:27.600 [info] > git status -z -uall [6ms]
2025-03-11 09:30:27.605 [info] > git for-each-ref --format %(refname) %(objectname) %(*objectname) refs/tags [5ms]
2025-03-11 09:30:27.605 [info] > git rev-parse --git-dir --git-common-dir [8ms]
2025-03-11 09:30:27.607 [info] [Model][openRepository] Opened repository: /home/sgass/Projects/kepler/hdl/verilog-ethernet
2025-03-11 09:30:27.619 [info] > git status -z -uall [7ms]
2025-03-11 09:30:27.619 [info] > git config --get commit.template [14ms]
2025-03-11 09:30:27.620 [info] > git rev-parse --show-toplevel [3ms]
2025-03-11 09:30:27.620 [info] > git config --get commit.template [5ms]
2025-03-11 09:30:27.634 [info] > git rev-parse --git-dir --git-common-dir [6ms]
2025-03-11 09:30:27.636 [info] [Model][openRepository] Opened repository: /home/sgass/Projects/kepler/third_party/vext.soapysdr
2025-03-11 09:30:27.636 [info] > git for-each-ref --format %(refname) %(objectname) %(*objectname) refs/tags [11ms]
2025-03-11 09:30:27.646 [info] > git status -z -uall [7ms]
2025-03-11 09:30:27.646 [info] > git for-each-ref --format %(refname) %(objectname) %(*objectname) refs/tags [12ms]
2025-03-11 09:30:27.646 [info] > git config --get commit.template [15ms]
2025-03-11 09:30:27.652 [info] > git rev-parse --show-toplevel [7ms]
2025-03-11 09:30:27.652 [info] > git config --get commit.template [10ms]
2025-03-11 09:30:27.657 [info] > git status -z -uall [8ms]
2025-03-11 09:30:27.657 [info] > git for-each-ref --format %(refname) %(objectname) %(*objectname) refs/tags [5ms]
2025-03-11 09:30:27.665 [info] > git rev-parse --git-dir --git-common-dir [8ms]
2025-03-11 09:30:27.667 [info] [Model][openRepository] Opened repository: /home/sgass/Projects/kepler/third_party/STM32CubeL1
2025-03-11 09:30:27.677 [info] > git status -z -uall [7ms]
2025-03-11 09:30:27.677 [info] > git config --get commit.template [12ms]
2025-03-11 09:30:27.677 [info] > git for-each-ref --format %(refname) %(objectname) %(*objectname) refs/tags [14ms]
2025-03-11 09:30:27.681 [info] > git config --get commit.template [8ms]
2025-03-11 09:30:27.686 [info] > git status -z -uall [6ms]
2025-03-11 09:30:27.687 [info] > git rev-parse --show-toplevel [11ms]
2025-03-11 09:30:27.695 [info] > git for-each-ref --format %(refname) %(objectname) %(*objectname) refs/tags [10ms]
2025-03-11 09:30:27.699 [info] > git config --get commit.template [7ms]
2025-03-11 09:30:27.699 [info] > git for-each-ref --format %(refname) %(objectname) %(*objectname) refs/tags [10ms]
2025-03-11 09:30:27.702 [info] > git rev-parse --git-dir --git-common-dir [7ms]
2025-03-11 09:30:27.703 [info] [Model][openRepository] Opened repository: /home/sgass/Projects/kepler/ansible/kubespray
2025-03-11 09:30:27.713 [info] > git status -z -uall [15ms]
2025-03-11 09:30:27.713 [info] > git for-each-ref --format %(refname) %(objectname) %(*objectname) refs/tags [5ms]
2025-03-11 09:30:27.719 [info] > git config --get commit.template [7ms]
2025-03-11 09:30:27.722 [info] > git status -z -uall [20ms]
2025-03-11 09:30:27.722 [info] > git status -z -uall [4ms]
2025-03-11 09:30:27.731 [info] > git config --get commit.template [3ms]
2025-03-11 09:30:27.732 [info] > git for-each-ref --format %(refname) %(objectname) %(*objectname) refs/tags [1ms]
2025-03-11 09:30:27.735 [info] > git for-each-ref --format %(refname) %(objectname) %(*objectname) refs/tags [14ms]
2025-03-11 09:30:27.746 [info] > git status -z -uall [8ms]
2025-03-11 09:30:27.754 [info] > git status -z -uall [19ms]
2025-03-11 09:30:27.755 [info] > git config --get commit.template [4ms]
2025-03-11 09:30:27.757 [info] > git for-each-ref --format %(refname) %(objectname) %(*objectname) refs/tags [3ms]
2025-03-11 09:30:27.768 [info] > git status -z -uall [7ms]
2025-03-11 09:30:27.959 [info] > git check-ignore -v -z --stdin [8ms]
2025-03-11 09:30:31.986 [info] > git show --textconv :p4/mpls_router/app.p4 [6ms]
2025-03-11 09:30:31.989 [info] > git ls-files --stage -- /home/sgass/Projects/kepler/p4/mpls_router/app.p4 [6ms]
2025-03-11 09:30:31.994 [info] > git cat-file -s ae4a9cb5e6c7fe439f2cf038505fab6db0e3f2d3 [2ms]
2025-03-11 09:30:32.269 [info] > git check-ignore -v -z --stdin [4ms]
2025-03-11 10:24:55.127 [info] > git show --textconv :hdl/templates/module_config/tiny-bcam-table-config.yaml [10ms]
2025-03-11 10:24:55.131 [info] > git ls-files --stage -- /home/sgass/Projects/kepler/hdl/templates/module_config/tiny-bcam-table-config.yaml [5ms]
2025-03-11 10:24:55.140 [info] > git cat-file -s e07197e26c79cf8177a76936e1da1098614753eb [3ms]
2025-03-11 10:25:17.904 [info] > git show --textconv :hdl/templates/module_config/cam_config.yaml [12ms]
2025-03-11 10:25:17.912 [info] > git ls-files --stage -- /home/sgass/Projects/kepler/hdl/templates/module_config/cam_config.yaml [9ms]
2025-03-11 10:25:18.183 [info] > git check-ignore -v -z --stdin [13ms]
2025-03-11 10:25:22.896 [info] > git show --textconv :hdl/templates/module_config/tiny-bcam-table-config.yaml [10ms]
2025-03-11 10:25:22.900 [info] > git ls-files --stage -- /home/sgass/Projects/kepler/hdl/templates/module_config/tiny-bcam-table-config.yaml [5ms]
2025-03-11 10:25:22.906 [info] > git cat-file -s e07197e26c79cf8177a76936e1da1098614753eb [2ms]
2025-03-11 10:25:24.070 [info] > git show --textconv :hdl/templates/module_config/cam_config.yaml [9ms]
2025-03-11 10:25:24.078 [info] > git ls-files --stage -- /home/sgass/Projects/kepler/hdl/templates/module_config/cam_config.yaml [9ms]
2025-03-11 10:26:26.012 [info] > git show --textconv :hdl/templates/module_config/cam_config.yaml [8ms]
2025-03-11 10:26:26.018 [info] > git ls-files --stage -- /home/sgass/Projects/kepler/hdl/templates/module_config/cam_config.yaml [6ms]
2025-03-11 10:26:26.785 [info] > git show --textconv :hdl/templates/module_config/tiny-bcam-table-config.yaml [11ms]
2025-03-11 10:26:26.795 [info] > git ls-files --stage -- /home/sgass/Projects/kepler/hdl/templates/module_config/tiny-bcam-table-config.yaml [10ms]
2025-03-11 10:26:26.807 [info] > git cat-file -s e07197e26c79cf8177a76936e1da1098614753eb [4ms]
2025-03-11 16:49:17.768 [info] > git show --textconv :hdl/templates/module_config/tiny-bcam-table-config.yaml [10ms]
2025-03-11 16:49:17.774 [info] > git ls-files --stage -- /home/sgass/Projects/kepler/hdl/templates/module_config/tiny-bcam-table-config.yaml [6ms]
2025-03-11 16:49:18.462 [info] > git show --textconv :p4/mpls_router/app.p4 [10ms]
2025-03-11 16:49:18.469 [info] > git ls-files --stage -- /home/sgass/Projects/kepler/p4/mpls_router/app.p4 [9ms]
2025-03-11 16:49:18.480 [info] > git cat-file -s ae4a9cb5e6c7fe439f2cf038505fab6db0e3f2d3 [3ms]
2025-03-11 16:49:29.500 [info] > git show --textconv :hdl/rtl/board/mpcut1/board_mpcut1_top.sv [7ms]
2025-03-11 16:49:29.503 [info] > git ls-files --stage -- /home/sgass/Projects/kepler/hdl/rtl/board/mpcut1/board_mpcut1_top.sv [5ms]
2025-03-11 16:49:29.509 [info] > git cat-file -s f4e6fabb21dc7bb3101babf512c6ab93bbbfa51c [2ms]
2025-03-11 16:49:29.783 [info] > git check-ignore -v -z --stdin [5ms]
2025-03-11 16:49:30.584 [info] > git show --textconv :hdl/rtl/board/mpcut1/board_mpcut1_system.sv [12ms]
2025-03-11 16:49:30.592 [info] > git ls-files --stage -- /home/sgass/Projects/kepler/hdl/rtl/board/mpcut1/board_mpcut1_system.sv [9ms]
2025-03-11 16:49:30.604 [info] > git cat-file -s 0c513a1ba622e36ca20df90f950f2a89f4cba89c [4ms]
2025-03-11 16:49:30.866 [info] > git check-ignore -v -z --stdin [14ms]
2025-03-11 16:49:32.118 [info] > git show --textconv :hdl/rtl/board/mpcut1/board_mpcut1_interface.sv [13ms]
2025-03-11 16:49:32.121 [info] > git ls-files --stage -- /home/sgass/Projects/kepler/hdl/rtl/board/mpcut1/board_mpcut1_interface.sv [5ms]
2025-03-11 16:49:32.134 [info] > git cat-file -s d0cbb01303d8cb553db0521bef66b9690e1f4322 [3ms]
2025-03-11 16:49:32.395 [info] > git check-ignore -v -z --stdin [9ms]
2025-03-11 16:49:34.488 [info] > git show --textconv :hdl/rtl/board/mpcut1/board_mpcut1_zynq_wrapper.sv [8ms]
2025-03-11 16:49:34.493 [info] > git ls-files --stage -- /home/sgass/Projects/kepler/hdl/rtl/board/mpcut1/board_mpcut1_zynq_wrapper.sv [6ms]
2025-03-11 16:49:34.500 [info] > git cat-file -s a0c0e70da6457007d92eebc3eaad8207b5ca548d [2ms]
2025-03-11 16:49:34.768 [info] > git check-ignore -v -z --stdin [11ms]
2025-03-11 16:49:39.053 [info] > git show --textconv :hdl/rtl/board/mpcut1/board_mpcut1_top.sv [7ms]
2025-03-11 16:49:39.060 [info] > git ls-files --stage -- /home/sgass/Projects/kepler/hdl/rtl/board/mpcut1/board_mpcut1_top.sv [10ms]
2025-03-11 16:49:39.074 [info] > git cat-file -s f4e6fabb21dc7bb3101babf512c6ab93bbbfa51c [3ms]
2025-03-11 16:52:24.003 [info] > git show --textconv :hdl/rtl/aether/aether_blades_t1.sv [111ms]
2025-03-11 16:52:24.147 [info] > git ls-files --stage -- /home/sgass/Projects/kepler/hdl/rtl/aether/aether_blades_t1.sv [144ms]
2025-03-11 16:52:24.287 [info] > git check-ignore -v -z --stdin [140ms]
2025-03-11 16:52:24.287 [info] > git cat-file -s 09ecc8c891a672e566f40407ce3f7dd42691a404 [136ms]
2025-03-11 16:58:14.160 [info] > git show --textconv :hdl/rtl/aether/aether_blade_ecg.sv [8ms]
2025-03-11 16:58:14.161 [info] > git ls-files --stage -- /home/sgass/Projects/kepler/hdl/rtl/aether/aether_blade_ecg.sv [5ms]
2025-03-11 16:58:14.171 [info] > git cat-file -s 2ad17a3a415fdc42d9aeff1482201848feaffd80 [3ms]
2025-03-11 16:58:14.445 [info] > git check-ignore -v -z --stdin [8ms]
2025-03-11 16:58:14.818 [info] > git show --textconv :hdl/rtl/aether/aether_blade_ecp.sv [11ms]
2025-03-11 16:58:14.824 [info] > git ls-files --stage -- /home/sgass/Projects/kepler/hdl/rtl/aether/aether_blade_ecp.sv [7ms]
2025-03-11 16:58:14.839 [info] > git cat-file -s abff4512ec6e6bd13b767da9e9113db17b0fd663 [5ms]
2025-03-11 16:58:15.095 [info] > git check-ignore -v -z --stdin [8ms]
2025-03-11 16:58:15.345 [info] > git show --textconv :hdl/rtl/aether/aether_blade_hdr.sv [10ms]
2025-03-11 16:58:15.351 [info] > git ls-files --stage -- /home/sgass/Projects/kepler/hdl/rtl/aether/aether_blade_hdr.sv [8ms]
2025-03-11 16:58:15.367 [info] > git cat-file -s b711fd7c1b10547a35eb8183e2ba7ad844ff5963 [5ms]
2025-03-11 16:58:15.634 [info] > git check-ignore -v -z --stdin [11ms]
2025-03-11 16:58:16.724 [info] > git show --textconv :hdl/rtl/aether/aether_blade_oisl.sv [10ms]
2025-03-11 16:58:16.733 [info] > git ls-files --stage -- /home/sgass/Projects/kepler/hdl/rtl/aether/aether_blade_oisl.sv [9ms]
2025-03-11 16:58:16.745 [info] > git cat-file -s d06c6a285569afdf8c4b0198dcf53d0eb7784094 [4ms]
2025-03-11 16:58:17.007 [info] > git check-ignore -v -z --stdin [7ms]
2025-03-11 16:58:38.171 [info] > git show --textconv :hdl/rtl/aether/aether_blade_hdr.sv [6ms]
2025-03-11 16:58:38.178 [info] > git ls-files --stage -- /home/sgass/Projects/kepler/hdl/rtl/aether/aether_blade_hdr.sv [9ms]
2025-03-11 16:58:38.190 [info] > git cat-file -s b711fd7c1b10547a35eb8183e2ba7ad844ff5963 [3ms]
2025-03-11 16:58:44.709 [info] > git show --textconv :hdl/rtl/aether/aether_blade_ecp.sv [10ms]
2025-03-11 16:58:44.716 [info] > git ls-files --stage -- /home/sgass/Projects/kepler/hdl/rtl/aether/aether_blade_ecp.sv [8ms]
2025-03-11 16:58:44.724 [info] > git cat-file -s abff4512ec6e6bd13b767da9e9113db17b0fd663 [2ms]
2025-03-11 16:58:49.192 [info] > git show --textconv :hdl/rtl/aether/aether_blade_ecg.sv [14ms]
2025-03-11 16:58:49.199 [info] > git ls-files --stage -- /home/sgass/Projects/kepler/hdl/rtl/aether/aether_blade_ecg.sv [10ms]
2025-03-11 16:58:49.210 [info] > git cat-file -s 2ad17a3a415fdc42d9aeff1482201848feaffd80 [3ms]
2025-03-11 16:58:53.509 [info] > git show --textconv :hdl/rtl/aether/aether_blades_t1.sv [9ms]
2025-03-11 16:58:53.515 [info] > git ls-files --stage -- /home/sgass/Projects/kepler/hdl/rtl/aether/aether_blades_t1.sv [6ms]
2025-03-11 16:58:53.527 [info] > git cat-file -s 09ecc8c891a672e566f40407ce3f7dd42691a404 [2ms]
2025-03-11 16:58:59.748 [info] > git show --textconv :hdl/rtl/aether/aether_blade.sv [13ms]
2025-03-11 16:58:59.753 [info] > git ls-files --stage -- /home/sgass/Projects/kepler/hdl/rtl/aether/aether_blade.sv [6ms]
2025-03-11 16:58:59.765 [info] > git cat-file -s 953ac9602ea567ccd644d2ea445794b2f7019cd2 [4ms]
2025-03-11 16:59:00.027 [info] > git check-ignore -v -z --stdin [11ms]
2025-03-11 17:00:04.186 [info] > git show --textconv :hdl/rtl/aether/aether_blades_t1.sv [12ms]
2025-03-11 17:00:04.193 [info] > git ls-files --stage -- /home/sgass/Projects/kepler/hdl/rtl/aether/aether_blades_t1.sv [8ms]
2025-03-11 17:00:04.204 [info] > git cat-file -s 09ecc8c891a672e566f40407ce3f7dd42691a404 [2ms]
2025-03-11 17:00:31.570 [info] > git show --textconv :hdl/rtl/board/mpcut1/board_mpcut1_top.sv [12ms]
2025-03-11 17:00:31.576 [info] > git ls-files --stage -- /home/sgass/Projects/kepler/hdl/rtl/board/mpcut1/board_mpcut1_top.sv [9ms]
2025-03-11 17:00:31.588 [info] > git cat-file -s f4e6fabb21dc7bb3101babf512c6ab93bbbfa51c [3ms]
2025-03-11 17:00:34.176 [info] > git show --textconv :hdl/rtl/board/mpcut1/board_mpcut1_system.sv [12ms]
2025-03-11 17:00:34.183 [info] > git ls-files --stage -- /home/sgass/Projects/kepler/hdl/rtl/board/mpcut1/board_mpcut1_system.sv [8ms]
2025-03-11 17:00:34.194 [info] > git cat-file -s 0c513a1ba622e36ca20df90f950f2a89f4cba89c [3ms]
2025-03-12 08:43:33.321 [info] [main] Log level: Info
2025-03-12 08:43:33.321 [info] [main] Validating found git in: "git"
2025-03-12 08:43:33.321 [info] [main] Using git "2.43.0" from "git"
2025-03-12 08:43:33.321 [info] [Model][doInitialScan] Initial repository scan started
2025-03-12 08:43:33.321 [info] > git rev-parse --show-toplevel [2ms]
2025-03-12 08:43:33.321 [info] fatal: not a git repository (or any of the parent directories): .git
2025-03-12 08:43:33.332 [info] > git rev-parse --show-toplevel [6ms]
2025-03-12 08:43:33.332 [info] fatal: not a git repository (or any of the parent directories): .git
2025-03-12 08:43:33.340 [info] > git rev-parse --show-toplevel [2ms]
2025-03-12 08:43:33.340 [info] fatal: not a git repository (or any of the parent directories): .git
2025-03-12 08:43:33.346 [info] > git rev-parse --show-toplevel [1ms]
2025-03-12 08:43:33.346 [info] fatal: not a git repository (or any of the parent directories): .git
2025-03-12 08:43:33.354 [info] > git rev-parse --show-toplevel [2ms]
2025-03-12 08:43:33.354 [info] fatal: not a git repository (or any of the parent directories): .git
2025-03-12 08:43:33.360 [info] > git rev-parse --show-toplevel [1ms]
2025-03-12 08:43:33.360 [info] fatal: not a git repository (or any of the parent directories): .git
2025-03-12 08:43:33.369 [info] > git rev-parse --show-toplevel [4ms]
2025-03-12 08:43:33.378 [info] > git rev-parse --git-dir --git-common-dir [1ms]
2025-03-12 08:43:33.383 [info] [Model][openRepository] Opened repository: /home/sgass/Projects/reference/common
2025-03-12 08:43:33.396 [info] > git config --get commit.template [6ms]
2025-03-12 08:43:33.397 [info] > git rev-parse --show-toplevel [2ms]
2025-03-12 08:43:33.397 [info] fatal: not a git repository (or any of the parent directories): .git
2025-03-12 08:43:33.406 [info] > git rev-parse --show-toplevel [2ms]
2025-03-12 08:43:33.406 [info] fatal: not a git repository (or any of the parent directories): .git
2025-03-12 08:43:33.406 [info] > git for-each-ref --format=%(refname)%00%(upstream:short)%00%(objectname)%00%(upstream:track)%00%(upstream:remotename)%00%(upstream:remoteref) refs/heads/main refs/remotes/main [5ms]
2025-03-12 08:43:33.414 [info] > git rev-parse --show-toplevel [5ms]
2025-03-12 08:43:33.414 [info] fatal: not a git repository (or any of the parent directories): .git
2025-03-12 08:43:33.423 [info] > git rev-parse --show-toplevel [4ms]
2025-03-12 08:43:33.423 [info] fatal: not a git repository (or any of the parent directories): .git
2025-03-12 08:43:33.429 [info] > git rev-parse --show-toplevel [1ms]
2025-03-12 08:43:33.429 [info] fatal: not a git repository (or any of the parent directories): .git
2025-03-12 08:43:33.434 [info] > git rev-parse --show-toplevel [1ms]
2025-03-12 08:43:33.434 [info] fatal: not a git repository (or any of the parent directories): .git
2025-03-12 08:43:33.438 [info] > git rev-parse --show-toplevel [1ms]
2025-03-12 08:43:33.438 [info] fatal: not a git repository (or any of the parent directories): .git
2025-03-12 08:43:33.444 [info] > git rev-parse --show-toplevel [1ms]
2025-03-12 08:43:33.444 [info] fatal: not a git repository (or any of the parent directories): .git
2025-03-12 08:43:33.449 [info] > git rev-parse --show-toplevel [1ms]
2025-03-12 08:43:33.449 [info] fatal: not a git repository (or any of the parent directories): .git
2025-03-12 08:43:33.454 [info] > git status -z -uall [41ms]
2025-03-12 08:43:33.472 [info] > git for-each-ref --format=%(refname)%00%(upstream:short)%00%(objectname)%00%(upstream:track)%00%(upstream:remotename)%00%(upstream:remoteref) refs/heads/main refs/remotes/main [12ms]
2025-03-12 08:43:33.476 [info] > git rev-parse --show-toplevel [23ms]
2025-03-12 08:43:33.476 [info] fatal: not a git repository (or any of the parent directories): .git
2025-03-12 08:43:33.478 [info] [Model][doInitialScan] Initial repository scan completed - repositories (1), closed repositories (0), parent repositories (0), unsafe repositories (0)
2025-03-12 08:43:33.478 [info] > git config --local branch.main.vscode-merge-base [2ms]
2025-03-12 08:43:33.478 [warning] [Git][config] git config failed: Failed to execute git
2025-03-12 08:43:33.482 [info] > git config --get commit.template [11ms]
2025-03-12 08:43:33.521 [info] > git reflog main --grep-reflog=branch: Created from *. [39ms]
2025-03-12 08:43:33.528 [info] > git symbolic-ref --short refs/remotes/origin/HEAD [3ms]
2025-03-12 08:43:33.532 [info] > git for-each-ref --format=%(refname)%00%(upstream:short)%00%(objectname)%00%(upstream:track)%00%(upstream:remotename)%00%(upstream:remoteref) refs/heads/main refs/remotes/main [4ms]
2025-03-12 08:43:33.535 [info] > git for-each-ref --format=%(refname)%00%(upstream:short)%00%(objectname)%00%(upstream:track)%00%(upstream:remotename)%00%(upstream:remoteref) refs/heads/origin/main refs/remotes/origin/main [4ms]
2025-03-12 08:43:33.541 [info] > git config --local branch.main.vscode-merge-base origin/main [2ms]
2025-03-12 08:43:33.545 [info] > git status -z -uall [10ms] (cancelled)
2025-03-12 08:43:33.549 [info] > git config --get commit.template [4ms]
2025-03-12 08:43:33.550 [info] > git for-each-ref --format=%(refname)%00%(upstream:short)%00%(objectname)%00%(upstream:track)%00%(upstream:remotename)%00%(upstream:remoteref) refs/heads/main refs/remotes/main [1ms]
2025-03-12 08:43:33.561 [info] > git status -z -uall [9ms]
2025-03-12 08:43:33.572 [info] > git for-each-ref --format=%(refname)%00%(upstream:short)%00%(objectname)%00%(upstream:track)%00%(upstream:remotename)%00%(upstream:remoteref) refs/heads/main refs/remotes/main [7ms]
2025-03-12 08:43:33.576 [info] > git config --local branch.main.vscode-merge-base [1ms]
2025-03-12 08:43:33.579 [info] > git merge-base refs/heads/main refs/remotes/origin/main [7ms]
2025-03-12 08:43:33.582 [info] > git for-each-ref --format=%(refname)%00%(upstream:short)%00%(objectname)%00%(upstream:track)%00%(upstream:remotename)%00%(upstream:remoteref) refs/heads/origin/main refs/remotes/origin/main [3ms]
2025-03-12 08:43:33.583 [info] > git rev-list --count --left-right refs/heads/main...refs/remotes/origin/main [1ms]
2025-03-12 08:43:33.586 [info] > git diff --name-status -z --diff-filter=ADMR 6c046e9734d8e5a1f2026ff7505a271f3ebf3b4c...refs/remotes/origin/main [1ms]
2025-03-12 08:43:34.364 [info] > git rev-parse --show-toplevel [3ms]
2025-03-12 08:43:34.364 [info] fatal: not a git repository (or any of the parent directories): .git
2025-03-12 08:43:34.643 [info] > git config --get commit.template [9ms]
2025-03-12 08:43:34.646 [info] > git for-each-ref --format=%(refname)%00%(upstream:short)%00%(objectname)%00%(upstream:track)%00%(upstream:remotename)%00%(upstream:remoteref) refs/heads/main refs/remotes/main [5ms]
2025-03-12 08:43:34.682 [info] > git status -z -uall [27ms]
2025-03-12 08:43:34.699 [info] > git for-each-ref --format=%(refname)%00%(upstream:short)%00%(objectname)%00%(upstream:track)%00%(upstream:remotename)%00%(upstream:remoteref) refs/heads/main refs/remotes/main [9ms]
2025-03-12 08:43:34.705 [info] > git config --local branch.main.vscode-merge-base [2ms]
2025-03-12 08:43:34.710 [info] > git for-each-ref --format=%(refname)%00%(upstream:short)%00%(objectname)%00%(upstream:track)%00%(upstream:remotename)%00%(upstream:remoteref) refs/heads/origin/main refs/remotes/origin/main [1ms]
2025-03-12 08:43:42.158 [info] > git check-ignore -v -z --stdin [2ms]
2025-03-12 08:44:21.302 [info] > git check-ignore -v -z --stdin [2ms]
2025-03-12 09:14:12.615 [info] > git rev-parse --show-toplevel [2ms]
2025-03-12 09:14:12.615 [info] fatal: not a git repository (or any of the parent directories): .git
2025-03-12 09:14:13.509 [info] > git rev-parse --show-toplevel [3ms]
2025-03-12 09:14:13.518 [info] > git rev-parse --git-dir --git-common-dir [2ms]
2025-03-12 09:14:13.523 [info] [Model][openRepository] Opened repository: /home/sgass/Projects/reference/asic
2025-03-12 09:14:13.536 [info] > git config --get commit.template [5ms]
2025-03-12 09:14:13.537 [info] > git for-each-ref --format=%(refname)%00%(upstream:short)%00%(objectname)%00%(upstream:track)%00%(upstream:remotename)%00%(upstream:remoteref) refs/heads/main refs/remotes/main [2ms]
2025-03-12 09:14:13.582 [info] > git status -z -uall [42ms]
2025-03-12 09:14:13.783 [info] > git for-each-ref --format=%(refname)%00%(upstream:short)%00%(objectname)%00%(upstream:track)%00%(upstream:remotename)%00%(upstream:remoteref) refs/heads/main refs/remotes/main [191ms]
2025-03-12 09:14:13.792 [info] > git config --local branch.main.vscode-merge-base [2ms]
2025-03-12 09:14:13.792 [warning] [Git][config] git config failed: Failed to execute git
2025-03-12 09:14:13.797 [info] > git config --get commit.template [16ms]
2025-03-12 09:14:13.803 [info] > git reflog main --grep-reflog=branch: Created from *. [6ms]
2025-03-12 09:14:13.808 [info] > git for-each-ref --format=%(refname)%00%(upstream:short)%00%(objectname)%00%(upstream:track)%00%(upstream:remotename)%00%(upstream:remoteref) refs/heads/main refs/remotes/main [5ms]
2025-03-12 09:14:13.808 [info] > git symbolic-ref --short refs/remotes/origin/HEAD [1ms]
2025-03-12 09:14:13.815 [info] > git for-each-ref --format=%(refname)%00%(upstream:short)%00%(objectname)%00%(upstream:track)%00%(upstream:remotename)%00%(upstream:remoteref) refs/heads/origin/main refs/remotes/origin/main [3ms]
2025-03-12 09:14:13.819 [info] > git config --local branch.main.vscode-merge-base origin/main [1ms]
2025-03-12 09:14:13.822 [info] > git status -z -uall [7ms] (cancelled)
2025-03-12 09:14:13.826 [info] > git config --get commit.template [4ms]
2025-03-12 09:14:13.827 [info] > git for-each-ref --format=%(refname)%00%(upstream:short)%00%(objectname)%00%(upstream:track)%00%(upstream:remotename)%00%(upstream:remoteref) refs/heads/main refs/remotes/main [1ms]
2025-03-12 09:14:13.888 [info] > git status -z -uall [55ms]
2025-03-12 09:14:13.935 [info] > git for-each-ref --format=%(refname)%00%(upstream:short)%00%(objectname)%00%(upstream:track)%00%(upstream:remotename)%00%(upstream:remoteref) refs/heads/main refs/remotes/main [40ms]
2025-03-12 09:14:13.942 [info] > git config --local branch.main.vscode-merge-base [2ms]
2025-03-12 09:14:13.945 [info] > git merge-base refs/heads/main refs/remotes/origin/main [11ms]
2025-03-12 09:14:13.949 [info] > git for-each-ref --format=%(refname)%00%(upstream:short)%00%(objectname)%00%(upstream:track)%00%(upstream:remotename)%00%(upstream:remoteref) refs/heads/origin/main refs/remotes/origin/main [4ms]
2025-03-12 09:14:13.949 [info] > git rev-list --count --left-right refs/heads/main...refs/remotes/origin/main [1ms]
2025-03-12 09:14:13.954 [info] > git diff --name-status -z --diff-filter=ADMR 8df2800d2b30effe9123a27779e404f2dd19c724...refs/remotes/origin/main [1ms]
2025-03-12 09:14:14.147 [info] > git check-ignore -v -z --stdin [7ms]
2025-03-12 09:17:11.941 [info] > git rev-parse --show-toplevel [2ms]
2025-03-12 09:17:11.948 [info] > git rev-parse --git-dir --git-common-dir [1ms]
2025-03-12 09:17:11.951 [info] [Model][openRepository] Opened repository: /home/sgass/Projects/reference/cmonster
2025-03-12 09:17:11.960 [info] > git config --get commit.template [3ms]
2025-03-12 09:17:11.963 [info] > git rev-parse --show-toplevel [4ms]
2025-03-12 09:17:11.964 [info] > git for-each-ref --format=%(refname)%00%(upstream:short)%00%(objectname)%00%(upstream:track)%00%(upstream:remotename)%00%(upstream:remoteref) refs/heads/master refs/remotes/master [1ms]
2025-03-12 09:17:11.966 [warning] [Git][revParse] Unable to read file: ENOENT: no such file or directory, open '/home/sgass/Projects/reference/cmonster/.git/refs/remotes/origin/master'
2025-03-12 09:17:11.967 [info] > git rev-parse refs/remotes/origin/master [1ms]
2025-03-12 09:17:12.115 [info] > git status -z -uall [145ms]
2025-03-12 09:17:12.130 [info] > git for-each-ref --format=%(refname)%00%(upstream:short)%00%(objectname)%00%(upstream:track)%00%(upstream:remotename)%00%(upstream:remoteref) refs/heads/master refs/remotes/master [11ms]
2025-03-12 09:17:12.137 [info] > git config --get commit.template [8ms]
2025-03-12 09:17:12.140 [info] > git config --local branch.master.vscode-merge-base [4ms]
2025-03-12 09:17:12.140 [warning] [Git][config] git config failed: Failed to execute git
2025-03-12 09:17:12.152 [info] > git reflog master --grep-reflog=branch: Created from *. [6ms]
2025-03-12 09:17:12.158 [info] > git for-each-ref --format=%(refname)%00%(upstream:short)%00%(objectname)%00%(upstream:track)%00%(upstream:remotename)%00%(upstream:remoteref) refs/heads/master refs/remotes/master [6ms]
2025-03-12 09:17:12.164 [warning] [Git][revParse] Unable to read file: ENOENT: no such file or directory, open '/home/sgass/Projects/reference/cmonster/.git/refs/remotes/origin/master'
2025-03-12 09:17:12.164 [info] > git symbolic-ref --short refs/remotes/origin/HEAD [7ms]
2025-03-12 09:17:12.170 [info] > git rev-parse refs/remotes/origin/master [6ms]
2025-03-12 09:17:12.176 [info] > git for-each-ref --format=%(refname)%00%(upstream:short)%00%(objectname)%00%(upstream:track)%00%(upstream:remotename)%00%(upstream:remoteref) refs/heads/origin/master refs/remotes/origin/master [6ms]
2025-03-12 09:17:12.183 [info] > git config --local branch.master.vscode-merge-base origin/master [2ms]
2025-03-12 09:17:12.190 [info] > git status -z -uall [15ms] (cancelled)
2025-03-12 09:17:12.197 [info] > git config --get commit.template [7ms]
2025-03-12 09:17:12.199 [info] > git for-each-ref --format=%(refname)%00%(upstream:short)%00%(objectname)%00%(upstream:track)%00%(upstream:remotename)%00%(upstream:remoteref) refs/heads/master refs/remotes/master [2ms]
2025-03-12 09:17:12.205 [warning] [Git][revParse] Unable to read file: ENOENT: no such file or directory, open '/home/sgass/Projects/reference/cmonster/.git/refs/remotes/origin/master'
2025-03-12 09:17:12.206 [info] > git rev-parse refs/remotes/origin/master [2ms]
2025-03-12 09:17:12.374 [info] > git status -z -uall [162ms]
2025-03-12 09:17:12.385 [info] > git merge-base refs/heads/master refs/remotes/origin/master [2ms]
2025-03-12 09:17:12.388 [info] > git for-each-ref --format=%(refname)%00%(upstream:short)%00%(objectname)%00%(upstream:track)%00%(upstream:remotename)%00%(upstream:remoteref) refs/heads/master refs/remotes/master [10ms]
2025-03-12 09:17:12.391 [info] > git rev-list --count --left-right refs/heads/master...refs/remotes/origin/master [3ms]
2025-03-12 09:17:12.395 [info] > git config --local branch.master.vscode-merge-base [3ms]
2025-03-12 09:17:12.398 [info] > git diff --name-status -z --diff-filter=ADMR 09b70a309f3b8ff3cc35b630a3657c38c1c6a988...refs/remotes/origin/master [4ms]
2025-03-12 09:17:12.399 [info] > git for-each-ref --format=%(refname)%00%(upstream:short)%00%(objectname)%00%(upstream:track)%00%(upstream:remotename)%00%(upstream:remoteref) refs/heads/origin/master refs/remotes/origin/master [1ms]
2025-03-12 09:17:12.507 [info] > git check-ignore -v -z --stdin [7ms]
2025-03-12 09:17:12.508 [info] > git check-ignore -v -z --stdin [5ms]
2025-03-12 09:17:12.890 [info] > git rev-parse --show-toplevel [2ms]
2025-03-12 09:29:13.256 [warning] [Git][getHEAD] Failed to parse HEAD file: ENOENT: no such file or directory, open '/home/sgass/Projects/reference/common/.git/HEAD'
2025-03-12 09:29:13.264 [warning] [Git][getRemotes] Error: ENOENT: no such file or directory, open '/home/sgass/Projects/reference/common/.git/config'
2025-03-12 09:29:13.278 [warning] [Git][getHEAD] Failed to parse HEAD file: ENOENT: no such file or directory, open '/home/sgass/Projects/reference/common/.git/HEAD'
2025-03-12 09:29:13.287 [warning] [Git][getRemotes] Error: ENOENT: no such file or directory, open '/home/sgass/Projects/reference/common/.git/config'
2025-03-12 09:29:13.301 [info] > git config --get commit.template [27ms]
2025-03-12 09:29:13.311 [info] > git for-each-ref --format=%(refname)%00%(upstream:short)%00%(objectname)%00%(upstream:track)%00%(upstream:remotename)%00%(upstream:remoteref) refs/heads/main refs/remotes/main [3ms]
2025-03-12 09:29:13.708 [info] > git status -z -uall [389ms]
2025-03-12 09:29:13.729 [info] > git for-each-ref --format=%(refname)%00%(upstream:short)%00%(objectname)%00%(upstream:track)%00%(upstream:remotename)%00%(upstream:remoteref) refs/heads/main refs/remotes/main [17ms]
2025-03-12 09:29:13.734 [info] > git config --local branch.main.vscode-merge-base [1ms]
2025-03-12 09:29:13.738 [info] > git for-each-ref --format=%(refname)%00%(upstream:short)%00%(objectname)%00%(upstream:track)%00%(upstream:remotename)%00%(upstream:remoteref) refs/heads/origin/main refs/remotes/origin/main [1ms]
2025-03-12 09:29:13.887 [info] > git check-ignore -v -z --stdin [8ms]
2025-03-12 09:29:13.889 [info] > git check-ignore -v -z --stdin [3ms]
2025-03-12 09:29:18.752 [info] > git config --get commit.template [9ms]
2025-03-12 09:29:18.754 [info] > git for-each-ref --format=%(refname)%00%(upstream:short)%00%(objectname)%00%(upstream:track)%00%(upstream:remotename)%00%(upstream:remoteref) refs/heads/main refs/remotes/main [3ms]
2025-03-12 09:29:19.128 [info] > git status -z -uall [366ms]
2025-03-12 09:29:19.136 [info] > git for-each-ref --format=%(refname)%00%(upstream:short)%00%(objectname)%00%(upstream:track)%00%(upstream:remotename)%00%(upstream:remoteref) refs/heads/main refs/remotes/main [2ms]
2025-03-12 09:29:19.139 [info] > git config --local branch.main.vscode-merge-base [1ms]
2025-03-12 09:29:19.143 [info] > git for-each-ref --format=%(refname)%00%(upstream:short)%00%(objectname)%00%(upstream:track)%00%(upstream:remotename)%00%(upstream:remoteref) refs/heads/origin/main refs/remotes/origin/main [1ms]
2025-03-12 09:29:23.134 [info] [main] Log level: Info
2025-03-12 09:29:23.134 [info] [main] Validating found git in: "git"
2025-03-12 09:29:23.134 [info] [main] Using git "2.43.0" from "git"
2025-03-12 09:29:23.134 [info] [Model][doInitialScan] Initial repository scan started
2025-03-12 09:29:23.134 [info] > git rev-parse --show-toplevel [1ms]
2025-03-12 09:29:23.139 [info] > git rev-parse --git-dir --git-common-dir [1ms]
2025-03-12 09:29:23.141 [info] [Model][openRepository] Opened repository: /home/sgass/Projects/kepler
2025-03-12 09:29:23.150 [info] > git config --get commit.template [4ms]
2025-03-12 09:29:23.151 [info] > git rev-parse --show-toplevel [1ms]
2025-03-12 09:29:23.162 [info] > git for-each-ref --format=%(refname)%00%(upstream:short)%00%(objectname)%00%(upstream:track)%00%(upstream:remotename)%00%(upstream:remoteref) refs/heads/develop refs/remotes/develop [2ms]
2025-03-12 09:29:23.175 [info] > git rev-parse --show-toplevel [5ms]
2025-03-12 09:29:23.185 [info] > git rev-parse --show-toplevel [1ms]
2025-03-12 09:29:23.190 [info] > git rev-parse --show-toplevel [2ms]
2025-03-12 09:29:23.194 [info] > git rev-parse --show-toplevel [1ms]
2025-03-12 09:29:23.198 [info] > git rev-parse --show-toplevel [0ms]
2025-03-12 09:29:23.201 [info] > git rev-parse --show-toplevel [1ms]
2025-03-12 09:29:23.205 [info] > git rev-parse --show-toplevel [1ms]
2025-03-12 09:29:23.210 [info] > git rev-parse --show-toplevel [1ms]
2025-03-12 09:29:23.213 [info] > git rev-parse --show-toplevel [1ms]
2025-03-12 09:29:23.217 [info] > git rev-parse --show-toplevel [1ms]
2025-03-12 09:29:23.222 [info] > git rev-parse --show-toplevel [1ms]
2025-03-12 09:29:23.225 [info] > git rev-parse --show-toplevel [1ms]
2025-03-12 09:29:23.229 [info] > git rev-parse --show-toplevel [1ms]
2025-03-12 09:29:23.233 [info] > git rev-parse --show-toplevel [1ms]
2025-03-12 09:29:23.237 [info] > git rev-parse --show-toplevel [1ms]
2025-03-12 09:29:23.241 [info] > git rev-parse --show-toplevel [1ms]
2025-03-12 09:29:23.245 [info] > git rev-parse --show-toplevel [1ms]
2025-03-12 09:29:23.250 [info] > git rev-parse --show-toplevel [2ms]
2025-03-12 09:29:23.254 [info] > git rev-parse --show-toplevel [1ms]
2025-03-12 09:29:23.257 [info] > git rev-parse --show-toplevel [1ms]
2025-03-12 09:29:23.261 [info] > git rev-parse --show-toplevel [1ms]
2025-03-12 09:29:23.264 [info] > git rev-parse --show-toplevel [1ms]
2025-03-12 09:29:23.268 [info] > git rev-parse --show-toplevel [1ms]
2025-03-12 09:29:23.271 [info] > git rev-parse --show-toplevel [1ms]
2025-03-12 09:29:23.274 [info] > git rev-parse --show-toplevel [0ms]
2025-03-12 09:29:23.278 [info] > git rev-parse --show-toplevel [1ms]
2025-03-12 09:29:23.281 [info] > git rev-parse --show-toplevel [1ms]
2025-03-12 09:29:23.285 [info] > git rev-parse --show-toplevel [1ms]
2025-03-12 09:29:23.289 [info] > git rev-parse --show-toplevel [1ms]
2025-03-12 09:29:23.292 [info] > git rev-parse --show-toplevel [1ms]
2025-03-12 09:29:23.296 [info] > git rev-parse --show-toplevel [1ms]
2025-03-12 09:29:23.299 [info] > git rev-parse --show-toplevel [1ms]
2025-03-12 09:29:23.303 [info] > git rev-parse --show-toplevel [1ms]
2025-03-12 09:29:23.306 [info] > git rev-parse --show-toplevel [1ms]
2025-03-12 09:29:23.307 [info] [Model][doInitialScan] Initial repository scan completed - repositories (1), closed repositories (0), parent repositories (0), unsafe repositories (0)
2025-03-12 09:29:23.451 [info] > git show --textconv :hdl/rtl/board/mpcut1/board_mpcut1_system.sv [5ms]
2025-03-12 09:29:23.452 [info] > git status -z -uall [286ms]
2025-03-12 09:29:23.462 [info] > git for-each-ref --format=%(refname)%00%(upstream:short)%00%(objectname)%00%(upstream:track)%00%(upstream:remotename)%00%(upstream:remoteref) refs/heads/develop refs/remotes/develop [6ms]
2025-03-12 09:29:23.465 [info] > git ls-files --stage -- /home/sgass/Projects/kepler/hdl/rtl/board/mpcut1/board_mpcut1_system.sv [16ms]
2025-03-12 09:29:23.469 [info] > git config --local branch.develop.vscode-merge-base [4ms]
2025-03-12 09:29:23.473 [info] > git config --get commit.template [10ms]
2025-03-12 09:29:23.474 [info] > git for-each-ref --format=%(refname)%00%(upstream:short)%00%(objectname)%00%(upstream:track)%00%(upstream:remotename)%00%(upstream:remoteref) refs/heads/origin/develop refs/remotes/origin/develop [2ms]
2025-03-12 09:29:23.478 [info] > git cat-file -s 0c513a1ba622e36ca20df90f950f2a89f4cba89c [9ms]
2025-03-12 09:29:23.484 [info] > git merge-base refs/heads/develop refs/remotes/origin/develop [6ms]
2025-03-12 09:29:23.488 [info] > git for-each-ref --format=%(refname)%00%(upstream:short)%00%(objectname)%00%(upstream:track)%00%(upstream:remotename)%00%(upstream:remoteref) refs/heads/develop refs/remotes/develop [6ms]
2025-03-12 09:29:23.493 [info] > git rev-list --count --left-right refs/heads/develop...refs/remotes/origin/develop [4ms]
2025-03-12 09:29:23.497 [info] > git diff --name-status -z --diff-filter=ADMR 8648762db17a6d26cdf991c55370ed936f76f443...refs/remotes/origin/develop [2ms]
2025-03-12 09:29:23.688 [info] > git check-ignore -v -z --stdin [11ms]
2025-03-12 09:29:23.797 [info] > git status -z -uall [305ms]
2025-03-12 09:29:23.803 [info] > git for-each-ref --format=%(refname)%00%(upstream:short)%00%(objectname)%00%(upstream:track)%00%(upstream:remotename)%00%(upstream:remoteref) refs/heads/develop refs/remotes/develop [1ms]
2025-03-12 09:29:23.808 [info] > git config --local branch.develop.vscode-merge-base [1ms]
2025-03-12 09:29:23.812 [info] > git for-each-ref --format=%(refname)%00%(upstream:short)%00%(objectname)%00%(upstream:track)%00%(upstream:remotename)%00%(upstream:remoteref) refs/heads/origin/develop refs/remotes/origin/develop [2ms]
2025-03-12 09:29:23.962 [info] > git rev-parse --show-toplevel [1ms]
2025-03-12 09:29:23.966 [info] > git rev-parse --git-dir --git-common-dir [1ms]
2025-03-12 09:29:23.969 [info] [Model][openRepository] Opened repository: /home/sgass/Projects/kepler/third_party/libhydrogen
2025-03-12 09:29:23.977 [info] > git rev-parse --show-toplevel [2ms]
2025-03-12 09:29:23.977 [info] > git config --get commit.template [5ms]
2025-03-12 09:29:23.985 [info] > git rev-parse --git-dir --git-common-dir [5ms]
2025-03-12 09:29:23.988 [info] [Model][openRepository] Opened repository: /home/sgass/Projects/kepler/third_party/magic_enum
2025-03-12 09:29:23.994 [info] > git for-each-ref --format %(refname) %(objectname) %(*objectname) refs/tags [10ms]
2025-03-12 09:29:23.998 [info] > git config --get commit.template [5ms]
2025-03-12 09:29:23.999 [info] > git status -z -uall [1ms]
2025-03-12 09:29:24.000 [info] > git rev-parse --show-toplevel [6ms]
2025-03-12 09:29:24.009 [info] > git config --get commit.template [3ms]
2025-03-12 09:29:24.009 [info] > git for-each-ref --format %(refname) %(objectname) %(*objectname) refs/tags [6ms]
2025-03-12 09:29:24.012 [info] > git rev-parse --git-dir --git-common-dir [4ms]
2025-03-12 09:29:24.014 [info] [Model][openRepository] Opened repository: /home/sgass/Projects/kepler/third_party/googletest
2025-03-12 09:29:24.024 [info] > git status -z -uall [12ms]
2025-03-12 09:29:24.028 [info] > git rev-parse --show-toplevel [4ms]
2025-03-12 09:29:24.028 [info] > git config --get commit.template [7ms]
2025-03-12 09:29:24.028 [info] > git for-each-ref --format %(refname) %(objectname) %(*objectname) refs/tags [10ms]
2025-03-12 09:29:24.036 [info] > git status -z -uall [4ms]
2025-03-12 09:29:24.036 [info] > git config --get commit.template [8ms]
2025-03-12 09:29:24.051 [info] > git for-each-ref --format %(refname) %(objectname) %(*objectname) refs/tags [12ms]
2025-03-12 09:29:24.051 [info] > git rev-parse --show-toplevel [16ms]
2025-03-12 09:29:24.063 [info] > git status -z -uall [4ms]
2025-03-12 09:29:24.063 [info] > git for-each-ref --format %(refname) %(objectname) %(*objectname) refs/tags [13ms]
2025-03-12 09:29:24.076 [info] > git status -z -uall [9ms]
2025-03-12 09:29:24.077 [info] > git rev-parse --git-dir --git-common-dir [15ms]
2025-03-12 09:29:24.078 [info] [Model][openRepository] Opened repository: /home/sgass/Projects/kepler/third_party/fast-cpp-csv-parser
2025-03-12 09:29:24.085 [info] > git config --get commit.template [9ms]
2025-03-12 09:29:24.086 [info] > git rev-parse --show-toplevel [1ms]
2025-03-12 09:29:24.086 [info] > git config --get commit.template [5ms]
2025-03-12 09:29:24.096 [info] > git for-each-ref --format %(refname) %(objectname) %(*objectname) refs/tags [6ms]
2025-03-12 09:29:24.099 [info] > git rev-parse --git-dir --git-common-dir [6ms]
2025-03-12 09:29:24.101 [info] [Model][openRepository] Opened repository: /home/sgass/Projects/kepler/hdl/verilog-axis
2025-03-12 09:29:24.107 [info] > git status -z -uall [9ms]
2025-03-12 09:29:24.107 [info] > git for-each-ref --format %(refname) %(objectname) %(*objectname) refs/tags [12ms]
2025-03-12 09:29:24.111 [info] > git rev-parse --show-toplevel [4ms]
2025-03-12 09:29:24.111 [info] > git config --get commit.template [6ms]
2025-03-12 09:29:24.115 [info] > git status -z -uall [5ms]
2025-03-12 09:29:24.123 [info] > git rev-parse --git-dir --git-common-dir [8ms]
2025-03-12 09:29:24.124 [info] [Model][openRepository] Opened repository: /home/sgass/Projects/kepler/hdl/verilog-ethernet
2025-03-12 09:29:24.131 [info] > git config --get commit.template [9ms]
2025-03-12 09:29:24.131 [info] > git for-each-ref --format %(refname) %(objectname) %(*objectname) refs/tags [12ms]
2025-03-12 09:29:24.134 [info] > git config --get commit.template [6ms]
2025-03-12 09:29:24.139 [info] > git status -z -uall [5ms]
2025-03-12 09:29:24.141 [info] > git rev-parse --show-toplevel [10ms]
2025-03-12 09:29:24.148 [info] > git for-each-ref --format %(refname) %(objectname) %(*objectname) refs/tags [9ms]
2025-03-12 09:29:24.153 [info] > git rev-parse --git-dir --git-common-dir [5ms]
2025-03-12 09:29:24.154 [info] [Model][openRepository] Opened repository: /home/sgass/Projects/kepler/third_party/vext.soapysdr
2025-03-12 09:29:24.155 [info] > git config --get commit.template [9ms]
2025-03-12 09:29:24.155 [info] > git for-each-ref --format %(refname) %(objectname) %(*objectname) refs/tags [12ms]
2025-03-12 09:29:24.163 [info] > git status -z -uall [11ms]
2025-03-12 09:29:24.167 [info] > git status -z -uall [9ms]
2025-03-12 09:29:24.167 [info] > git rev-parse --show-toplevel [5ms]
2025-03-12 09:29:24.167 [info] > git config --get commit.template [7ms]
2025-03-12 09:29:24.177 [info] > git for-each-ref --format %(refname) %(objectname) %(*objectname) refs/tags [11ms]
2025-03-12 09:29:24.186 [info] > git rev-parse --git-dir --git-common-dir [13ms]
2025-03-12 09:29:24.188 [info] [Model][openRepository] Opened repository: /home/sgass/Projects/kepler/third_party/STM32CubeL1
2025-03-12 09:29:24.195 [info] > git status -z -uall [14ms]
2025-03-12 09:29:24.195 [info] > git for-each-ref --format %(refname) %(objectname) %(*objectname) refs/tags [10ms]
2025-03-12 09:29:24.196 [info] > git config --get commit.template [19ms]
2025-03-12 09:29:24.203 [info] > git status -z -uall [4ms]
2025-03-12 09:29:24.204 [info] > git rev-parse --show-toplevel [9ms]
2025-03-12 09:29:24.204 [info] > git config --get commit.template [12ms]
2025-03-12 09:29:24.211 [info] > git for-each-ref --format %(refname) %(objectname) %(*objectname) refs/tags [8ms]
2025-03-12 09:29:24.220 [info] > git rev-parse --git-dir --git-common-dir [10ms]
2025-03-12 09:29:24.222 [info] [Model][openRepository] Opened repository: /home/sgass/Projects/kepler/ansible/kubespray
2025-03-12 09:29:24.245 [info] > git config --get commit.template [27ms]
2025-03-12 09:29:24.245 [info] > git for-each-ref --format %(refname) %(objectname) %(*objectname) refs/tags [30ms]
2025-03-12 09:29:24.252 [info] > git status -z -uall [11ms]
2025-03-12 09:29:24.252 [info] > git config --get commit.template [7ms]
2025-03-12 09:29:24.263 [info] > git for-each-ref --format %(refname) %(objectname) %(*objectname) refs/tags [6ms]
2025-03-12 09:29:24.270 [info] > git status -z -uall [1ms]
2025-03-12 09:29:24.271 [info] > git for-each-ref --format %(refname) %(objectname) %(*objectname) refs/tags [8ms]
2025-03-12 09:29:24.275 [info] > git status -z -uall [24ms]
2025-03-12 09:29:24.282 [info] > git status -z -uall [8ms]
2025-03-12 09:29:24.289 [info] > git config --get commit.template [7ms]
2025-03-12 09:29:24.294 [info] > git for-each-ref --format %(refname) %(objectname) %(*objectname) refs/tags [2ms]
2025-03-12 09:29:24.294 [info] > git config --get commit.template [5ms]
2025-03-12 09:29:24.301 [info] > git for-each-ref --format %(refname) %(objectname) %(*objectname) refs/tags [3ms]
2025-03-12 09:29:24.311 [info] > git status -z -uall [6ms]
2025-03-12 09:29:24.319 [info] > git status -z -uall [20ms]
2025-03-12 09:29:24.488 [info] > git check-ignore -v -z --stdin [7ms]
2025-03-12 09:30:00.235 [info] > git show --textconv :hdl/rtl/board/mpcut1/board_mpcut1_top.sv [6ms]
2025-03-12 09:30:00.239 [info] > git ls-files --stage -- /home/sgass/Projects/kepler/hdl/rtl/board/mpcut1/board_mpcut1_top.sv [5ms]
2025-03-12 09:30:00.245 [info] > git cat-file -s f4e6fabb21dc7bb3101babf512c6ab93bbbfa51c [2ms]
2025-03-12 09:30:24.937 [info] > git show --textconv :hdl/rtl/board/mpcut1/board_mpcut1_system.sv [5ms]
2025-03-12 09:30:24.941 [info] > git ls-files --stage -- /home/sgass/Projects/kepler/hdl/rtl/board/mpcut1/board_mpcut1_system.sv [5ms]
2025-03-12 09:30:24.947 [info] > git cat-file -s 0c513a1ba622e36ca20df90f950f2a89f4cba89c [2ms]
2025-03-12 09:31:15.550 [info] > git show --textconv :hdl/rtl/aether/aether_mpcu_xcvrs.sv [10ms]
2025-03-12 09:31:15.557 [info] > git ls-files --stage -- /home/sgass/Projects/kepler/hdl/rtl/aether/aether_mpcu_xcvrs.sv [7ms]
2025-03-12 09:31:15.569 [info] > git cat-file -s 0b321c8691dc08babfda4a33bb173c96b7127b8d [3ms]
2025-03-12 09:31:15.826 [info] > git check-ignore -v -z --stdin [7ms]
2025-03-12 09:31:17.663 [info] > git show --textconv :hdl/rtl/board/mpcut1/board_mpcut1_system.sv [10ms]
2025-03-12 09:31:17.670 [info] > git ls-files --stage -- /home/sgass/Projects/kepler/hdl/rtl/board/mpcut1/board_mpcut1_system.sv [8ms]
2025-03-12 09:31:17.681 [info] > git cat-file -s 0c513a1ba622e36ca20df90f950f2a89f4cba89c [3ms]
2025-03-12 09:31:42.980 [info] > git show --textconv :hdl/rtl/aether/aether_mpcu_xcvrs.sv [8ms]
2025-03-12 09:31:42.986 [info] > git ls-files --stage -- /home/sgass/Projects/kepler/hdl/rtl/aether/aether_mpcu_xcvrs.sv [7ms]
2025-03-12 09:31:42.997 [info] > git cat-file -s 0b321c8691dc08babfda4a33bb173c96b7127b8d [3ms]
2025-03-12 09:33:44.946 [info] > git show --textconv :hdl/rtl/xcvr/xcvr_quad.sv [15ms]
2025-03-12 09:33:44.950 [info] > git ls-files --stage -- /home/sgass/Projects/kepler/hdl/rtl/xcvr/xcvr_quad.sv [9ms]
2025-03-12 09:33:44.962 [info] > git cat-file -s a716400325edbbeb4ddda2762bac621538b6ab52 [3ms]
2025-03-12 09:33:45.213 [info] > git check-ignore -v -z --stdin [7ms]
2025-03-12 09:35:30.608 [info] > git show --textconv :hdl/rtl/aether/aether_mpcu_xcvrs.sv [7ms]
2025-03-12 09:35:30.615 [info] > git ls-files --stage -- /home/sgass/Projects/kepler/hdl/rtl/aether/aether_mpcu_xcvrs.sv [9ms]
2025-03-12 09:35:30.624 [info] > git cat-file -s 0b321c8691dc08babfda4a33bb173c96b7127b8d [2ms]
2025-03-12 09:35:44.337 [info] > git show --textconv :hdl/rtl/board/mpcut1/board_mpcut1_system.sv [12ms]
2025-03-12 09:35:44.344 [info] > git ls-files --stage -- /home/sgass/Projects/kepler/hdl/rtl/board/mpcut1/board_mpcut1_system.sv [10ms]
2025-03-12 09:35:44.357 [info] > git cat-file -s 0c513a1ba622e36ca20df90f950f2a89f4cba89c [3ms]
2025-03-12 09:38:21.666 [info] > git show --textconv :hdl/rtl/ethernet/ethernet_crossbar.sv [10ms]
2025-03-12 09:38:21.668 [info] > git ls-files --stage -- /home/sgass/Projects/kepler/hdl/rtl/ethernet/ethernet_crossbar.sv [6ms]
2025-03-12 09:38:21.677 [info] > git cat-file -s 8814563575fd186402d9b31968ab9c27025ff62e [3ms]
2025-03-12 09:38:21.953 [info] > git check-ignore -v -z --stdin [12ms]
2025-03-12 10:58:11.851 [info] > git show --textconv :hdl/rtl/board/mpcut1/board_mpcut1_system.sv [9ms]
2025-03-12 10:58:11.855 [info] > git ls-files --stage -- /home/sgass/Projects/kepler/hdl/rtl/board/mpcut1/board_mpcut1_system.sv [6ms]
2025-03-12 10:58:11.863 [info] > git cat-file -s 0c513a1ba622e36ca20df90f950f2a89f4cba89c [2ms]
2025-03-12 10:58:38.423 [info] > git show --textconv :hdl/rtl/board/mpcut1/board_mpcut1_top.sv [12ms]
2025-03-12 10:58:38.430 [info] > git ls-files --stage -- /home/sgass/Projects/kepler/hdl/rtl/board/mpcut1/board_mpcut1_top.sv [7ms]
2025-03-12 10:58:38.442 [info] > git cat-file -s f4e6fabb21dc7bb3101babf512c6ab93bbbfa51c [2ms]
2025-03-12 10:59:47.061 [info] > git show --textconv :hdl/rtl/board/mpcut1/board_mpcut1_system.sv [11ms]
2025-03-12 10:59:47.070 [info] > git ls-files --stage -- /home/sgass/Projects/kepler/hdl/rtl/board/mpcut1/board_mpcut1_system.sv [11ms]
2025-03-12 10:59:47.081 [info] > git cat-file -s 0c513a1ba622e36ca20df90f950f2a89f4cba89c [3ms]
2025-03-12 11:00:07.603 [info] > git show --textconv :hdl/rtl/aether/aether_mpcu_sgmii.sv [10ms]
2025-03-12 11:00:07.608 [info] > git ls-files --stage -- /home/sgass/Projects/kepler/hdl/rtl/aether/aether_mpcu_sgmii.sv [7ms]
2025-03-12 11:00:07.617 [info] > git cat-file -s 1f8fcff95100b7aaefa164ebc3754a6ab029132f [2ms]
2025-03-12 11:00:07.880 [info] > git check-ignore -v -z --stdin [5ms]
2025-03-12 11:01:22.676 [info] > git show --textconv :hdl/rtl/ethernet/ethernet_lvds_sgmii_riu.sv [12ms]
2025-03-12 11:01:22.686 [info] > git ls-files --stage -- /home/sgass/Projects/kepler/hdl/rtl/ethernet/ethernet_lvds_sgmii_riu.sv [12ms]
2025-03-12 11:01:22.698 [info] > git cat-file -s 18cdb3f5e714a96a04832fd5072383b26a6d205e [3ms]
2025-03-12 11:01:22.995 [info] > git check-ignore -v -z --stdin [12ms]
2025-03-12 11:02:23.371 [info] > git show --textconv :hdl/rtl/aether/aether_mpcu_sgmii.sv [8ms]
2025-03-12 11:02:23.377 [info] > git ls-files --stage -- /home/sgass/Projects/kepler/hdl/rtl/aether/aether_mpcu_sgmii.sv [6ms]
2025-03-12 11:02:23.388 [info] > git cat-file -s 1f8fcff95100b7aaefa164ebc3754a6ab029132f [3ms]
2025-03-12 11:02:52.749 [info] > git show --textconv :hdl/rtl/gmii/gmii_interface.sv [13ms]
2025-03-12 11:02:52.755 [info] > git ls-files --stage -- /home/sgass/Projects/kepler/hdl/rtl/gmii/gmii_interface.sv [10ms]
2025-03-12 11:02:52.768 [info] > git cat-file -s 3b38c036f063978f266865d4353a4c356c3fcd90 [3ms]
2025-03-12 11:02:53.018 [info] > git check-ignore -v -z --stdin [12ms]
2025-03-12 11:03:09.506 [info] > git show --textconv :hdl/rtl/aether/aether_mpcu_sgmii.sv [12ms]
2025-03-12 11:03:09.513 [info] > git ls-files --stage -- /home/sgass/Projects/kepler/hdl/rtl/aether/aether_mpcu_sgmii.sv [8ms]
2025-03-12 11:03:09.524 [info] > git cat-file -s 1f8fcff95100b7aaefa164ebc3754a6ab029132f [3ms]
2025-03-12 11:03:16.832 [info] > git show --textconv :hdl/rtl/board/mpcut1/board_mpcut1_system.sv [8ms]
2025-03-12 11:03:16.835 [info] > git ls-files --stage -- /home/sgass/Projects/kepler/hdl/rtl/board/mpcut1/board_mpcut1_system.sv [5ms]
2025-03-12 11:03:16.840 [info] > git cat-file -s 0c513a1ba622e36ca20df90f950f2a89f4cba89c [1ms]
2025-03-12 11:04:36.976 [info] > git show --textconv :hdl/rtl/board/mpcut1/board_mpcut1_top.sv [7ms]
2025-03-12 11:04:36.980 [info] > git ls-files --stage -- /home/sgass/Projects/kepler/hdl/rtl/board/mpcut1/board_mpcut1_top.sv [4ms]
2025-03-12 11:04:36.992 [info] > git cat-file -s f4e6fabb21dc7bb3101babf512c6ab93bbbfa51c [4ms]
2025-03-12 11:07:54.342 [info] > git show --textconv :hdl/rtl/board/mpcut1/board_mpcut1_system.sv [12ms]
2025-03-12 11:07:54.349 [info] > git ls-files --stage -- /home/sgass/Projects/kepler/hdl/rtl/board/mpcut1/board_mpcut1_system.sv [9ms]
2025-03-12 11:07:54.361 [info] > git cat-file -s 0c513a1ba622e36ca20df90f950f2a89f4cba89c [3ms]
2025-03-12 11:08:20.757 [info] > git show --textconv :hdl/rtl/board/mpcut1/board_mpcut1_zynq_wrapper.sv [11ms]
2025-03-12 11:08:20.765 [info] > git ls-files --stage -- /home/sgass/Projects/kepler/hdl/rtl/board/mpcut1/board_mpcut1_zynq_wrapper.sv [10ms]
2025-03-12 11:08:20.776 [info] > git cat-file -s a0c0e70da6457007d92eebc3eaad8207b5ca548d [3ms]
2025-03-12 14:54:18.316 [info] > git config --get commit.template [11ms]
2025-03-12 14:54:18.318 [info] > git for-each-ref --format=%(refname)%00%(upstream:short)%00%(objectname)%00%(upstream:track)%00%(upstream:remotename)%00%(upstream:remoteref) refs/heads/develop refs/remotes/develop [3ms]
2025-03-12 14:54:18.414 [info] > git ls-files --stage -- /home/sgass/Projects/kepler/hdl/rtl/board/mpcut1/board_mpcut1_zynq_wrapper.sv [9ms]
2025-03-12 14:54:18.425 [info] > git cat-file -s a0c0e70da6457007d92eebc3eaad8207b5ca548d [3ms]
2025-03-12 14:54:18.445 [info] > git show --textconv :hdl/rtl/board/mpcut1/board_mpcut1_zynq_wrapper.sv [10ms]
2025-03-12 14:54:18.661 [info] > git status -z -uall [333ms]
2025-03-12 14:54:18.668 [info] > git for-each-ref --format=%(refname)%00%(upstream:short)%00%(objectname)%00%(upstream:track)%00%(upstream:remotename)%00%(upstream:remoteref) refs/heads/develop refs/remotes/develop [2ms]
2025-03-12 14:54:18.673 [info] > git config --local branch.develop.vscode-merge-base [1ms]
2025-03-12 14:54:18.679 [info] > git for-each-ref --format=%(refname)%00%(upstream:short)%00%(objectname)%00%(upstream:track)%00%(upstream:remotename)%00%(upstream:remoteref) refs/heads/origin/develop refs/remotes/origin/develop [2ms]
2025-03-12 14:54:18.684 [info] > git merge-base refs/heads/develop refs/remotes/origin/develop [1ms]
2025-03-12 14:54:18.691 [info] > git rev-list --count --left-right refs/heads/develop...refs/remotes/origin/develop [2ms]
2025-03-12 14:54:18.701 [info] > git diff --name-status -z --diff-filter=ADMR d5e0a217b709af1f91bd468308bebe0d1dd64a4a...refs/remotes/origin/develop [3ms]
2025-03-12 15:03:44.324 [info] > git show --textconv :hdl/rtl/ethernet/ethernet_crossbar.sv [6ms]
2025-03-12 15:03:44.326 [info] > git ls-files --stage -- /home/sgass/Projects/kepler/hdl/rtl/ethernet/ethernet_crossbar.sv [4ms]
2025-03-12 15:03:44.338 [info] > git cat-file -s 8814563575fd186402d9b31968ab9c27025ff62e [3ms]
2025-03-12 15:04:55.730 [info] > git show --textconv :hdl/rtl/ethernet/ethernet_point_to_multipoint_hub.sv [10ms]
2025-03-12 15:04:55.739 [info] > git ls-files --stage -- /home/sgass/Projects/kepler/hdl/rtl/ethernet/ethernet_point_to_multipoint_hub.sv [10ms]
2025-03-12 15:04:56.010 [info] > git check-ignore -v -z --stdin [13ms]
2025-03-12 15:05:32.712 [info] > git show --textconv :hdl/rtl/axis/axis_point_to_multipoint_hub.sv [10ms]
2025-03-12 15:05:32.720 [info] > git ls-files --stage -- /home/sgass/Projects/kepler/hdl/rtl/axis/axis_point_to_multipoint_hub.sv [8ms]
2025-03-12 15:05:33.001 [info] > git check-ignore -v -z --stdin [14ms]
2025-03-12 15:10:07.611 [info] > git show --textconv :rtl/axis_broadcast.v [10ms]
2025-03-12 15:10:07.612 [info] > git ls-files --stage -- /home/sgass/Projects/kepler/hdl/verilog-axis/rtl/axis_broadcast.v [2ms]
2025-03-12 15:10:07.625 [info] > git cat-file -s 39b45799a548c1443b515ee8d8673e7279db780d [3ms]
2025-03-12 15:10:07.892 [info] > git check-ignore -v -z --stdin [3ms]
2025-03-12 15:10:17.934 [info] > git show --textconv :hdl/vivado/workspace/p4_router_util/p4_router_util.srcs/sources_1/imports/hdl/rtl/axis/axis_mux_wrapper.sv [11ms]
2025-03-12 15:10:17.942 [info] > git ls-files --stage -- /home/sgass/Projects/kepler/hdl/vivado/workspace/p4_router_util/p4_router_util.srcs/sources_1/imports/hdl/rtl/axis/axis_mux_wrapper.sv [9ms]
2025-03-12 15:10:18.224 [info] > git check-ignore -v -z --stdin [15ms]
2025-03-12 15:10:25.005 [info] > git show --textconv :hdl/rtl/axis/axis_broadcast_wrapper.sv [13ms]
2025-03-12 15:10:25.008 [info] > git ls-files --stage -- /home/sgass/Projects/kepler/hdl/rtl/axis/axis_broadcast_wrapper.sv [6ms]
2025-03-12 15:10:25.020 [info] > git cat-file -s e3b6413ebabd4535931d5af22daaf3adc8d57ff3 [2ms]
2025-03-12 15:10:25.288 [info] > git check-ignore -v -z --stdin [11ms]
2025-03-12 15:10:28.074 [info] > git show --textconv :rtl/axis_broadcast.v [11ms]
2025-03-12 15:10:28.075 [info] > git ls-files --stage -- /home/sgass/Projects/kepler/hdl/verilog-axis/rtl/axis_broadcast.v [2ms]
2025-03-12 15:10:28.086 [info] > git cat-file -s 39b45799a548c1443b515ee8d8673e7279db780d [2ms]
2025-03-12 15:10:28.949 [info] > git show --textconv :hdl/rtl/axis/axis_broadcast_wrapper.sv [12ms]
2025-03-12 15:10:28.958 [info] > git ls-files --stage -- /home/sgass/Projects/kepler/hdl/rtl/axis/axis_broadcast_wrapper.sv [10ms]
2025-03-12 15:10:28.969 [info] > git cat-file -s e3b6413ebabd4535931d5af22daaf3adc8d57ff3 [2ms]
2025-03-12 15:10:34.201 [info] > git show --textconv :hdl/rtl/axis/axis_point_to_multipoint_hub.sv [11ms]
2025-03-12 15:10:34.210 [info] > git ls-files --stage -- /home/sgass/Projects/kepler/hdl/rtl/axis/axis_point_to_multipoint_hub.sv [9ms]
2025-03-12 15:10:38.084 [info] > git show --textconv :hdl/vivado/workspace/p4_router_util/p4_router_util.srcs/sources_1/imports/hdl/rtl/axis/axis_mux_wrapper.sv [11ms]
2025-03-12 15:10:38.093 [info] > git ls-files --stage -- /home/sgass/Projects/kepler/hdl/vivado/workspace/p4_router_util/p4_router_util.srcs/sources_1/imports/hdl/rtl/axis/axis_mux_wrapper.sv [10ms]
2025-03-12 15:11:10.014 [info] > git show --textconv :hdl/rtl/axis/axis_arb_mux_wrapper.sv [11ms]
2025-03-12 15:11:10.021 [info] > git ls-files --stage -- /home/sgass/Projects/kepler/hdl/rtl/axis/axis_arb_mux_wrapper.sv [9ms]
2025-03-12 15:11:10.029 [info] > git cat-file -s 325cfd73623483e05d006c2d91d7314f1fa68575 [2ms]
2025-03-12 15:11:10.290 [info] > git check-ignore -v -z --stdin [8ms]
2025-03-12 15:12:01.849 [info] > git show --textconv :hdl/rtl/axis/axis_point_to_multipoint_hub.sv [8ms]
2025-03-12 15:12:01.856 [info] > git ls-files --stage -- /home/sgass/Projects/kepler/hdl/rtl/axis/axis_point_to_multipoint_hub.sv [7ms]
2025-03-12 15:17:16.928 [info] > git show --textconv :hdl/vivado/workspace/p4_router_util/p4_router_util.srcs/sources_1/imports/hdl/rtl/axis/axis_mux_wrapper.sv [7ms]
2025-03-12 15:17:16.935 [info] > git ls-files --stage -- /home/sgass/Projects/kepler/hdl/vivado/workspace/p4_router_util/p4_router_util.srcs/sources_1/imports/hdl/rtl/axis/axis_mux_wrapper.sv [7ms]
2025-03-12 15:17:19.712 [info] > git show --textconv :hdl/rtl/axis/axis_arb_mux_wrapper.sv [11ms]
2025-03-12 15:17:19.721 [info] > git ls-files --stage -- /home/sgass/Projects/kepler/hdl/rtl/axis/axis_arb_mux_wrapper.sv [10ms]
2025-03-12 15:17:19.734 [info] > git cat-file -s 325cfd73623483e05d006c2d91d7314f1fa68575 [4ms]
2025-03-12 15:17:27.421 [info] > git show --textconv :hdl/rtl/axis/axis_point_to_multipoint_hub.sv [6ms]
2025-03-12 15:17:27.424 [info] > git ls-files --stage -- /home/sgass/Projects/kepler/hdl/rtl/axis/axis_point_to_multipoint_hub.sv [4ms]
2025-03-12 15:22:44.776 [info] > git show --textconv :hdl/rtl/ethernet/ethernet_point_to_multipoint_hub.sv [11ms]
2025-03-12 15:22:44.786 [info] > git ls-files --stage -- /home/sgass/Projects/kepler/hdl/rtl/ethernet/ethernet_point_to_multipoint_hub.sv [10ms]
2025-03-12 15:23:55.819 [info] > git show --textconv :hdl/doc/diagrams/ethernet/ethernet_crossbar_muxing.svg [8ms]
2025-03-12 15:23:55.826 [info] > git ls-files --stage -- /home/sgass/Projects/kepler/hdl/doc/diagrams/ethernet/ethernet_crossbar_muxing.svg [9ms]
2025-03-12 15:23:55.839 [info] > git cat-file -s ed13b067bb6caa987ef859ef65fd7f4b100244ab [5ms]
2025-03-12 15:23:56.098 [info] > git check-ignore -v -z --stdin [12ms]
2025-03-12 15:25:31.390 [info] > git show --textconv :hdl/rtl/ethernet/ethernet_point_to_multipoint_hub.sv [11ms]
2025-03-12 15:25:31.398 [info] > git ls-files --stage -- /home/sgass/Projects/kepler/hdl/rtl/ethernet/ethernet_point_to_multipoint_hub.sv [9ms]
2025-03-12 15:25:35.973 [info] > git show --textconv :hdl/rtl/axis/axis_point_to_multipoint_hub.sv [8ms]
2025-03-12 15:25:35.982 [info] > git ls-files --stage -- /home/sgass/Projects/kepler/hdl/rtl/axis/axis_point_to_multipoint_hub.sv [9ms]
2025-03-12 15:25:37.863 [info] > git show --textconv :hdl/rtl/ethernet/ethernet_point_to_multipoint_hub.sv [11ms]
2025-03-12 15:25:37.871 [info] > git ls-files --stage -- /home/sgass/Projects/kepler/hdl/rtl/ethernet/ethernet_point_to_multipoint_hub.sv [10ms]
2025-03-12 16:04:45.790 [info] > git show --textconv :hdl/vivado/workspace/p4_router_util/p4_router_util.srcs/sources_1/imports/hdl/rtl/axis/axis_mux_wrapper.sv [9ms]
2025-03-12 16:04:45.796 [info] > git ls-files --stage -- /home/sgass/Projects/kepler/hdl/vivado/workspace/p4_router_util/p4_router_util.srcs/sources_1/imports/hdl/rtl/axis/axis_mux_wrapper.sv [6ms]
2025-03-12 16:04:48.698 [info] > git show --textconv :hdl/rtl/axis/axis_arb_mux_wrapper.sv [11ms]
2025-03-12 16:04:48.706 [info] > git ls-files --stage -- /home/sgass/Projects/kepler/hdl/rtl/axis/axis_arb_mux_wrapper.sv [8ms]
2025-03-12 16:04:48.719 [info] > git cat-file -s 325cfd73623483e05d006c2d91d7314f1fa68575 [3ms]
2025-03-12 16:05:07.345 [info] > git show --textconv :rtl/ip_arb_mux.v [11ms]
2025-03-12 16:05:07.347 [info] > git ls-files --stage -- /home/sgass/Projects/kepler/hdl/verilog-ethernet/rtl/ip_arb_mux.v [3ms]
2025-03-12 16:05:07.354 [info] > git cat-file -s 53212510749b0c643802b6254d65194d01bf4fac [2ms]
2025-03-12 16:05:07.624 [info] > git check-ignore -v -z --stdin [1ms]
2025-03-12 16:05:23.450 [info] > git show --textconv :hdl/rtl/axis/axis_arb_mux_wrapper.sv [13ms]
2025-03-12 16:05:23.457 [info] > git ls-files --stage -- /home/sgass/Projects/kepler/hdl/rtl/axis/axis_arb_mux_wrapper.sv [8ms]
2025-03-12 16:05:23.468 [info] > git cat-file -s 325cfd73623483e05d006c2d91d7314f1fa68575 [3ms]
2025-03-12 16:05:26.390 [info] > git show --textconv :hdl/rtl/board/mpcut1/board_mpcut1_top.sv [10ms]
2025-03-12 16:05:26.393 [info] > git ls-files --stage -- /home/sgass/Projects/kepler/hdl/rtl/board/mpcut1/board_mpcut1_top.sv [5ms]
2025-03-12 16:05:26.402 [info] > git cat-file -s f4e6fabb21dc7bb3101babf512c6ab93bbbfa51c [2ms]
2025-03-12 16:05:28.281 [info] > git show --textconv :hdl/rtl/board/mpcut1/board_mpcut1_system.sv [11ms]
2025-03-12 16:05:28.287 [info] > git ls-files --stage -- /home/sgass/Projects/kepler/hdl/rtl/board/mpcut1/board_mpcut1_system.sv [7ms]
2025-03-12 16:05:28.299 [info] > git cat-file -s 0c513a1ba622e36ca20df90f950f2a89f4cba89c [3ms]
2025-03-12 16:06:10.529 [info] > git show --textconv :hdl/rtl/ethernet/ethernet_point_to_multipoint_hub.sv [13ms]
2025-03-12 16:06:10.534 [info] > git ls-files --stage -- /home/sgass/Projects/kepler/hdl/rtl/ethernet/ethernet_point_to_multipoint_hub.sv [6ms]
2025-03-12 16:19:47.958 [info] > git show --textconv :hdl/rtl/ethernet/ethernet_crossbar.sv [10ms]
2025-03-12 16:19:47.961 [info] > git ls-files --stage -- /home/sgass/Projects/kepler/hdl/rtl/ethernet/ethernet_crossbar.sv [3ms]
2025-03-12 16:19:47.969 [info] > git cat-file -s 8814563575fd186402d9b31968ab9c27025ff62e [2ms]
2025-03-12 16:19:50.936 [info] > git show --textconv :hdl/rtl/gmii/gmii_interface.sv [88ms]
2025-03-12 16:19:50.936 [info] > git ls-files --stage -- /home/sgass/Projects/kepler/hdl/rtl/gmii/gmii_interface.sv [84ms]
2025-03-12 16:19:51.021 [info] > git cat-file -s 3b38c036f063978f266865d4353a4c356c3fcd90 [80ms]
2025-03-12 16:20:17.821 [info] > git show --textconv :hdl/rtl/ethernet/ethernet_point_to_multipoint_hub.sv [12ms]
2025-03-12 16:20:17.831 [info] > git ls-files --stage -- /home/sgass/Projects/kepler/hdl/rtl/ethernet/ethernet_point_to_multipoint_hub.sv [11ms]
2025-03-12 16:21:15.303 [info] > git show --textconv :hdl/rtl/ethernet/ethernet_crossbar.sv [8ms]
2025-03-12 16:21:15.312 [info] > git ls-files --stage -- /home/sgass/Projects/kepler/hdl/rtl/ethernet/ethernet_crossbar.sv [10ms]
2025-03-12 16:21:15.325 [info] > git cat-file -s 8814563575fd186402d9b31968ab9c27025ff62e [4ms]
2025-03-12 16:21:30.299 [info] > git show --textconv :hdl/rtl/ethernet/ethernet_point_to_multipoint_hub.sv [10ms]
2025-03-12 16:21:30.304 [info] > git ls-files --stage -- /home/sgass/Projects/kepler/hdl/rtl/ethernet/ethernet_point_to_multipoint_hub.sv [5ms]
2025-03-12 16:23:42.404 [info] > git show --textconv :hdl/rtl/gmii/gmii_interface.sv [10ms]
2025-03-12 16:23:42.414 [info] > git ls-files --stage -- /home/sgass/Projects/kepler/hdl/rtl/gmii/gmii_interface.sv [11ms]
2025-03-12 16:23:42.425 [info] > git cat-file -s 3b38c036f063978f266865d4353a4c356c3fcd90 [3ms]
2025-03-12 16:23:48.657 [info] > git show --textconv :hdl/rtl/ethernet/ethernet_point_to_multipoint_hub.sv [7ms]
2025-03-12 16:23:48.663 [info] > git ls-files --stage -- /home/sgass/Projects/kepler/hdl/rtl/ethernet/ethernet_point_to_multipoint_hub.sv [6ms]
2025-03-12 16:24:08.843 [info] > git show --textconv :hdl/rtl/gmii/gmii_interface.sv [10ms]
2025-03-12 16:24:08.851 [info] > git ls-files --stage -- /home/sgass/Projects/kepler/hdl/rtl/gmii/gmii_interface.sv [8ms]
2025-03-12 16:24:08.864 [info] > git cat-file -s 3b38c036f063978f266865d4353a4c356c3fcd90 [3ms]
2025-03-12 16:24:13.880 [info] > git show --textconv :hdl/rtl/ethernet/ethernet_point_to_multipoint_hub.sv [13ms]
2025-03-12 16:24:13.887 [info] > git ls-files --stage -- /home/sgass/Projects/kepler/hdl/rtl/ethernet/ethernet_point_to_multipoint_hub.sv [9ms]
2025-03-12 16:28:41.667 [info] > git show --textconv :hdl/rtl/board/mpcut1/board_mpcut1_system.sv [10ms]
2025-03-12 16:28:41.677 [info] > git ls-files --stage -- /home/sgass/Projects/kepler/hdl/rtl/board/mpcut1/board_mpcut1_system.sv [10ms]
2025-03-12 16:28:41.689 [info] > git cat-file -s 0c513a1ba622e36ca20df90f950f2a89f4cba89c [3ms]
2025-03-12 16:30:19.804 [info] > git show --textconv :hdl/rtl/ethernet/ethernet_point_to_multipoint_hub.sv [11ms]
2025-03-12 16:30:19.813 [info] > git ls-files --stage -- /home/sgass/Projects/kepler/hdl/rtl/ethernet/ethernet_point_to_multipoint_hub.sv [10ms]
