2025-03-15 12:34:14.025 [info] [main] Log level: Info
2025-03-15 12:34:14.025 [info] [main] Validating found git in: "git"
2025-03-15 12:34:14.025 [info] [main] Using git "2.43.0" from "git"
2025-03-15 12:34:14.025 [info] [Model][doInitialScan] Initial repository scan started
2025-03-15 12:34:14.025 [info] > git rev-parse --show-toplevel [4ms]
2025-03-15 12:34:14.026 [info] > git rev-parse --git-dir --git-common-dir [2ms]
2025-03-15 12:34:14.029 [info] [Model][openRepository] Opened repository: /home/sgass/Projects/kepler
2025-03-15 12:34:14.037 [info] > git rev-parse --show-toplevel [1ms]
2025-03-15 12:34:14.038 [info] > git config --get commit.template [5ms]
2025-03-15 12:34:14.043 [info] > git for-each-ref --format=%(refname)%00%(upstream:short)%00%(objectname)%00%(upstream:track)%00%(upstream:remotename)%00%(upstream:remoteref) refs/heads/sgass/prod/no-ref/mpcut1-ctrl-eth-interconnect refs/remotes/sgass/prod/no-ref/mpcut1-ctrl-eth-interconnect [1ms]
2025-03-15 12:34:14.056 [info] > git rev-parse --show-toplevel [3ms]
2025-03-15 12:34:14.063 [info] > git rev-parse --show-toplevel [2ms]
2025-03-15 12:34:14.067 [info] > git rev-parse --show-toplevel [1ms]
2025-03-15 12:34:14.072 [info] > git rev-parse --show-toplevel [1ms]
2025-03-15 12:34:14.078 [info] > git rev-parse --show-toplevel [2ms]
2025-03-15 12:34:14.082 [info] > git rev-parse --show-toplevel [1ms]
2025-03-15 12:34:14.086 [info] > git rev-parse --show-toplevel [1ms]
2025-03-15 12:34:14.090 [info] > git rev-parse --show-toplevel [1ms]
2025-03-15 12:34:14.096 [info] > git rev-parse --show-toplevel [2ms]
2025-03-15 12:34:14.100 [info] > git rev-parse --show-toplevel [1ms]
2025-03-15 12:34:14.104 [info] > git rev-parse --show-toplevel [1ms]
2025-03-15 12:34:14.108 [info] > git rev-parse --show-toplevel [1ms]
2025-03-15 12:34:14.113 [info] > git rev-parse --show-toplevel [1ms]
2025-03-15 12:34:14.117 [info] > git rev-parse --show-toplevel [1ms]
2025-03-15 12:34:14.122 [info] > git rev-parse --show-toplevel [1ms]
2025-03-15 12:34:14.127 [info] > git rev-parse --show-toplevel [1ms]
2025-03-15 12:34:14.131 [info] > git rev-parse --show-toplevel [1ms]
2025-03-15 12:34:14.136 [info] > git rev-parse --show-toplevel [2ms]
2025-03-15 12:34:14.141 [info] > git rev-parse --show-toplevel [1ms]
2025-03-15 12:34:14.146 [info] > git rev-parse --show-toplevel [1ms]
2025-03-15 12:34:14.151 [info] > git rev-parse --show-toplevel [2ms]
2025-03-15 12:34:14.155 [info] > git rev-parse --show-toplevel [1ms]
2025-03-15 12:34:14.160 [info] > git rev-parse --show-toplevel [1ms]
2025-03-15 12:34:14.164 [info] > git rev-parse --show-toplevel [1ms]
2025-03-15 12:34:14.168 [info] > git rev-parse --show-toplevel [1ms]
2025-03-15 12:34:14.173 [info] > git rev-parse --show-toplevel [1ms]
2025-03-15 12:34:14.178 [info] > git rev-parse --show-toplevel [2ms]
2025-03-15 12:34:14.182 [info] > git rev-parse --show-toplevel [1ms]
2025-03-15 12:34:14.187 [info] > git rev-parse --show-toplevel [2ms]
2025-03-15 12:34:14.192 [info] > git rev-parse --show-toplevel [3ms]
2025-03-15 12:34:14.196 [info] > git rev-parse --show-toplevel [1ms]
2025-03-15 12:34:14.201 [info] > git rev-parse --show-toplevel [2ms]
2025-03-15 12:34:14.205 [info] > git rev-parse --show-toplevel [1ms]
2025-03-15 12:34:14.210 [info] > git rev-parse --show-toplevel [1ms]
2025-03-15 12:34:14.211 [info] [Model][doInitialScan] Initial repository scan completed - repositories (1), closed repositories (0), parent repositories (0), unsafe repositories (0)
2025-03-15 12:34:14.307 [info] > git status -z -uall [260ms]
2025-03-15 12:34:14.324 [info] > git for-each-ref --format=%(refname)%00%(upstream:short)%00%(objectname)%00%(upstream:track)%00%(upstream:remotename)%00%(upstream:remoteref) refs/heads/sgass/prod/no-ref/mpcut1-ctrl-eth-interconnect refs/remotes/sgass/prod/no-ref/mpcut1-ctrl-eth-interconnect [12ms]
2025-03-15 12:34:14.329 [info] > git config --local branch.sgass/prod/no-ref/mpcut1-ctrl-eth-interconnect.vscode-merge-base [1ms]
2025-03-15 12:34:14.333 [info] > git config --get commit.template [11ms]
2025-03-15 12:34:14.337 [info] > git for-each-ref --format=%(refname)%00%(upstream:short)%00%(objectname)%00%(upstream:track)%00%(upstream:remotename)%00%(upstream:remoteref) refs/heads/origin/develop refs/remotes/origin/develop [5ms]
2025-03-15 12:34:14.338 [info] > git for-each-ref --format=%(refname)%00%(upstream:short)%00%(objectname)%00%(upstream:track)%00%(upstream:remotename)%00%(upstream:remoteref) refs/heads/sgass/prod/no-ref/mpcut1-ctrl-eth-interconnect refs/remotes/sgass/prod/no-ref/mpcut1-ctrl-eth-interconnect [1ms]
2025-03-15 12:34:14.549 [info] > git check-ignore -v -z --stdin [7ms]
2025-03-15 12:34:14.571 [info] > git status -z -uall [229ms]
2025-03-15 12:34:14.578 [info] > git for-each-ref --format=%(refname)%00%(upstream:short)%00%(objectname)%00%(upstream:track)%00%(upstream:remotename)%00%(upstream:remoteref) refs/heads/sgass/prod/no-ref/mpcut1-ctrl-eth-interconnect refs/remotes/sgass/prod/no-ref/mpcut1-ctrl-eth-interconnect [2ms]
2025-03-15 12:34:14.582 [info] > git config --local branch.sgass/prod/no-ref/mpcut1-ctrl-eth-interconnect.vscode-merge-base [1ms]
2025-03-15 12:34:14.587 [info] > git for-each-ref --format=%(refname)%00%(upstream:short)%00%(objectname)%00%(upstream:track)%00%(upstream:remotename)%00%(upstream:remoteref) refs/heads/origin/develop refs/remotes/origin/develop [2ms]
2025-03-15 12:34:14.633 [info] > git show --textconv :hdl/rtl/ethernet/ethernet_point_to_multipoint_hub.sv [7ms]
2025-03-15 12:34:14.635 [info] > git ls-files --stage -- /home/sgass/Projects/kepler/hdl/rtl/ethernet/ethernet_point_to_multipoint_hub.sv [5ms]
2025-03-15 12:34:14.639 [info] > git cat-file -s 8ab90259c2a3e38d0df657937e03e89663ac2e57 [1ms]
2025-03-15 12:34:14.820 [info] > git rev-parse --show-toplevel [2ms]
2025-03-15 12:34:14.824 [info] > git rev-parse --git-dir --git-common-dir [1ms]
2025-03-15 12:34:14.826 [info] [Model][openRepository] Opened repository: /home/sgass/Projects/kepler/third_party/libhydrogen
2025-03-15 12:34:14.834 [info] > git config --get commit.template [4ms]
