2025-03-15 17:01:55.596 [info] Started local extension host with pid 1336182.
2025-03-15 17:01:58.276 [info] [perf] Render performance baseline is 23ms
2025-03-15 17:01:58.658 [error] [/home/sgass/.vscode/extensions/mechatroner.rainbow-csv-3.13.0]: Extension is not compatible with Code 1.93.1. Extension requires: ^1.95.0.
2025-03-15 17:01:58.661 [error] [/home/sgass/.vscode/extensions/mechatroner.rainbow-csv-3.14.0]: Extension is not compatible with Code 1.93.1. Extension requires: ^1.95.0.
2025-03-15 17:01:58.662 [error] [/home/sgass/.vscode/extensions/mechatroner.rainbow-csv-3.15.0]: Extension is not compatible with Code 1.93.1. Extension requires: ^1.95.0.
2025-03-15 17:01:58.662 [error] [/home/sgass/.vscode/extensions/mechatroner.rainbow-csv-3.15.1]: Extension is not compatible with Code 1.93.1. Extension requires: ^1.95.0.
2025-03-15 17:01:58.662 [error] [/home/sgass/.vscode/extensions/mechatroner.rainbow-csv-3.16.0]: Extension is not compatible with Code 1.93.1. Extension requires: ^1.95.0.
2025-03-15 17:01:58.662 [error] [/home/sgass/.vscode/extensions/mechatroner.rainbow-csv-3.17.0]: Extension is not compatible with Code 1.93.1. Extension requires: ^1.95.0.
2025-03-15 17:01:58.662 [error] [/home/sgass/.vscode/extensions/mechatroner.rainbow-csv-3.18.0]: Extension is not compatible with Code 1.93.1. Extension requires: ^1.95.0.
2025-03-15 17:01:58.670 [error] [/home/sgass/.vscode/extensions/ms-python.python-2024.16.0-linux-x64]: Extension is not compatible with Code 1.93.1. Extension requires: ^1.94.0-20240918.
2025-03-15 17:01:58.671 [error] [/home/sgass/.vscode/extensions/ms-python.python-2024.18.0-linux-x64]: Extension is not compatible with Code 1.93.1. Extension requires: ^1.94.0-20240918.
2025-03-15 17:01:58.672 [error] [/home/sgass/.vscode/extensions/ms-python.python-2024.18.1-linux-x64]: Extension is not compatible with Code 1.93.1. Extension requires: ^1.94.0-20240918.
2025-03-15 17:01:58.673 [error] [/home/sgass/.vscode/extensions/ms-python.python-2024.20.0-linux-x64]: Extension is not compatible with Code 1.93.1. Extension requires: ^1.94.0-20240918.
2025-03-15 17:01:58.673 [error] [/home/sgass/.vscode/extensions/ms-python.python-2024.22.0-linux-x64]: Extension is not compatible with Code 1.93.1. Extension requires: ^1.94.0-20240918.
2025-03-15 17:01:58.674 [error] [/home/sgass/.vscode/extensions/ms-python.python-2024.16.1-linux-x64]: Extension is not compatible with Code 1.93.1. Extension requires: ^1.94.0-20240918.
2025-03-15 17:01:58.675 [error] [/home/sgass/.vscode/extensions/ms-python.python-2024.22.1-linux-x64]: Extension is not compatible with Code 1.93.1. Extension requires: ^1.94.0-20240918.
2025-03-15 17:01:58.675 [error] [/home/sgass/.vscode/extensions/ms-python.python-2024.22.2-linux-x64]: Extension is not compatible with Code 1.93.1. Extension requires: ^1.94.0-20240918.
2025-03-15 17:01:58.676 [error] [/home/sgass/.vscode/extensions/ms-python.python-2025.0.0-linux-x64]: Extension is not compatible with Code 1.93.1. Extension requires: ^1.94.0-20240918.
2025-03-15 17:01:58.677 [error] [/home/sgass/.vscode/extensions/ms-python.python-2025.2.0-linux-x64]: Extension is not compatible with Code 1.93.1. Extension requires: ^1.94.0-20240918.
2025-03-15 17:01:59.387 [error] n is not iterable: TypeError: n is not iterable
	at K_.provideHover (/home/sgass/.vscode/extensions/mshr-h.veriloghdl-1.16.0/dist/main.js:588:7681)
	at async C.provideHover (/usr/share/code/resources/app/out/vs/workbench/api/node/extensionHostProcess.js:161:106493)
2025-03-15 17:02:26.624 [error] Cannot read the extension from /home/sgass/.vscode/extensions/ms-python.python-2025.2.0-linux-x64: ScanningExtension: Cannot read the extension from /home/sgass/.vscode/extensions/ms-python.python-2025.2.0-linux-x64
    at _.scanLocalExtension (/usr/share/code/resources/app/out/vs/code/node/sharedProcess/sharedProcessMain.js:105:127494)
2025-03-15 17:02:26.632 [error] Cannot read the extension from /home/sgass/.vscode/extensions/mechatroner.rainbow-csv-3.18.0: ScanningExtension: Cannot read the extension from /home/sgass/.vscode/extensions/mechatroner.rainbow-csv-3.18.0
    at _.scanLocalExtension (/usr/share/code/resources/app/out/vs/code/node/sharedProcess/sharedProcessMain.js:105:127494)
2025-03-15 17:02:34.615 [info] Started local extension host with pid 1336950.
2025-03-15 17:02:34.833 [error] [/home/sgass/.vscode/extensions/mechatroner.rainbow-csv-3.13.0]: Extension is not compatible with Code 1.93.1. Extension requires: ^1.95.0.
2025-03-15 17:02:34.833 [error] [/home/sgass/.vscode/extensions/mechatroner.rainbow-csv-3.14.0]: Extension is not compatible with Code 1.93.1. Extension requires: ^1.95.0.
2025-03-15 17:02:34.845 [error] [/home/sgass/.vscode/extensions/mechatroner.rainbow-csv-3.15.0]: Extension is not compatible with Code 1.93.1. Extension requires: ^1.95.0.
2025-03-15 17:02:34.845 [error] [/home/sgass/.vscode/extensions/mechatroner.rainbow-csv-3.16.0]: Extension is not compatible with Code 1.93.1. Extension requires: ^1.95.0.
2025-03-15 17:02:34.845 [error] [/home/sgass/.vscode/extensions/mechatroner.rainbow-csv-3.15.1]: Extension is not compatible with Code 1.93.1. Extension requires: ^1.95.0.
2025-03-15 17:02:34.845 [error] [/home/sgass/.vscode/extensions/mechatroner.rainbow-csv-3.17.0]: Extension is not compatible with Code 1.93.1. Extension requires: ^1.95.0.
2025-03-15 17:02:34.845 [error] [/home/sgass/.vscode/extensions/mechatroner.rainbow-csv-3.18.0]: Extension is not compatible with Code 1.93.1. Extension requires: ^1.95.0.
2025-03-15 17:02:34.870 [error] [/home/sgass/.vscode/extensions/ms-python.python-2024.16.1-linux-x64]: Extension is not compatible with Code 1.93.1. Extension requires: ^1.94.0-20240918.
2025-03-15 17:02:34.872 [error] [/home/sgass/.vscode/extensions/ms-python.python-2024.18.1-linux-x64]: Extension is not compatible with Code 1.93.1. Extension requires: ^1.94.0-20240918.
2025-03-15 17:02:34.873 [error] [/home/sgass/.vscode/extensions/ms-python.python-2024.18.0-linux-x64]: Extension is not compatible with Code 1.93.1. Extension requires: ^1.94.0-20240918.
2025-03-15 17:02:34.876 [error] [/home/sgass/.vscode/extensions/ms-python.python-2024.16.0-linux-x64]: Extension is not compatible with Code 1.93.1. Extension requires: ^1.94.0-20240918.
2025-03-15 17:02:34.878 [error] [/home/sgass/.vscode/extensions/ms-python.python-2024.22.2-linux-x64]: Extension is not compatible with Code 1.93.1. Extension requires: ^1.94.0-20240918.
2025-03-15 17:02:34.894 [error] [/home/sgass/.vscode/extensions/ms-python.python-2024.20.0-linux-x64]: Extension is not compatible with Code 1.93.1. Extension requires: ^1.94.0-20240918.
2025-03-15 17:02:34.894 [error] [/home/sgass/.vscode/extensions/ms-python.python-2024.22.0-linux-x64]: Extension is not compatible with Code 1.93.1. Extension requires: ^1.94.0-20240918.
2025-03-15 17:02:34.895 [error] [/home/sgass/.vscode/extensions/ms-python.python-2024.22.1-linux-x64]: Extension is not compatible with Code 1.93.1. Extension requires: ^1.94.0-20240918.
2025-03-15 17:02:34.898 [error] [/home/sgass/.vscode/extensions/ms-python.python-2025.0.0-linux-x64]: Extension is not compatible with Code 1.93.1. Extension requires: ^1.94.0-20240918.
2025-03-15 17:02:34.899 [error] [/home/sgass/.vscode/extensions/ms-python.python-2025.2.0-linux-x64]: Extension is not compatible with Code 1.93.1. Extension requires: ^1.94.0-20240918.
2025-03-15 17:02:37.608 [info] [perf] Render performance baseline is 16ms
2025-03-15 17:24:04.386 [info] Started local extension host with pid 1340536.
2025-03-15 17:24:07.223 [info] [perf] Render performance baseline is 15ms
2025-03-15 17:24:07.428 [error] [/home/sgass/.vscode/extensions/mechatroner.rainbow-csv-3.13.0]: Extension is not compatible with Code 1.93.1. Extension requires: ^1.95.0.
2025-03-15 17:24:07.428 [error] [/home/sgass/.vscode/extensions/mechatroner.rainbow-csv-3.14.0]: Extension is not compatible with Code 1.93.1. Extension requires: ^1.95.0.
2025-03-15 17:24:07.428 [error] [/home/sgass/.vscode/extensions/mechatroner.rainbow-csv-3.15.0]: Extension is not compatible with Code 1.93.1. Extension requires: ^1.95.0.
2025-03-15 17:24:07.428 [error] [/home/sgass/.vscode/extensions/mechatroner.rainbow-csv-3.15.1]: Extension is not compatible with Code 1.93.1. Extension requires: ^1.95.0.
2025-03-15 17:24:07.429 [error] [/home/sgass/.vscode/extensions/mechatroner.rainbow-csv-3.16.0]: Extension is not compatible with Code 1.93.1. Extension requires: ^1.95.0.
2025-03-15 17:24:07.429 [error] [/home/sgass/.vscode/extensions/mechatroner.rainbow-csv-3.17.0]: Extension is not compatible with Code 1.93.1. Extension requires: ^1.95.0.
2025-03-15 17:24:07.429 [error] [/home/sgass/.vscode/extensions/mechatroner.rainbow-csv-3.18.0]: Extension is not compatible with Code 1.93.1. Extension requires: ^1.95.0.
2025-03-15 17:24:07.433 [error] [/home/sgass/.vscode/extensions/ms-python.python-2024.16.0-linux-x64]: Extension is not compatible with Code 1.93.1. Extension requires: ^1.94.0-20240918.
2025-03-15 17:24:07.434 [error] [/home/sgass/.vscode/extensions/ms-python.python-2024.18.0-linux-x64]: Extension is not compatible with Code 1.93.1. Extension requires: ^1.94.0-20240918.
2025-03-15 17:24:07.434 [error] [/home/sgass/.vscode/extensions/ms-python.python-2024.18.1-linux-x64]: Extension is not compatible with Code 1.93.1. Extension requires: ^1.94.0-20240918.
2025-03-15 17:24:07.434 [error] [/home/sgass/.vscode/extensions/ms-python.python-2024.16.1-linux-x64]: Extension is not compatible with Code 1.93.1. Extension requires: ^1.94.0-20240918.
2025-03-15 17:24:07.435 [error] [/home/sgass/.vscode/extensions/ms-python.python-2024.20.0-linux-x64]: Extension is not compatible with Code 1.93.1. Extension requires: ^1.94.0-20240918.
2025-03-15 17:24:07.435 [error] [/home/sgass/.vscode/extensions/ms-python.python-2024.22.0-linux-x64]: Extension is not compatible with Code 1.93.1. Extension requires: ^1.94.0-20240918.
2025-03-15 17:24:07.436 [error] [/home/sgass/.vscode/extensions/ms-python.python-2024.22.1-linux-x64]: Extension is not compatible with Code 1.93.1. Extension requires: ^1.94.0-20240918.
2025-03-15 17:24:07.436 [error] [/home/sgass/.vscode/extensions/ms-python.python-2024.22.2-linux-x64]: Extension is not compatible with Code 1.93.1. Extension requires: ^1.94.0-20240918.
2025-03-15 17:24:07.437 [error] [/home/sgass/.vscode/extensions/ms-python.python-2025.0.0-linux-x64]: Extension is not compatible with Code 1.93.1. Extension requires: ^1.94.0-20240918.
2025-03-15 17:24:07.437 [error] [/home/sgass/.vscode/extensions/ms-python.python-2025.2.0-linux-x64]: Extension is not compatible with Code 1.93.1. Extension requires: ^1.94.0-20240918.
2025-03-15 19:29:51.066 [warning] [File Watcher (parcel)] started ignoring events due to too many file change events at once (incoming: 2050, most recent change: /home/sgass/Projects/Personal/ldd3/kernel/noble/tools/perf/pmu-events/pmu-events.h). Use 'files.watcherExclude' setting to exclude folders with lots of changing files (e.g. compilation output).
