2025-03-15 17:01:55.475 [info] Added views:workbench.panel.markers.view in workbench.panel.markers
2025-03-15 17:01:55.475 [info] Added views:workbench.panel.output in workbench.panel.output
2025-03-15 17:01:55.475 [info] Added views:terminal in terminal
2025-03-15 17:01:55.475 [info] Added views:outline in workbench.view.explorer
2025-03-15 17:01:55.475 [info] Added views:workbench.scm in workbench.view.scm
2025-03-15 17:01:55.475 [info] Added views:workbench.view.search in workbench.view.search
2025-03-15 17:01:55.475 [info] Added views:timeline in workbench.view.explorer
2025-03-15 17:01:55.475 [info] Added views:workbench.explorer.fileView in workbench.view.explorer
2025-03-15 17:01:55.615 [info] Added views:workbench.debug.welcome in workbench.view.debug
2025-03-15 17:01:56.161 [info] Added views:workbench.panel.repl.view in workbench.panel.repl
2025-03-15 17:01:56.671 [info] Added views:~remote.forwardedPorts in ~remote.forwardedPortsContainer
2025-03-15 17:01:57.133 [info] Added views:workbench.scm.history in workbench.view.scm
2025-03-15 17:02:33.822 [info] Removed views:workbench.scm.history from workbench.view.scm
2025-03-15 17:02:34.526 [info] Added views:workbench.panel.markers.view in workbench.panel.markers
2025-03-15 17:02:34.526 [info] Added views:workbench.panel.output in workbench.panel.output
2025-03-15 17:02:34.526 [info] Added views:terminal in terminal
2025-03-15 17:02:34.526 [info] Added views:outline in workbench.view.explorer
2025-03-15 17:02:34.526 [info] Added views:workbench.scm in workbench.view.scm
2025-03-15 17:02:34.526 [info] Added views:workbench.view.search in workbench.view.search
2025-03-15 17:02:34.526 [info] Added views:timeline in workbench.view.explorer
2025-03-15 17:02:34.526 [info] Added views:workbench.explorer.fileView in workbench.view.explorer
2025-03-15 17:02:34.680 [info] Added views:workbench.debug.welcome in workbench.view.debug
2025-03-15 17:02:35.324 [info] Added views:workbench.panel.repl.view in workbench.panel.repl
2025-03-15 17:02:36.070 [info] Added views:~remote.forwardedPorts in ~remote.forwardedPortsContainer
2025-03-15 17:02:36.311 [info] Added views:workbench.scm.history in workbench.view.scm
2025-03-15 17:24:03.829 [info] Removed views:workbench.scm.history from workbench.view.scm
2025-03-15 17:24:04.349 [info] Added views:workbench.panel.markers.view in workbench.panel.markers
2025-03-15 17:24:04.349 [info] Added views:workbench.panel.output in workbench.panel.output
2025-03-15 17:24:04.349 [info] Added views:terminal in terminal
2025-03-15 17:24:04.349 [info] Added views:outline in workbench.view.explorer
2025-03-15 17:24:04.349 [info] Added views:workbench.scm in workbench.view.scm
2025-03-15 17:24:04.349 [info] Added views:workbench.view.search in workbench.view.search
2025-03-15 17:24:04.349 [info] Added views:timeline in workbench.view.explorer
2025-03-15 17:24:04.349 [info] Added views:workbench.explorer.fileView in workbench.view.explorer
2025-03-15 17:24:04.636 [info] Added views:workbench.debug.variablesView,workbench.debug.watchExpressionsView,workbench.debug.callStackView,workbench.debug.breakPointsView in workbench.view.debug
2025-03-15 17:24:04.651 [info] Added views:workbench.panel.repl.view in workbench.panel.repl
2025-03-15 17:24:04.652 [info] Removed views:workbench.debug.breakPointsView,workbench.debug.callStackView,workbench.debug.watchExpressionsView,workbench.debug.variablesView from workbench.view.debug
2025-03-15 17:24:04.652 [info] Added views:workbench.debug.welcome in workbench.view.debug
2025-03-15 17:24:04.855 [info] Added views:~remote.forwardedPorts in ~remote.forwardedPortsContainer
2025-03-15 19:29:44.510 [info] Added views:workbench.scm.history in workbench.view.scm
2025-03-15 22:02:52.640 [info] Removed views:workbench.scm.history from workbench.view.scm
